Component: ARM Compiler 5.05 update 2 (build 169) Tool: armlink [4d0f33]

==============================================================================

Section Cross References

    main.o(i.OV7670_camera_refresh) refers to lcd.o(i.LCD_Scan_Dir) for LCD_Scan_Dir
    main.o(i.OV7670_camera_refresh) refers to lcd.o(i.LCD_Set_Window) for LCD_Set_Window
    main.o(i.OV7670_camera_refresh) refers to lcd.o(i.LCD_WriteRAM_Prepare) for LCD_WriteRAM_Prepare
    main.o(i.OV7670_camera_refresh) refers to exti.o(.data) for ov_sta
    main.o(i.OV7670_camera_refresh) refers to lcd.o(.bss) for lcddev
    main.o(i.OV7670_camera_refresh) refers to timer.o(.data) for ov_frame
    main.o(i.OV7725_camera_refresh) refers to lcd.o(i.LCD_Scan_Dir) for LCD_Scan_Dir
    main.o(i.OV7725_camera_refresh) refers to lcd.o(i.LCD_Set_Window) for LCD_Set_Window
    main.o(i.OV7725_camera_refresh) refers to lcd.o(i.LCD_WriteRAM_Prepare) for LCD_WriteRAM_Prepare
    main.o(i.OV7725_camera_refresh) refers to lcd.o(i.LCD_ShowNum) for LCD_ShowNum
    main.o(i.OV7725_camera_refresh) refers to exti.o(.data) for ov_sta
    main.o(i.OV7725_camera_refresh) refers to lcd.o(.bss) for lcddev
    main.o(i.OV7725_camera_refresh) refers to main.o(.bss) for .bss
    main.o(i.OV7725_camera_refresh) refers to main.o(.data) for .data
    main.o(i.OV7725_camera_refresh) refers to timer.o(.data) for ov_frame
    main.o(i.main) refers to _printf_percent.o(.ARM.Collect$$_printf_percent$$00000000) for _printf_percent
    main.o(i.main) refers to _printf_s.o(.ARM.Collect$$_printf_percent$$00000014) for _printf_s
    main.o(i.main) refers to _printf_str.o(.text) for _printf_str
    main.o(i.main) refers to _printf_d.o(.ARM.Collect$$_printf_percent$$00000009) for _printf_d
    main.o(i.main) refers to _printf_dec.o(.text) for _printf_int_dec
    main.o(i.main) refers to delay.o(i.delay_init) for delay_init
    main.o(i.main) refers to misc.o(i.NVIC_PriorityGroupConfig) for NVIC_PriorityGroupConfig
    main.o(i.main) refers to usart.o(i.uart_init) for uart_init
    main.o(i.main) refers to led.o(i.LED_Init) for LED_Init
    main.o(i.main) refers to key.o(i.KEY_Init) for KEY_Init
    main.o(i.main) refers to lcd.o(i.LCD_Init) for LCD_Init
    main.o(i.main) refers to tpad.o(i.TPAD_Init) for TPAD_Init
    main.o(i.main) refers to lcd.o(i.LCD_ShowString) for LCD_ShowString
    main.o(i.main) refers to ov7725.o(i.OV7725_Init) for OV7725_Init
    main.o(i.main) refers to ov7670.o(i.OV7670_Init) for OV7670_Init
    main.o(i.main) refers to delay.o(i.delay_ms) for delay_ms
    main.o(i.main) refers to lcd.o(i.LCD_Fill) for LCD_Fill
    main.o(i.main) refers to key.o(i.KEY_Scan) for KEY_Scan
    main.o(i.main) refers to ov7725.o(i.OV7725_Window_Set) for OV7725_Window_Set
    main.o(i.main) refers to ov7725.o(i.OV7725_Light_Mode) for OV7725_Light_Mode
    main.o(i.main) refers to ov7725.o(i.OV7725_Color_Saturation) for OV7725_Color_Saturation
    main.o(i.main) refers to ov7725.o(i.OV7725_Brightness) for OV7725_Brightness
    main.o(i.main) refers to ov7725.o(i.OV7725_Contrast) for OV7725_Contrast
    main.o(i.main) refers to ov7725.o(i.OV7725_Special_Effects) for OV7725_Special_Effects
    main.o(i.main) refers to ov7670.o(i.OV7670_Light_Mode) for OV7670_Light_Mode
    main.o(i.main) refers to ov7670.o(i.OV7670_Color_Saturation) for OV7670_Color_Saturation
    main.o(i.main) refers to ov7670.o(i.OV7670_Brightness) for OV7670_Brightness
    main.o(i.main) refers to ov7670.o(i.OV7670_Contrast) for OV7670_Contrast
    main.o(i.main) refers to ov7670.o(i.OV7670_Special_Effects) for OV7670_Special_Effects
    main.o(i.main) refers to ov7670.o(i.OV7670_Window_Set) for OV7670_Window_Set
    main.o(i.main) refers to timer.o(i.TIM6_Int_Init) for TIM6_Int_Init
    main.o(i.main) refers to exti.o(i.EXTI8_Init) for EXTI8_Init
    main.o(i.main) refers to lcd.o(i.LCD_Clear) for LCD_Clear
    main.o(i.main) refers to noretval__2sprintf.o(.text) for __2sprintf
    main.o(i.main) refers to tpad.o(i.TPAD_Scan) for TPAD_Scan
    main.o(i.main) refers to main.o(i.OV7725_camera_refresh) for OV7725_camera_refresh
    main.o(i.main) refers to main.o(i.OV7670_camera_refresh) for OV7670_camera_refresh
    main.o(i.main) refers to usmart_config.o(.data) for usmart_dev
    main.o(i.main) refers to lcd.o(.data) for POINT_COLOR
    main.o(i.main) refers to main.o(.data) for .data
    main.o(i.main) refers to lcd.o(.bss) for lcddev
    main.o(.data) refers to main.o(.conststring) for .conststring
    system_stm32f10x.o(i.SystemCoreClockUpdate) refers to system_stm32f10x.o(.data) for .data
    system_stm32f10x.o(i.SystemInit) refers to system_stm32f10x.o(i.SetSysClockTo72) for SetSysClockTo72
    led.o(i.LED_Init) refers to stm32f10x_rcc.o(i.RCC_APB2PeriphClockCmd) for RCC_APB2PeriphClockCmd
    led.o(i.LED_Init) refers to stm32f10x_gpio.o(i.GPIO_Init) for GPIO_Init
    led.o(i.LED_Init) refers to stm32f10x_gpio.o(i.GPIO_SetBits) for GPIO_SetBits
[...]
    .ARM.Collect$$libshutdown$$00000003      0x0800020c   Section        0  libshutdown2.o(.ARM.Collect$$libshutdown$$00000003)
    .ARM.Collect$$libshutdown$$00000006      0x0800020c   Section        0  libshutdown2.o(.ARM.Collect$$libshutdown$$00000006)
    .ARM.Collect$$libshutdown$$00000009      0x0800020c   Section        0  libshutdown2.o(.ARM.Collect$$libshutdown$$00000009)
    .ARM.Collect$$libshutdown$$0000000B      0x0800020c   Section        0  libshutdown2.o(.ARM.Collect$$libshutdown$$0000000B)
    .ARM.Collect$$libshutdown$$0000000E      0x0800020c   Section        0  libshutdown2.o(.ARM.Collect$$libshutdown$$0000000E)
    .ARM.Collect$$libshutdown$$0000000F      0x0800020c   Section        2  libshutdown2.o(.ARM.Collect$$libshutdown$$0000000F)
    .ARM.Collect$$rtentry$$00000000          0x0800020e   Section        0  __rtentry.o(.ARM.Collect$$rtentry$$00000000)
    .ARM.Collect$$rtentry$$00000002          0x0800020e   Section        0  __rtentry2.o(.ARM.Collect$$rtentry$$00000002)
    .ARM.Collect$$rtentry$$00000004          0x0800020e   Section        6  __rtentry4.o(.ARM.Collect$$rtentry$$00000004)
    .ARM.Collect$$rtentry$$00000009          0x08000214   Section        0  __rtentry2.o(.ARM.Collect$$rtentry$$00000009)
    .ARM.Collect$$rtentry$$0000000A          0x08000214   Section        4  __rtentry2.o(.ARM.Collect$$rtentry$$0000000A)
    .ARM.Collect$$rtentry$$0000000C          0x08000218   Section        0  __rtentry2.o(.ARM.Collect$$rtentry$$0000000C)
    .ARM.Collect$$rtentry$$0000000D          0x08000218   Section        8  __rtentry2.o(.ARM.Collect$$rtentry$$0000000D)
    .ARM.Collect$$rtexit$$00000000           0x08000220   Section        2  rtexit.o(.ARM.Collect$$rtexit$$00000000)
    .ARM.Collect$$rtexit$$00000002           0x08000222   Section        0  rtexit2.o(.ARM.Collect$$rtexit$$00000002)
    .ARM.Collect$$rtexit$$00000003           0x08000222   Section        4  rtexit2.o(.ARM.Collect$$rtexit$$00000003)
    .ARM.Collect$$rtexit$$00000004           0x08000226   Section        6  rtexit2.o(.ARM.Collect$$rtexit$$00000004)
    .text                                    0x0800022c   Section       60  startup_stm32f10x_hd.o(.text)
    .text                                    0x08000268   Section        2  use_no_semi_2.o(.text)
    .text                                    0x0800026c   Section        0  noretval__2printf.o(.text)
    .text                                    0x08000284   Section        0  noretval__2sprintf.o(.text)
    .text                                    0x080002ac   Section        0  _printf_pad.o(.text)
    .text                                    0x080002fa   Section        0  _printf_str.o(.text)
    .text                                    0x0800034c   Section        0  _printf_dec.o(.text)
    .text                                    0x080003c4   Section        0  _printf_hex_int.o(.text)
    .text                                    0x0800041c   Section        0  __printf_flags_ss_wp.o(.text)
    .text                                    0x080005a4   Section        0  heapauxi.o(.text)
    .text                                    0x080005aa   Section        2  use_no_semi.o(.text)
    .text                                    0x080005ac   Section        0  _printf_intcommon.o(.text)
    .text                                    0x08000660   Section        0  _printf_char_common.o(.text)
    _printf_input_char                       0x08000661   Thumb Code    10  _printf_char_common.o(.text)
    .text                                    0x08000690   Section        0  _sputc.o(.text)
    .text                                    0x0800069a   Section        0  _printf_char.o(.text)
    .text                                    0x080006c8   Section        0  _printf_char_file.o(.text)
    .text                                    0x080006ec   Section        0  ferror.o(.text)
    .text                                    0x080006f4   Section       74  sys_stackheap_outer.o(.text)
    .text                                    0x0800073e   Section        0  exit.o(.text)
    .text                                    0x0800074c   Section        8  libspace.o(.text)
    i.BusFault_Handler                       0x08000754   Section        0  stm32f10x_it.o(i.BusFault_Handler)
    i.DebugMon_Handler                       0x08000756   Section        0  stm32f10x_it.o(i.DebugMon_Handler)
    i.EXTI0_IRQHandler                       0x08000758   Section        0  exti.o(i.EXTI0_IRQHandler)
    i.EXTI2_IRQHandler                       0x08000790   Section        0  exti.o(i.EXTI2_IRQHandler)
    i.EXTI3_IRQHandler                       0x080007c8   Section        0  exti.o(i.EXTI3_IRQHandler)
    i.EXTI4_IRQHandler                       0x08000800   Section        0  exti.o(i.EXTI4_IRQHandler)
    i.EXTI8_Init                             0x08000838   Section        0  exti.o(i.EXTI8_Init)
    i.EXTI9_5_IRQHandler                     0x0800087c   Section        0  exti.o(i.EXTI9_5_IRQHandler)
    i.EXTI_ClearITPendingBit                 0x080008c4   Section        0  stm32f10x_exti.o(i.EXTI_ClearITPendingBit)
    i.EXTI_GetITStatus                       0x080008d0   Section        0  stm32f10x_exti.o(i.EXTI_GetITStatus)
    i.EXTI_Init                              0x080008f0   Section        0  stm32f10x_exti.o(i.EXTI_Init)
    i.FSMC_NORSRAMCmd                        0x08000960   Section        0  stm32f10x_fsmc.o(i.FSMC_NORSRAMCmd)
    i.FSMC_NORSRAMInit                       0x08000980   Section        0  stm32f10x_fsmc.o(i.FSMC_NORSRAMInit)
    i.GPIO_EXTILineConfig                    0x08000a48   Section        0  stm32f10x_gpio.o(i.GPIO_EXTILineConfig)
    i.GPIO_Init                              0x08000a70   Section        0  stm32f10x_gpio.o(i.GPIO_Init)
    i.GPIO_PinRemapConfig                    0x08000b0c   Section        0  stm32f10x_gpio.o(i.GPIO_PinRemapConfig)
    i.GPIO_ReadInputDataBit                  0x08000b64   Section        0  stm32f10x_gpio.o(i.GPIO_ReadInputDataBit)
    i.GPIO_ResetBits                         0x08000b72   Section        0  stm32f10x_gpio.o(i.GPIO_ResetBits)
    i.GPIO_SetBits                           0x08000b76   Section        0  stm32f10x_gpio.o(i.GPIO_SetBits)
    i.HardFault_Handler                      0x08000b7a   Section        0  stm32f10x_it.o(i.HardFault_Handler)
    i.KEY_Init                               0x08000b7c   Section        0  key.o(i.KEY_Init)
    i.KEY_Scan                               0x08000bb8   Section        0  key.o(i.KEY_Scan)
    i.LCD_Clear                              0x08000c84   Section        0  lcd.o(i.LCD_Clear)
    i.LCD_Display_Dir                        0x08000cf0   Section        0  lcd.o(i.LCD_Display_Dir)
    i.LCD_Fast_DrawPoint                     0x08000e24   Section        0  lcd.o(i.LCD_Fast_DrawPoint)
    i.LCD_Fill                               0x08000f40   Section        0  lcd.o(i.LCD_Fill)
    i.LCD_Init                               0x08000fcc   Section        0  lcd.o(i.LCD_Init)
    i.LCD_Pow                                0x08003de4   Section        0  lcd.o(i.LCD_Pow)
    i.LCD_RD_DATA                            0x08003df4   Section        0  lcd.o(i.LCD_RD_DATA)
    i.LCD_ReadReg                            0x08003e08   Section        0  lcd.o(i.LCD_ReadReg)
    i.LCD_SSD_BackLightSet                   0x08003e20   Section        0  lcd.o(i.LCD_SSD_BackLightSet)
    i.LCD_Scan_Dir                           0x08003e5c   Section        0  lcd.o(i.LCD_Scan_Dir)
    i.LCD_SetCursor                          0x08004004   Section        0  lcd.o(i.LCD_SetCursor)
    i.LCD_Set_Window                         0x0800414c   Section        0  lcd.o(i.LCD_Set_Window)
    i.LCD_ShowChar                           0x080042c8   Section        0  lcd.o(i.LCD_ShowChar)
    i.LCD_ShowNum                            0x08004394   Section        0  lcd.o(i.LCD_ShowNum)
    i.LCD_ShowString                         0x0800440a   Section        0  lcd.o(i.LCD_ShowString)
    i.LCD_WriteRAM_Prepare                   0x08004460   Section        0  lcd.o(i.LCD_WriteRAM_Prepare)
    i.LCD_WriteReg                           0x08004474   Section        0  lcd.o(i.LCD_WriteReg)
    i.LED_Init                               0x08004484   Section        0  led.o(i.LED_Init)
    i.MemManage_Handler                      0x080044d4   Section        0  stm32f10x_it.o(i.MemManage_Handler)
    i.NMI_Handler                            0x080044d6   Section        0  stm32f10x_it.o(i.NMI_Handler)
    i.NVIC_Init                              0x080044d8   Section        0  misc.o(i.NVIC_Init)
    i.NVIC_PriorityGroupConfig               0x0800453c   Section        0  misc.o(i.NVIC_PriorityGroupConfig)
    i.OV7670_Brightness                      0x08004550   Section        0  ov7670.o(i.OV7670_Brightness)
    i.OV7670_Color_Saturation                0x08004576   Section        0  ov7670.o(i.OV7670_Color_Saturation)
    i.OV7670_Contrast                        0x080045e8   Section        0  ov7670.o(i.OV7670_Contrast)
    i.OV7670_Init                            0x08004610   Section        0  ov7670.o(i.OV7670_Init)
    i.OV7670_Light_Mode                      0x08004720   Section        0  ov7670.o(i.OV7670_Light_Mode)
    i.OV7670_Special_Effects                 0x0800479e   Section        0  ov7670.o(i.OV7670_Special_Effects)
    i.OV7670_Window_Set                      0x0800481e   Section        0  ov7670.o(i.OV7670_Window_Set)
    i.OV7670_camera_refresh                  0x0800488c   Section        0  main.o(i.OV7670_camera_refresh)
    i.OV7725_Brightness                      0x0800498c   Section        0  ov7725.o(i.OV7725_Brightness)
    i.OV7725_Color_Saturation                0x080049da   Section        0  ov7725.o(i.OV7725_Color_Saturation)
    i.OV7725_Contrast                        0x080049fc   Section        0  ov7725.o(i.OV7725_Contrast)
    i.OV7725_Init                            0x08004a14   Section        0  ov7725.o(i.OV7725_Init)
    i.OV7725_Light_Mode                      0x08004b70   Section        0  ov7725.o(i.OV7725_Light_Mode)
    i.OV7725_Special_Effects                 0x08004c08   Section        0  ov7725.o(i.OV7725_Special_Effects)
    i.OV7725_Window_Set                      0x08004c92   Section        0  ov7725.o(i.OV7725_Window_Set)
    i.OV7725_camera_refresh                  0x08004dd8   Section        0  main.o(i.OV7725_camera_refresh)
    i.PendSV_Handler                         0x08004fb8   Section        0  stm32f10x_it.o(i.PendSV_Handler)
    i.RCC_AHBPeriphClockCmd                  0x08004fbc   Section        0  stm32f10x_rcc.o(i.RCC_AHBPeriphClockCmd)
    i.RCC_APB1PeriphClockCmd                 0x08004fd4   Section        0  stm32f10x_rcc.o(i.RCC_APB1PeriphClockCmd)
    i.RCC_APB2PeriphClockCmd                 0x08004fec   Section        0  stm32f10x_rcc.o(i.RCC_APB2PeriphClockCmd)
    i.RCC_GetClocksFreq                      0x08005004   Section        0  stm32f10x_rcc.o(i.RCC_GetClocksFreq)
    i.SCCB_Init                              0x08005098   Section        0  sccb.o(i.SCCB_Init)
    i.SCCB_No_Ack                            0x08005104   Section        0  sccb.o(i.SCCB_No_Ack)
    i.SCCB_RD_Byte                           0x08005148   Section        0  sccb.o(i.SCCB_RD_Byte)
    i.SCCB_RD_Reg                            0x080051bc   Section        0  sccb.o(i.SCCB_RD_Reg)
    i.SCCB_Start                             0x08005208   Section        0  sccb.o(i.SCCB_Start)
    i.SCCB_Stop                              0x0800523c   Section        0  sccb.o(i.SCCB_Stop)
    i.SCCB_WR_Byte                           0x08005274   Section        0  sccb.o(i.SCCB_WR_Byte)
    i.SCCB_WR_Reg                            0x08005304   Section        0  sccb.o(i.SCCB_WR_Reg)
    i.SVC_Handler                            0x08005342   Section        0  stm32f10x_it.o(i.SVC_Handler)
    i.SetSysClockTo72                        0x08005344   Section        0  system_stm32f10x.o(i.SetSysClockTo72)
    SetSysClockTo72                          0x08005345   Thumb Code   160  system_stm32f10x.o(i.SetSysClockTo72)
    i.SysTick_CLKSourceConfig                0x080053ec   Section        0  misc.o(i.SysTick_CLKSourceConfig)
    i.SysTick_Handler                        0x08005404   Section        0  stm32f10x_it.o(i.SysTick_Handler)
    i.SystemInit                             0x08005408   Section        0  system_stm32f10x.o(i.SystemInit)
    i.TI1_Config                             0x08005458   Section        0  stm32f10x_tim.o(i.TI1_Config)
    TI1_Config                               0x08005459   Thumb Code    88  stm32f10x_tim.o(i.TI1_Config)
    i.TI2_Config                             0x080054c4   Section        0  stm32f10x_tim.o(i.TI2_Config)
    TI2_Config                               0x080054c5   Thumb Code   102  stm32f10x_tim.o(i.TI2_Config)
    i.TIM3_IRQHandler                        0x08005540   Section        0  timer.o(i.TIM3_IRQHandler)
    i.TIM4_IRQHandler                        0x08005574   Section        0  usmart.o(i.TIM4_IRQHandler)
    i.TIM5_CH2_Cap_Init                      0x080055b0   Section        0  tpad.o(i.TIM5_CH2_Cap_Init)
    i.TIM5_IRQHandler                        0x08005630   Section        0  timer.o(i.TIM5_IRQHandler)
    i.TIM6_IRQHandler                        0x080056b8   Section        0  timer.o(i.TIM6_IRQHandler)
    i.TIM6_Int_Init                          0x080056f8   Section        0  timer.o(i.TIM6_Int_Init)
    i.TIM_ClearFlag                          0x08005758   Section        0  stm32f10x_tim.o(i.TIM_ClearFlag)
    i.TIM_ClearITPendingBit                  0x0800575e   Section        0  stm32f10x_tim.o(i.TIM_ClearITPendingBit)
    i.TIM_Cmd                                0x08005764   Section        0  stm32f10x_tim.o(i.TIM_Cmd)
    i.TIM_GetCapture1                        0x08005778   Section        0  stm32f10x_tim.o(i.TIM_GetCapture1)
    i.TIM_GetCapture2                        0x0800577c   Section        0  stm32f10x_tim.o(i.TIM_GetCapture2)
    i.TIM_GetCounter                         0x08005780   Section        0  stm32f10x_tim.o(i.TIM_GetCounter)
    i.TIM_GetFlagStatus                      0x08005784   Section        0  stm32f10x_tim.o(i.TIM_GetFlagStatus)
    i.TIM_GetITStatus                        0x08005792   Section        0  stm32f10x_tim.o(i.TIM_GetITStatus)
    i.TIM_ICInit                             0x080057ac   Section        0  stm32f10x_tim.o(i.TIM_ICInit)
    i.TIM_ITConfig                           0x080058d8   Section        0  stm32f10x_tim.o(i.TIM_ITConfig)
    i.TIM_OC1PolarityConfig                  0x080058e8   Section        0  stm32f10x_tim.o(i.TIM_OC1PolarityConfig)
    i.TIM_SetAutoreload                      0x080058f4   Section        0  stm32f10x_tim.o(i.TIM_SetAutoreload)
    i.TIM_SetCounter                         0x080058f8   Section        0  stm32f10x_tim.o(i.TIM_SetCounter)
    i.TIM_SetIC1Prescaler                    0x080058fc   Section        0  stm32f10x_tim.o(i.TIM_SetIC1Prescaler)
    i.TIM_SetIC2Prescaler                    0x0800590c   Section        0  stm32f10x_tim.o(i.TIM_SetIC2Prescaler)
    i.TIM_SetIC3Prescaler                    0x08005924   Section        0  stm32f10x_tim.o(i.TIM_SetIC3Prescaler)
    i.TIM_SetIC4Prescaler                    0x08005934   Section        0  stm32f10x_tim.o(i.TIM_SetIC4Prescaler)
    i.TIM_TimeBaseInit                       0x0800594c   Section        0  stm32f10x_tim.o(i.TIM_TimeBaseInit)
    i.TPAD_Get_MaxVal                        0x080059e8   Section        0  tpad.o(i.TPAD_Get_MaxVal)
    i.TPAD_Get_Val                           0x08005a04   Section        0  tpad.o(i.TPAD_Get_Val)
    i.TPAD_Init                              0x08005a40   Section        0  tpad.o(i.TPAD_Init)
    i.TPAD_Reset                             0x08005ae8   Section        0  tpad.o(i.TPAD_Reset)
    i.TPAD_Scan                              0x08005b48   Section        0  tpad.o(i.TPAD_Scan)
    i.Timer4_Init                            0x08005b88   Section        0  usmart.o(i.Timer4_Init)
    i.USART1_IRQHandler                      0x08005be8   Section        0  usart.o(i.USART1_IRQHandler)
    i.USART_Cmd                              0x08005c4c   Section        0  stm32f10x_usart.o(i.USART_Cmd)
    i.USART_GetITStatus                      0x08005c60   Section        0  stm32f10x_usart.o(i.USART_GetITStatus)
    i.USART_ITConfig                         0x08005c9e   Section        0  stm32f10x_usart.o(i.USART_ITConfig)
    i.USART_Init                             0x08005cd0   Section        0  stm32f10x_usart.o(i.USART_Init)
    i.USART_ReceiveData                      0x08005d7c   Section        0  stm32f10x_usart.o(i.USART_ReceiveData)
    i.UsageFault_Handler                     0x08005d84   Section        0  stm32f10x_it.o(i.UsageFault_Handler)
    i._is_digit                              0x08005d86   Section        0  __printf_wp.o(i._is_digit)
    i._sys_exit                              0x08005d94   Section        0  usart.o(i._sys_exit)
    i.delay_init                             0x08005d98   Section        0  delay.o(i.delay_init)
    i.delay_ms                               0x08005dd4   Section        0  delay.o(i.delay_ms)
    i.delay_us                               0x08005e08   Section        0  delay.o(i.delay_us)
    i.fputc                                  0x08005e3c   Section        0  usart.o(i.fputc)
    i.main                                   0x08005e54   Section        0  main.o(i.main)
    i.read_addr                              0x080063dc   Section        0  usmart.o(i.read_addr)
    i.uart_init                              0x080063e0   Section        0  usart.o(i.uart_init)
    i.usmart_cmd_rec                         0x08006480   Section        0  usmart.o(i.usmart_cmd_rec)
    i.usmart_exe                             0x08006514   Section        0  usmart.o(i.usmart_exe)
    i.usmart_get_aparm                       0x08006774   Section        0  usmart_str.o(i.usmart_get_aparm)
    i.usmart_get_cmdname                     0x08006810   Section        0  usmart_str.o(i.usmart_get_cmdname)
    i.usmart_get_fname                       0x08006840   Section        0  usmart_str.o(i.usmart_get_fname)
    i.usmart_get_fparam                      0x080069a8   Section        0  usmart_str.o(i.usmart_get_fparam)
    i.usmart_get_parmpos                     0x08006a78   Section        0  usmart_str.o(i.usmart_get_parmpos)
    i.usmart_get_runtime                     0x08006a9c   Section        0  usmart.o(i.usmart_get_runtime)
    i.usmart_init                            0x08006ad4   Section        0  usmart.o(i.usmart_init)
    i.usmart_pow                             0x08006afc   Section        0  usmart_str.o(i.usmart_pow)
    i.usmart_reset_runtime                   0x08006b0c   Section        0  usmart.o(i.usmart_reset_runtime)
    i.usmart_scan                            0x08006b3c   Section        0  usmart.o(i.usmart_scan)
    i.usmart_search_nextc                    0x08006be0   Section        0  usmart_str.o(i.usmart_search_nextc)
    i.usmart_str2num                         0x08006bf0   Section        0  usmart_str.o(i.usmart_str2num)
    i.usmart_strcmp                          0x08006c90   Section        0  usmart_str.o(i.usmart_strcmp)
    i.usmart_strcopy                         0x08006ca8   Section        0  usmart_str.o(i.usmart_strcopy)
    i.usmart_strlen                          0x08006cba   Section        0  usmart_str.o(i.usmart_strlen)
    i.usmart_sys_cmd_exe                     0x08006ccc   Section        0  usmart.o(i.usmart_sys_cmd_exe)
    i.write_addr                             0x0800733c   Section        0  usmart.o(i.write_addr)
    x$fpl$dfixu                              0x08007340   Section       90  dfixu.o(x$fpl$dfixu)
    x$fpl$dfltu                              0x0800739a   Section       38  dflt_clz.o(x$fpl$dfltu)
    x$fpl$dmul                               0x080073c0   Section      340  dmul.o(x$fpl$dmul)
    x$fpl$dnaninf                            0x08007514   Section      156  dnaninf.o(x$fpl$dnaninf)
    x$fpl$dretinf                            0x080075b0   Section       12  dretinf.o(x$fpl$dretinf)
    .constdata                               0x080075bc   Section     6080  lcd.o(.constdata)
    x$fpl$usenofp                            0x080075bc   Section        0  usenofp.o(x$fpl$usenofp)
    .constdata                               0x08008d7c   Section      336  ov7670.o(.constdata)
    .constdata                               0x08008ecc   Section      130  ov7725.o(.constdata)
    .constdata                               0x08008f4e   Section       40  _printf_hex_int.o(.constdata)
    uc_hextab                                0x08008f4e   Data          20  _printf_hex_int.o(.constdata)
    lc_hextab                                0x08008f62   Data          20  _printf_hex_int.o(.constdata)
    .constdata                               0x08008f76   Section       17  __printf_flags_ss_wp.o(.constdata)
    maptable                                 0x08008f76   Data          17  __printf_flags_ss_wp.o(.constdata)
    .conststring                             0x08008f88   Section      106  main.o(.conststring)
    .conststring                             0x08008ff4   Section       40  usmart.o(.conststring)
    .conststring                             0x0800901c   Section      279  usmart_config.o(.conststring)
    .data                                    0x20000000   Section       84  main.o(.data)
    .data                                    0x20000054   Section       20  system_stm32f10x.o(.data)
    .data                                    0x20000068   Section        1  key.o(.data)
    key_up                                   0x20000068   Data           1  key.o(.data)
    .data                                    0x2000006a   Section        4  lcd.o(.data)
    .data                                    0x2000006e   Section        4  tpad.o(.data)
    keyen                                    0x2000006e   Data           1  tpad.o(.data)
    .data                                    0x20000072   Section        1  exti.o(.data)
    .data                                    0x20000074   Section        4  timer.o(.data)
    .data                                    0x20000078   Section        4  delay.o(.data)
    fac_us                                   0x20000078   Data           1  delay.o(.data)
    fac_ms                                   0x2000007a   Data           2  delay.o(.data)
    .data                                    0x2000007c   Section        2  usart.o(.data)
    .data                                    0x20000080   Section        4  usart.o(.data)
    .data                                    0x20000084   Section       20  stm32f10x_rcc.o(.data)
    ADCPrescTable                            0x20000084   Data           4  stm32f10x_rcc.o(.data)
    APBAHBPrescTable                         0x20000088   Data          16  stm32f10x_rcc.o(.data)
    .data                                    0x20000098   Section       28  usmart.o(.data)
    .data                                    0x200000b4   Section       64  usmart_config.o(.data)
    .data                                    0x200000f4   Section      244  usmart_config.o(.data)
    .bss                                     0x200001e8   Section     9306  main.o(.bss)
    .bss                                     0x20002642   Section       14  lcd.o(.bss)
    .bss                                     0x20002650   Section      200  usart.o(.bss)
    .bss                                     0x20002718   Section       96  libspace.o(.bss)
    HEAP                                     0x20002778   Section        0  startup_stm32f10x_hd.o(HEAP)
    STACK                                    0x20002778   Section     1024  startup_stm32f10x_hd.o(STACK)
    Heap_Mem                                 0x20002778   Data           0  startup_stm32f10x_hd.o(HEAP)
    Stack_Mem                                0x20002778   Data        1024  startup_stm32f10x_hd.o(STACK)
    __initial_sp                             0x20002b78   Data           0  startup_stm32f10x_hd.o(STACK)

    Global Symbols

    Symbol Name                              Value     Ov Type        Size  Object(Section)

    BuildAttributes$$THM_ISAv4$P$D$K$B$S$PE$A:L22UL41UL21$X:L11$S22US41US21$IEEE1$IW$USESV6$~STKCKD$USESV7$~SHL$OSPACE$ROPI$EBA8$UX$STANDARDLIB$REQ8$PRES8$EABIv2 0x00000000   Number         0  anon$$obj.o ABSOLUTE
    __ARM_use_no_argv                        0x00000000   Number         0  main.o ABSOLUTE
    _printf_flags                            0x00000000   Number         0  printf_stubs.o ABSOLUTE
    _printf_return_value                     0x00000000   Number         0  printf_stubs.o ABSOLUTE
    _printf_sizespec                         0x00000000   Number         0  printf_stubs.o ABSOLUTE
    _printf_widthprec                        0x00000000   Number         0  printf_stubs.o ABSOLUTE
    __ARM_exceptions_init                     - Undefined Weak Reference
    __alloca_initialize                       - Undefined Weak Reference
    __arm_preinit_                            - Undefined Weak Reference
    __cpp_initialize__aeabi_                  - Undefined Weak Reference
    __cxa_finalize                            - Undefined Weak Reference
    __rt_locale                               - Undefined Weak Reference
    __sigvec_lookup                           - Undefined Weak Reference
    _atexit_init                              - Undefined Weak Reference
    _call_atexit_fns                          - Undefined Weak Reference
    _clock_init                               - Undefined Weak Reference
    _fp_trap_init                             - Undefined Weak Reference
    _fp_trap_shutdown                         - Undefined Weak Reference
    _get_lc_collate                           - Undefined Weak Reference
    _get_lc_ctype                             - Undefined Weak Reference
    _get_lc_monetary                          - Undefined Weak Reference
    _get_lc_numeric                           - Undefined Weak Reference
    _get_lc_time                              - Undefined Weak Reference
    _getenv_init                              - Undefined Weak Reference
    _handle_redirection                       - Undefined Weak Reference
    _init_alloc                               - Undefined Weak Reference
    _init_user_alloc                          - Undefined Weak Reference
    _initio                                   - Undefined Weak Reference
    _mutex_acquire                            - Undefined Weak Reference
    _mutex_release                            - Undefined Weak Reference
    _printf_mbtowc                            - Undefined Weak Reference
    _printf_truncate_signed                   - Undefined Weak Reference
    _printf_truncate_unsigned                 - Undefined Weak Reference
    _rand_init                                - Undefined Weak Reference
    _signal_finish                            - Undefined Weak Reference
    _signal_init                              - Undefined Weak Reference
    _terminate_alloc                          - Undefined Weak Reference
    _terminate_user_alloc                     - Undefined Weak Reference
    _terminateio                              - Undefined Weak Reference
    __Vectors_Size                           0x00000130   Number         0  startup_stm32f10x_hd.o ABSOLUTE
    __Vectors                                0x08000000   Data           4  startup_stm32f10x_hd.o(RESET)
    __Vectors_End                            0x08000130   Data           0  startup_stm32f10x_hd.o(RESET)
    __main                                   0x08000131   Thumb Code     8  __main.o(!!!main)
    __scatterload                            0x08000139   Thumb Code     0  __scatter.o(!!!scatter)
    __scatterload_rt2                        0x08000139   Thumb Code    44  __scatter.o(!!!scatter)
    __scatterload_rt2_thumb_only             0x08000139   Thumb Code     0  __scatter.o(!!!scatter)
    __scatterload_null                       0x08000147   Thumb Code     0  __scatter.o(!!!scatter)
    __decompress                             0x0800016d   Thumb Code    90  __dczerorl2.o(!!dczerorl2)
    __decompress1                            0x0800016d   Thumb Code     0  __dczerorl2.o(!!dczerorl2)
    __scatterload_zeroinit                   0x080001c9   Thumb Code    28  __scatter_zi.o(!!handler_zi)
    _printf_d                                0x080001e5   Thumb Code     0  _printf_d.o(.ARM.Collect$$_printf_percent$$00000009)
    _printf_percent                          0x080001e5   Thumb Code     0  _printf_percent.o(.ARM.Collect$$_printf_percent$$00000000)
    _printf_u                                0x080001eb   Thumb Code     0  _printf_u.o(.ARM.Collect$$_printf_percent$$0000000A)
    _printf_x                                0x080001f1   Thumb Code     0  _printf_x.o(.ARM.Collect$$_printf_percent$$0000000C)
    _printf_c                                0x080001f7   Thumb Code     0  _printf_c.o(.ARM.Collect$$_printf_percent$$00000013)
    _printf_s                                0x080001fd   Thumb Code     0  _printf_s.o(.ARM.Collect$$_printf_percent$$00000014)
    _printf_percent_end                      0x08000203   Thumb Code     0  _printf_percent_end.o(.ARM.Collect$$_printf_percent$$00000017)
    __rt_lib_init                            0x08000207   Thumb Code     0  libinit.o(.ARM.Collect$$libinit$$00000000)
    __rt_lib_init_alloca_1                   0x08000209   Thumb Code     0  libinit2.o(.ARM.Collect$$libinit$$0000002E)
    __rt_lib_init_argv_1                     0x08000209   Thumb Code     0  libinit2.o(.ARM.Collect$$libinit$$0000002C)
    __rt_lib_init_atexit_1                   0x08000209   Thumb Code     0  libinit2.o(.ARM.Collect$$libinit$$0000001B)
    __rt_lib_init_clock_1                    0x08000209   Thumb Code     0  libinit2.o(.ARM.Collect$$libinit$$00000021)
    __rt_lib_init_cpp_1                      0x08000209   Thumb Code     0  libinit2.o(.ARM.Collect$$libinit$$00000032)
    __rt_lib_init_exceptions_1               0x08000209   Thumb Code     0  libinit2.o(.ARM.Collect$$libinit$$00000030)
    __rt_lib_init_fp_1                       0x08000209   Thumb Code     0  libinit2.o(.ARM.Collect$$libinit$$00000002)
    __rt_lib_init_fp_trap_1                  0x08000209   Thumb Code     0  libinit2.o(.ARM.Collect$$libinit$$0000001F)
    __rt_lib_init_getenv_1                   0x08000209   Thumb Code     0  libinit2.o(.ARM.Collect$$libinit$$00000023)
    __rt_lib_init_heap_1                     0x08000209   Thumb Code     0  libinit2.o(.ARM.Collect$$libinit$$0000000A)
    __rt_lib_init_lc_collate_1               0x08000209   Thumb Code     0  libinit2.o(.ARM.Collect$$libinit$$00000011)
    __rt_lib_init_lc_ctype_1                 0x08000209   Thumb Code     0  libinit2.o(.ARM.Collect$$libinit$$00000013)
    __rt_lib_init_lc_monetary_1              0x08000209   Thumb Code     0  libinit2.o(.ARM.Collect$$libinit$$00000015)
    __rt_lib_init_lc_numeric_1               0x08000209   Thumb Code     0  libinit2.o(.ARM.Collect$$libinit$$00000017)
    __rt_lib_init_lc_time_1                  0x08000209   Thumb Code     0  libinit2.o(.ARM.Collect$$libinit$$00000019)
    __rt_lib_init_preinit_1                  0x08000209   Thumb Code     0  libinit2.o(.ARM.Collect$$libinit$$00000004)
    __rt_lib_init_rand_1                     0x08000209   Thumb Code     0  libinit2.o(.ARM.Collect$$libinit$$0000000E)
    __rt_lib_init_return                     0x08000209   Thumb Code     0  libinit2.o(.ARM.Collect$$libinit$$00000033)
    __rt_lib_init_signal_1                   0x08000209   Thumb Code     0  libinit2.o(.ARM.Collect$$libinit$$0000001D)
    __rt_lib_init_stdio_1                    0x08000209   Thumb Code     0  libinit2.o(.ARM.Collect$$libinit$$00000025)
    __rt_lib_init_user_alloc_1               0x08000209   Thumb Code     0  libinit2.o(.ARM.Collect$$libinit$$0000000C)
    __rt_lib_shutdown                        0x0800020b   Thumb Code     0  libshutdown.o(.ARM.Collect$$libshutdown$$00000000)
    __rt_lib_shutdown_fp_trap_1              0x0800020d   Thumb Code     0  libshutdown2.o(.ARM.Collect$$libshutdown$$00000006)
    __rt_lib_shutdown_heap_1                 0x0800020d   Thumb Code     0  libshutdown2.o(.ARM.Collect$$libshutdown$$0000000E)
    __rt_lib_shutdown_return                 0x0800020d   Thumb Code     0  libshutdown2.o(.ARM.Collect$$libshutdown$$0000000F)
    __rt_lib_shutdown_signal_1               0x0800020d   Thumb Code     0  libshutdown2.o(.ARM.Collect$$libshutdown$$00000009)
    __rt_lib_shutdown_stdio_1                0x0800020d   Thumb Code     0  libshutdown2.o(.ARM.Collect$$libshutdown$$00000003)
    __rt_lib_shutdown_user_alloc_1           0x0800020d   Thumb Code     0  libshutdown2.o(.ARM.Collect$$libshutdown$$0000000B)
    __rt_entry                               0x0800020f   Thumb Code     0  __rtentry.o(.ARM.Collect$$rtentry$$00000000)
    __rt_entry_presh_1                       0x0800020f   Thumb Code     0  __rtentry2.o(.ARM.Collect$$rtentry$$00000002)
    __rt_entry_sh                            0x0800020f   Thumb Code     0  __rtentry4.o(.ARM.Collect$$rtentry$$00000004)
    __rt_entry_li                            0x08000215   Thumb Code     0  __rtentry2.o(.ARM.Collect$$rtentry$$0000000A)
    __rt_entry_postsh_1                      0x08000215   Thumb Code     0  __rtentry2.o(.ARM.Collect$$rtentry$$00000009)
    __rt_entry_main                          0x08000219   Thumb Code     0  __rtentry2.o(.ARM.Collect$$rtentry$$0000000D)
    __rt_entry_postli_1                      0x08000219   Thumb Code     0  __rtentry2.o(.ARM.Collect$$rtentry$$0000000C)
    __rt_exit                                0x08000221   Thumb Code     0  rtexit.o(.ARM.Collect$$rtexit$$00000000)
    __rt_exit_ls                             0x08000223   Thumb Code     0  rtexit2.o(.ARM.Collect$$rtexit$$00000003)
    __rt_exit_prels_1                        0x08000223   Thumb Code     0  rtexit2.o(.ARM.Collect$$rtexit$$00000002)
    __rt_exit_exit                           0x08000227   Thumb Code     0  rtexit2.o(.ARM.Collect$$rtexit$$00000004)
    Reset_Handler                            0x0800022d   Thumb Code     8  startup_stm32f10x_hd.o(.text)
    ADC1_2_IRQHandler                        0x08000247   Thumb Code     0  startup_stm32f10x_hd.o(.text)
    ADC3_IRQHandler                          0x08000247   Thumb Code     0  startup_stm32f10x_hd.o(.text)
    CAN1_RX1_IRQHandler                      0x08000247   Thumb Code     0  startup_stm32f10x_hd.o(.text)
    CAN1_SCE_IRQHandler                      0x08000247   Thumb Code     0  startup_stm32f10x_hd.o(.text)
    DMA1_Channel1_IRQHandler                 0x08000247   Thumb Code     0  startup_stm32f10x_hd.o(.text)
    DMA1_Channel2_IRQHandler                 0x08000247   Thumb Code     0  startup_stm32f10x_hd.o(.text)
    DMA1_Channel3_IRQHandler                 0x08000247   Thumb Code     0  startup_stm32f10x_hd.o(.text)
    DMA1_Channel4_IRQHandler                 0x08000247   Thumb Code     0  startup_stm32f10x_hd.o(.text)
    DMA1_Channel5_IRQHandler                 0x08000247   Thumb Code     0  startup_stm32f10x_hd.o(.text)
    DMA1_Channel6_IRQHandler                 0x08000247   Thumb Code     0  startup_stm32f10x_hd.o(.text)
    DMA1_Channel7_IRQHandler                 0x08000247   Thumb Code     0  startup_stm32f10x_hd.o(.text)
    DMA2_Channel1_IRQHandler                 0x08000247   Thumb Code     0  startup_stm32f10x_hd.o(.text)
    DMA2_Channel2_IRQHandler                 0x08000247   Thumb Code     0  startup_stm32f10x_hd.o(.text)
    DMA2_Channel3_IRQHandler                 0x08000247   Thumb Code     0  startup_stm32f10x_hd.o(.text)
    DMA2_Channel4_5_IRQHandler               0x08000247   Thumb Code     0  startup_stm32f10x_hd.o(.text)
    EXTI15_10_IRQHandler                     0x08000247   Thumb Code     0  startup_stm32f10x_hd.o(.text)
    EXTI1_IRQHandler                         0x08000247   Thumb Code     0  startup_stm32f10x_hd.o(.text)
    FLASH_IRQHandler                         0x08000247   Thumb Code     0  startup_stm32f10x_hd.o(.text)
    FSMC_IRQHandler                          0x08000247   Thumb Code     0  startup_stm32f10x_hd.o(.text)
    I2C1_ER_IRQHandler                       0x08000247   Thumb Code     0  startup_stm32f10x_hd.o(.text)
    I2C1_EV_IRQHandler                       0x08000247   Thumb Code     0  startup_stm32f10x_hd.o(.text)
    I2C2_ER_IRQHandler                       0x08000247   Thumb Code     0  startup_stm32f10x_hd.o(.text)
    I2C2_EV_IRQHandler                       0x08000247   Thumb Code     0  startup_stm32f10x_hd.o(.text)
    PVD_IRQHandler                           0x08000247   Thumb Code     0  startup_stm32f10x_hd.o(.text)
    RCC_IRQHandler                           0x08000247   Thumb Code     0  startup_stm32f10x_hd.o(.text)
    RTCAlarm_IRQHandler                      0x08000247   Thumb Code     0  startup_stm32f10x_hd.o(.text)
    RTC_IRQHandler                           0x08000247   Thumb Code     0  startup_stm32f10x_hd.o(.text)
    SDIO_IRQHandler                          0x08000247   Thumb Code     0  startup_stm32f10x_hd.o(.text)
    SPI1_IRQHandler                          0x08000247   Thumb Code     0  startup_stm32f10x_hd.o(.text)
    SPI2_IRQHandler                          0x08000247   Thumb Code     0  startup_stm32f10x_hd.o(.text)
    SPI3_IRQHandler                          0x08000247   Thumb Code     0  startup_stm32f10x_hd.o(.text)
    TAMPER_IRQHandler                        0x08000247   Thumb Code     0  startup_stm32f10x_hd.o(.text)
    TIM1_BRK_IRQHandler                      0x08000247   Thumb Code     0  startup_stm32f10x_hd.o(.text)
    TIM1_CC_IRQHandler                       0x08000247   Thumb Code     0  startup_stm32f10x_hd.o(.text)
    TIM1_TRG_COM_IRQHandler                  0x08000247   Thumb Code     0  startup_stm32f10x_hd.o(.text)
    TIM1_UP_IRQHandler                       0x08000247   Thumb Code     0  startup_stm32f10x_hd.o(.text)
    TIM2_IRQHandler                          0x08000247   Thumb Code     0  startup_stm32f10x_hd.o(.text)
    TIM7_IRQHandler                          0x08000247   Thumb Code     0  startup_stm32f10x_hd.o(.text)
    TIM8_BRK_IRQHandler                      0x08000247   Thumb Code     0  startup_stm32f10x_hd.o(.text)
    TIM8_CC_IRQHandler                       0x08000247   Thumb Code     0  startup_stm32f10x_hd.o(.text)
    TIM8_TRG_COM_IRQHandler                  0x08000247   Thumb Code     0  startup_stm32f10x_hd.o(.text)
    TIM8_UP_IRQHandler                       0x08000247   Thumb Code     0  startup_stm32f10x_hd.o(.text)
    UART4_IRQHandler                         0x08000247   Thumb Code     0  startup_stm32f10x_hd.o(.text)
    UART5_IRQHandler                         0x08000247   Thumb Code     0  startup_stm32f10x_hd.o(.text)
    USART2_IRQHandler                        0x08000247   Thumb Code     0  startup_stm32f10x_hd.o(.text)
    USART3_IRQHandler                        0x08000247   Thumb Code     0  startup_stm32f10x_hd.o(.text)
    USBWakeUp_IRQHandler                     0x08000247   Thumb Code     0  startup_stm32f10x_hd.o(.text)
    USB_HP_CAN1_TX_IRQHandler                0x08000247   Thumb Code     0  startup_stm32f10x_hd.o(.text)
    USB_LP_CAN1_RX0_IRQHandler               0x08000247   Thumb Code     0  startup_stm32f10x_hd.o(.text)
    WWDG_IRQHandler                          0x08000247   Thumb Code     0  startup_stm32f10x_hd.o(.text)
    __user_initial_stackheap                 0x08000249   Thumb Code     0  startup_stm32f10x_hd.o(.text)
    __use_no_semihosting                     0x08000269   Thumb Code     2  use_no_semi_2.o(.text)
    __2printf                                0x0800026d   Thumb Code    20  noretval__2printf.o(.text)
    __2sprintf                               0x08000285   Thumb Code    34  noretval__2sprintf.o(.text)
    _printf_pre_padding                      0x080002ad   Thumb Code    44  _printf_pad.o(.text)
    _printf_post_padding                     0x080002d9   Thumb Code    34  _printf_pad.o(.text)
    _printf_str                              0x080002fb   Thumb Code    82  _printf_str.o(.text)
    _printf_int_dec                          0x0800034d   Thumb Code   104  _printf_dec.o(.text)
    _printf_int_hex                          0x080003c5   Thumb Code    84  _printf_hex_int.o(.text)
    _printf_longlong_hex                     0x080003c5   Thumb Code     0  _printf_hex_int.o(.text)
    __printf                                 0x0800041d   Thumb Code   388  __printf_flags_ss_wp.o(.text)
    __use_two_region_memory                  0x080005a5   Thumb Code     2  heapauxi.o(.text)
    __rt_heap_escrow$2region                 0x080005a7   Thumb Code     2  heapauxi.o(.text)
    __rt_heap_expand$2region                 0x080005a9   Thumb Code     2  heapauxi.o(.text)
    __I$use$semihosting                      0x080005ab   Thumb Code     0  use_no_semi.o(.text)
    __use_no_semihosting_swi                 0x080005ab   Thumb Code     2  use_no_semi.o(.text)
    _printf_int_common                       0x080005ad   Thumb Code   178  _printf_intcommon.o(.text)
    _printf_char_common                      0x0800066b   Thumb Code    32  _printf_char_common.o(.text)
    _sputc                                   0x08000691   Thumb Code    10  _sputc.o(.text)
    _printf_cs_common                        0x0800069b   Thumb Code    20  _printf_char.o(.text)
    _printf_char                             0x080006af   Thumb Code    16  _printf_char.o(.text)
    _printf_string                           0x080006bf   Thumb Code     8  _printf_char.o(.text)
    _printf_char_file                        0x080006c9   Thumb Code    32  _printf_char_file.o(.text)
    ferror                                   0x080006ed   Thumb Code     8  ferror.o(.text)
    __user_setup_stackheap                   0x080006f5   Thumb Code    74  sys_stackheap_outer.o(.text)
    exit                                     0x0800073f   Thumb Code    12  exit.o(.text)
    __user_libspace                          0x0800074d   Thumb Code     8  libspace.o(.text)
    __user_perproc_libspace                  0x0800074d   Thumb Code     0  libspace.o(.text)
    __user_perthread_libspace                0x0800074d   Thumb Code     0  libspace.o(.text)
    BusFault_Handler                         0x08000755   Thumb Code     2  stm32f10x_it.o(i.BusFault_Handler)
    DebugMon_Handler                         0x08000757   Thumb Code     2  stm32f10x_it.o(i.DebugMon_Handler)
    EXTI0_IRQHandler                         0x08000759   Thumb Code    48  exti.o(i.EXTI0_IRQHandler)
    EXTI2_IRQHandler                         0x08000791   Thumb Code    46  exti.o(i.EXTI2_IRQHandler)
    EXTI3_IRQHandler                         0x080007c9   Thumb Code    46  exti.o(i.EXTI3_IRQHandler)
    EXTI4_IRQHandler                         0x08000801   Thumb Code    46  exti.o(i.EXTI4_IRQHandler)
    EXTI8_Init                               0x08000839   Thumb Code    66  exti.o(i.EXTI8_Init)
    EXTI9_5_IRQHandler                       0x0800087d   Thumb Code    60  exti.o(i.EXTI9_5_IRQHandler)
    EXTI_ClearITPendingBit                   0x080008c5   Thumb Code     6  stm32f10x_exti.o(i.EXTI_ClearITPendingBit)
    EXTI_GetITStatus                         0x080008d1   Thumb Code    28  stm32f10x_exti.o(i.EXTI_GetITStatus)
    EXTI_Init                                0x080008f1   Thumb Code   108  stm32f10x_exti.o(i.EXTI_Init)
    FSMC_NORSRAMCmd                          0x08000961   Thumb Code    26  stm32f10x_fsmc.o(i.FSMC_NORSRAMCmd)
    FSMC_NORSRAMInit                         0x08000981   Thumb Code   200  stm32f10x_fsmc.o(i.FSMC_NORSRAMInit)
    GPIO_EXTILineConfig                      0x08000a49   Thumb Code    34  stm32f10x_gpio.o(i.GPIO_EXTILineConfig)
    GPIO_Init                                0x08000a71   Thumb Code   156  stm32f10x_gpio.o(i.GPIO_Init)
    GPIO_PinRemapConfig                      0x08000b0d   Thumb Code    82  stm32f10x_gpio.o(i.GPIO_PinRemapConfig)
    GPIO_ReadInputDataBit                    0x08000b65   Thumb Code    14  stm32f10x_gpio.o(i.GPIO_ReadInputDataBit)
    GPIO_ResetBits                           0x08000b73   Thumb Code     4  stm32f10x_gpio.o(i.GPIO_ResetBits)
    GPIO_SetBits                             0x08000b77   Thumb Code     4  stm32f10x_gpio.o(i.GPIO_SetBits)
    HardFault_Handler                        0x08000b7b   Thumb Code     2  stm32f10x_it.o(i.HardFault_Handler)
    KEY_Init                                 0x08000b7d   Thumb Code    52  key.o(i.KEY_Init)
    KEY_Scan                                 0x08000bb9   Thumb Code   190  key.o(i.KEY_Scan)
    LCD_Clear                                0x08000c85   Thumb Code   100  lcd.o(i.LCD_Clear)
    LCD_Display_Dir                          0x08000cf1   Thumb Code   304  lcd.o(i.LCD_Display_Dir)
    LCD_Fast_DrawPoint                       0x08000e25   Thumb Code   276  lcd.o(i.LCD_Fast_DrawPoint)
    LCD_Fill                                 0x08000f41   Thumb Code   132  lcd.o(i.LCD_Fill)
    LCD_Init                                 0x08000fcd   Thumb Code 11794  lcd.o(i.LCD_Init)
    LCD_Pow                                  0x08003de5   Thumb Code    16  lcd.o(i.LCD_Pow)
    LCD_RD_DATA                              0x08003df5   Thumb Code    16  lcd.o(i.LCD_RD_DATA)
    LCD_ReadReg                              0x08003e09   Thumb Code    20  lcd.o(i.LCD_ReadReg)
    LCD_SSD_BackLightSet                     0x08003e21   Thumb Code    50  lcd.o(i.LCD_SSD_BackLightSet)
    LCD_Scan_Dir                             0x08003e5d   Thumb Code   414  lcd.o(i.LCD_Scan_Dir)
    LCD_SetCursor                            0x08004005   Thumb Code   320  lcd.o(i.LCD_SetCursor)
    LCD_Set_Window                           0x0800414d   Thumb Code   370  lcd.o(i.LCD_Set_Window)
    LCD_ShowChar                             0x080042c9   Thumb Code   182  lcd.o(i.LCD_ShowChar)
    LCD_ShowNum                              0x08004395   Thumb Code   118  lcd.o(i.LCD_ShowNum)
    LCD_ShowString                           0x0800440b   Thumb Code    84  lcd.o(i.LCD_ShowString)
    LCD_WriteRAM_Prepare                     0x08004461   Thumb Code    10  lcd.o(i.LCD_WriteRAM_Prepare)
    LCD_WriteReg                             0x08004475   Thumb Code    10  lcd.o(i.LCD_WriteReg)
    LED_Init                                 0x08004485   Thumb Code    70  led.o(i.LED_Init)
    MemManage_Handler                        0x080044d5   Thumb Code     2  stm32f10x_it.o(i.MemManage_Handler)
    NMI_Handler                              0x080044d7   Thumb Code     2  stm32f10x_it.o(i.NMI_Handler)
    NVIC_Init                                0x080044d9   Thumb Code    94  misc.o(i.NVIC_Init)
    NVIC_PriorityGroupConfig                 0x0800453d   Thumb Code    10  misc.o(i.NVIC_PriorityGroupConfig)
    OV7670_Brightness                        0x08004551   Thumb Code    38  ov7670.o(i.OV7670_Brightness)
    OV7670_Color_Saturation                  0x08004577   Thumb Code   114  ov7670.o(i.OV7670_Color_Saturation)
    OV7670_Contrast                          0x080045e9   Thumb Code    38  ov7670.o(i.OV7670_Contrast)
    OV7670_Init                              0x08004611   Thumb Code   242  ov7670.o(i.OV7670_Init)
    OV7670_Light_Mode                        0x08004721   Thumb Code   126  ov7670.o(i.OV7670_Light_Mode)
    OV7670_Special_Effects                   0x0800479f   Thumb Code   128  ov7670.o(i.OV7670_Special_Effects)
    OV7670_Window_Set                        0x0800481f   Thumb Code   110  ov7670.o(i.OV7670_Window_Set)
    OV7670_camera_refresh                    0x0800488d   Thumb Code   228  main.o(i.OV7670_camera_refresh)
    OV7725_Brightness                        0x0800498d   Thumb Code    78  ov7725.o(i.OV7725_Brightness)
    OV7725_Color_Saturation                  0x080049db   Thumb Code    34  ov7725.o(i.OV7725_Color_Saturation)
    OV7725_Contrast                          0x080049fd   Thumb Code    22  ov7725.o(i.OV7725_Contrast)
    OV7725_Init                              0x08004a15   Thumb Code   296  ov7725.o(i.OV7725_Init)
    OV7725_Light_Mode                        0x08004b71   Thumb Code   152  ov7725.o(i.OV7725_Light_Mode)
    OV7725_Special_Effects                   0x08004c09   Thumb Code   138  ov7725.o(i.OV7725_Special_Effects)
    OV7725_Window_Set                        0x08004c93   Thumb Code   326  ov7725.o(i.OV7725_Window_Set)
    OV7725_camera_refresh                    0x08004dd9   Thumb Code   440  main.o(i.OV7725_camera_refresh)
    PendSV_Handler                           0x08004fb9   Thumb Code     2  stm32f10x_it.o(i.PendSV_Handler)
    RCC_AHBPeriphClockCmd                    0x08004fbd   Thumb Code    18  stm32f10x_rcc.o(i.RCC_AHBPeriphClockCmd)
    RCC_APB1PeriphClockCmd                   0x08004fd5   Thumb Code    18  stm32f10x_rcc.o(i.RCC_APB1PeriphClockCmd)
    RCC_APB2PeriphClockCmd                   0x08004fed   Thumb Code    18  stm32f10x_rcc.o(i.RCC_APB2PeriphClockCmd)
    RCC_GetClocksFreq                        0x08005005   Thumb Code   132  stm32f10x_rcc.o(i.RCC_GetClocksFreq)
    SCCB_Init                                0x08005099   Thumb Code    98  sccb.o(i.SCCB_Init)
    SCCB_No_Ack                              0x08005105   Thumb Code    58  sccb.o(i.SCCB_No_Ack)
    SCCB_RD_Byte                             0x08005149   Thumb Code   102  sccb.o(i.SCCB_RD_Byte)
    SCCB_RD_Reg                              0x080051bd   Thumb Code    76  sccb.o(i.SCCB_RD_Reg)
    SCCB_Start                               0x08005209   Thumb Code    44  sccb.o(i.SCCB_Start)
    SCCB_Stop                                0x0800523d   Thumb Code    46  sccb.o(i.SCCB_Stop)
    SCCB_WR_Byte                             0x08005275   Thumb Code   130  sccb.o(i.SCCB_WR_Byte)
    SCCB_WR_Reg                              0x08005305   Thumb Code    62  sccb.o(i.SCCB_WR_Reg)
    SVC_Handler                              0x08005343   Thumb Code     2  stm32f10x_it.o(i.SVC_Handler)
    SysTick_CLKSourceConfig                  0x080053ed   Thumb Code    24  misc.o(i.SysTick_CLKSourceConfig)
    SysTick_Handler                          0x08005405   Thumb Code     2  stm32f10x_it.o(i.SysTick_Handler)
    SystemInit                               0x08005409   Thumb Code    64  system_stm32f10x.o(i.SystemInit)
    TIM3_IRQHandler                          0x08005541   Thumb Code    44  timer.o(i.TIM3_IRQHandler)
    TIM4_IRQHandler                          0x08005575   Thumb Code    50  usmart.o(i.TIM4_IRQHandler)
    TIM5_CH2_Cap_Init                        0x080055b1   Thumb Code   120  tpad.o(i.TIM5_CH2_Cap_Init)
    TIM5_IRQHandler                          0x08005631   Thumb Code   128  timer.o(i.TIM5_IRQHandler)
    TIM6_IRQHandler                          0x080056b9   Thumb Code    40  timer.o(i.TIM6_IRQHandler)
    TIM6_Int_Init                            0x080056f9   Thumb Code    90  timer.o(i.TIM6_Int_Init)
    TIM_ClearFlag                            0x08005759   Thumb Code     6  stm32f10x_tim.o(i.TIM_ClearFlag)
    TIM_ClearITPendingBit                    0x0800575f   Thumb Code     6  stm32f10x_tim.o(i.TIM_ClearITPendingBit)
    TIM_Cmd                                  0x08005765   Thumb Code    20  stm32f10x_tim.o(i.TIM_Cmd)
    TIM_GetCapture1                          0x08005779   Thumb Code     4  stm32f10x_tim.o(i.TIM_GetCapture1)
    TIM_GetCapture2                          0x0800577d   Thumb Code     4  stm32f10x_tim.o(i.TIM_GetCapture2)
    TIM_GetCounter                           0x08005781   Thumb Code     4  stm32f10x_tim.o(i.TIM_GetCounter)
    TIM_GetFlagStatus                        0x08005785   Thumb Code    14  stm32f10x_tim.o(i.TIM_GetFlagStatus)
    TIM_GetITStatus                          0x08005793   Thumb Code    24  stm32f10x_tim.o(i.TIM_GetITStatus)
    TIM_ICInit                               0x080057ad   Thumb Code   278  stm32f10x_tim.o(i.TIM_ICInit)
    TIM_ITConfig                             0x080058d9   Thumb Code    16  stm32f10x_tim.o(i.TIM_ITConfig)
    TIM_OC1PolarityConfig                    0x080058e9   Thumb Code    12  stm32f10x_tim.o(i.TIM_OC1PolarityConfig)
    TIM_SetAutoreload                        0x080058f5   Thumb Code     4  stm32f10x_tim.o(i.TIM_SetAutoreload)
    TIM_SetCounter                           0x080058f9   Thumb Code     4  stm32f10x_tim.o(i.TIM_SetCounter)
    TIM_SetIC1Prescaler                      0x080058fd   Thumb Code    16  stm32f10x_tim.o(i.TIM_SetIC1Prescaler)
    TIM_SetIC2Prescaler                      0x0800590d   Thumb Code    24  stm32f10x_tim.o(i.TIM_SetIC2Prescaler)
    TIM_SetIC3Prescaler                      0x08005925   Thumb Code    16  stm32f10x_tim.o(i.TIM_SetIC3Prescaler)
    TIM_SetIC4Prescaler                      0x08005935   Thumb Code    24  stm32f10x_tim.o(i.TIM_SetIC4Prescaler)
    TIM_TimeBaseInit                         0x0800594d   Thumb Code   114  stm32f10x_tim.o(i.TIM_TimeBaseInit)
    TPAD_Get_MaxVal                          0x080059e9   Thumb Code    28  tpad.o(i.TPAD_Get_MaxVal)
    TPAD_Get_Val                             0x08005a05   Thumb Code    54  tpad.o(i.TPAD_Get_Val)
    TPAD_Init                                0x08005a41   Thumb Code   140  tpad.o(i.TPAD_Init)
    TPAD_Reset                               0x08005ae9   Thumb Code    86  tpad.o(i.TPAD_Reset)
    TPAD_Scan                                0x08005b49   Thumb Code    58  tpad.o(i.TPAD_Scan)
    Timer4_Init                              0x08005b89   Thumb Code    90  usmart.o(i.Timer4_Init)
    USART1_IRQHandler                        0x08005be9   Thumb Code    88  usart.o(i.USART1_IRQHandler)
    USART_Cmd                                0x08005c4d   Thumb Code    20  stm32f10x_usart.o(i.USART_Cmd)
    USART_GetITStatus                        0x08005c61   Thumb Code    62  stm32f10x_usart.o(i.USART_GetITStatus)
    USART_ITConfig                           0x08005c9f   Thumb Code    48  stm32f10x_usart.o(i.USART_ITConfig)
    USART_Init                               0x08005cd1   Thumb Code   166  stm32f10x_usart.o(i.USART_Init)
    USART_ReceiveData                        0x08005d7d   Thumb Code     8  stm32f10x_usart.o(i.USART_ReceiveData)
    UsageFault_Handler                       0x08005d85   Thumb Code     2  stm32f10x_it.o(i.UsageFault_Handler)
    _is_digit                                0x08005d87   Thumb Code    14  __printf_wp.o(i._is_digit)
    _sys_exit                                0x08005d95   Thumb Code     2  usart.o(i._sys_exit)
    delay_init                               0x08005d99   Thumb Code    46  delay.o(i.delay_init)
    delay_ms                                 0x08005dd5   Thumb Code    46  delay.o(i.delay_ms)
    delay_us                                 0x08005e09   Thumb Code    46  delay.o(i.delay_us)
    fputc                                    0x08005e3d   Thumb Code    18  usart.o(i.fputc)
    main                                     0x08005e55   Thumb Code  1412  main.o(i.main)
    read_addr                                0x080063dd   Thumb Code     4  usmart.o(i.read_addr)
    uart_init                                0x080063e1   Thumb Code   152  usart.o(i.uart_init)
    usmart_cmd_rec                           0x08006481   Thumb Code   144  usmart.o(i.usmart_cmd_rec)
    usmart_exe                               0x08006515   Thumb Code   510  usmart.o(i.usmart_exe)
    usmart_get_aparm                         0x08006775   Thumb Code   156  usmart_str.o(i.usmart_get_aparm)
    usmart_get_cmdname                       0x08006811   Thumb Code    46  usmart_str.o(i.usmart_get_cmdname)
    usmart_get_fname                         0x08006841   Thumb Code   352  usmart_str.o(i.usmart_get_fname)
    usmart_get_fparam                        0x080069a9   Thumb Code   202  usmart_str.o(i.usmart_get_fparam)
    usmart_get_parmpos                       0x08006a79   Thumb Code    30  usmart_str.o(i.usmart_get_parmpos)
    usmart_get_runtime                       0x08006a9d   Thumb Code    48  usmart.o(i.usmart_get_runtime)
    usmart_init                              0x08006ad5   Thumb Code    36  usmart.o(i.usmart_init)
    usmart_pow                               0x08006afd   Thumb Code    16  usmart_str.o(i.usmart_pow)
    usmart_reset_runtime                     0x08006b0d   Thumb Code    40  usmart.o(i.usmart_reset_runtime)
    usmart_scan                              0x08006b3d   Thumb Code    94  usmart.o(i.usmart_scan)
    usmart_search_nextc                      0x08006be1   Thumb Code    16  usmart_str.o(i.usmart_search_nextc)
    usmart_str2num                           0x08006bf1   Thumb Code   160  usmart_str.o(i.usmart_str2num)
    usmart_strcmp                            0x08006c91   Thumb Code    24  usmart_str.o(i.usmart_strcmp)
    usmart_strcopy                           0x08006ca9   Thumb Code    18  usmart_str.o(i.usmart_strcopy)
    usmart_strlen                            0x08006cbb   Thumb Code    18  usmart_str.o(i.usmart_strlen)
    usmart_sys_cmd_exe                       0x08006ccd   Thumb Code  1442  usmart.o(i.usmart_sys_cmd_exe)
    write_addr                               0x0800733d   Thumb Code     4  usmart.o(i.write_addr)
    __aeabi_d2uiz                            0x08007341   Thumb Code     0  dfixu.o(x$fpl$dfixu)
    _dfixu                                   0x08007341   Thumb Code    90  dfixu.o(x$fpl$dfixu)
    __aeabi_ui2d                             0x0800739b   Thumb Code     0  dflt_clz.o(x$fpl$dfltu)
    _dfltu                                   0x0800739b   Thumb Code    38  dflt_clz.o(x$fpl$dfltu)
    __aeabi_dmul                             0x080073c1   Thumb Code     0  dmul.o(x$fpl$dmul)
    _dmul                                    0x080073c1   Thumb Code   332  dmul.o(x$fpl$dmul)
    __fpl_dnaninf                            0x08007515   Thumb Code   156  dnaninf.o(x$fpl$dnaninf)
    __fpl_dretinf                            0x080075b1   Thumb Code    12  dretinf.o(x$fpl$dretinf)
    __I$use$fp                               0x080075bc   Number         0  usenofp.o(x$fpl$usenofp)
    asc2_1206                                0x080075bc   Data        1140  lcd.o(.constdata)
    asc2_1608                                0x08007a30   Data        1520  lcd.o(.constdata)
    asc2_2412                                0x08008020   Data        3420  lcd.o(.constdata)
    ov7670_init_reg_tbl                      0x08008d7c   Data         336  ov7670.o(.constdata)
    ov7725_init_reg_tb1                      0x08008ecc   Data         130  ov7725.o(.constdata)
    Region$$Table$$Base                      0x08009134   Number         0  anon$$obj.o(Region$$Table)
    Region$$Table$$Limit                     0x08009154   Number         0  anon$$obj.o(Region$$Table)
    flag                                     0x20000000   Data           4  main.o(.data)
    And_r                                    0x20000004   Data           4  main.o(.data)
    R_s                                      0x20000008   Data           4  main.o(.data)
    And_g                                    0x2000000c   Data           4  main.o(.data)
    G_s                                      0x20000010   Data           4  main.o(.data)
    Average_r                                0x20000014   Data           4  main.o(.data)
    Average_g                                0x20000018   Data           4  main.o(.data)
    Average_b                                0x2000001c   Data           4  main.o(.data)
    LMODE_TBL                                0x20000020   Data          24  main.o(.data)
    EFFECTS_TBL                              0x20000038   Data          28  main.o(.data)
    SystemCoreClock                          0x20000054   Data           4  system_stm32f10x.o(.data)
    AHBPrescTable                            0x20000058   Data          16  system_stm32f10x.o(.data)
    POINT_COLOR                              0x2000006a   Data           2  lcd.o(.data)
    BACK_COLOR                               0x2000006c   Data           2  lcd.o(.data)
    tpad_default_val                         0x20000070   Data           2  tpad.o(.data)
    ov_sta                                   0x20000072   Data           1  exti.o(.data)
    TIM5CH1_CAPTURE_STA                      0x20000074   Data           1  timer.o(.data)
    ov_frame                                 0x20000075   Data           1  timer.o(.data)
    TIM5CH1_CAPTURE_VAL                      0x20000076   Data           2  timer.o(.data)
    USART_RX_STA                             0x2000007c   Data           2  usart.o(.data)
    __stdout                                 0x20000080   Data           4  usart.o(.data)
    sys_cmd_tab                              0x20000098   Data          28  usmart.o(.data)
    usmart_nametab                           0x200000b4   Data          64  usmart_config.o(.data)
    usmart_dev                               0x200000f4   Data         244  usmart_config.o(.data)
    img_buf_r                                0x200001e8   Data        3102  main.o(.bss)
    img_buf_g                                0x20000e06   Data        3102  main.o(.bss)
    img_buf                                  0x20001a24   Data        3102  main.o(.bss)
    lcddev                                   0x20002642   Data          14  lcd.o(.bss)
    USART_RX_BUF                             0x20002650   Data         200  usart.o(.bss)
    __libspace_start                         0x20002718   Data          96  libspace.o(.bss)
    __temporary_stack_top$libspace           0x20002778   Data           0  libspace.o(.bss)



==============================================================================

Memory Map of the image

  Image Entry point : 0x08000131

  Load Region LR_IROM1 (Base: 0x08000000, Size: 0x0000933c, Max: 0x00080000, ABSOLUTE, COMPRESSED[0x000091fc])

    Execution Region ER_IROM1 (Base: 0x08000000, Size: 0x00009154, Max: 0x00080000, ABSOLUTE)

    Base Addr    Size         Type   Attr      Idx    E Section Name        Object

    0x08000000   0x00000130   Data   RO          905    RESET               startup_stm32f10x_hd.o
    0x08000130   0x00000008   Code   RO         2376  * !!!main             c_w.l(__main.o)
    0x08000138   0x00000034   Code   RO         2566    !!!scatter          c_w.l(__scatter.o)
    0x0800016c   0x0000005a   Code   RO         2564    !!dczerorl2         c_w.l(__dczerorl2.o)
    0x080001c6   0x00000002   PAD
    0x080001c8   0x0000001c   Code   RO         2568    !!handler_zi        c_w.l(__scatter_zi.o)
    0x080001e4   0x00000000   Code   RO         2373    .ARM.Collect$$_printf_percent$$00000000  c_w.l(_printf_percent.o)
    0x080001e4   0x00000006   Code   RO         2371    .ARM.Collect$$_printf_percent$$00000009  c_w.l(_printf_d.o)
    0x080001ea   0x00000006   Code   RO         2372    .ARM.Collect$$_printf_percent$$0000000A  c_w.l(_printf_u.o)
    0x080001f0   0x00000006   Code   RO         2370    .ARM.Collect$$_printf_percent$$0000000C  c_w.l(_printf_x.o)
    0x080001f6   0x00000006   Code   RO         2368    .ARM.Collect$$_printf_percent$$00000013  c_w.l(_printf_c.o)
    0x080001fc   0x00000006   Code   RO         2369    .ARM.Collect$$_printf_percent$$00000014  c_w.l(_printf_s.o)
    0x08000202   0x00000004   Code   RO         2403    .ARM.Collect$$_printf_percent$$00000017  c_w.l(_printf_percent_end.o)
    0x08000206   0x00000002   Code   RO         2439    .ARM.Collect$$libinit$$00000000  c_w.l(libinit.o)
    0x08000208   0x00000000   Code   RO         2446    .ARM.Collect$$libinit$$00000002  c_w.l(libinit2.o)
    0x08000208   0x00000000   Code   RO         2448    .ARM.Collect$$libinit$$00000004  c_w.l(libinit2.o)
    0x08000208   0x00000000   Code   RO         2451    .ARM.Collect$$libinit$$0000000A  c_w.l(libinit2.o)
    0x08000208   0x00000000   Code   RO         2453    .ARM.Collect$$libinit$$0000000C  c_w.l(libinit2.o)
    0x08000208   0x00000000   Code   RO         2455    .ARM.Collect$$libinit$$0000000E  c_w.l(libinit2.o)
    0x08000208   0x00000000   Code   RO         2458    .ARM.Collect$$libinit$$00000011  c_w.l(libinit2.o)
    0x08000208   0x00000000   Code   RO         2460    .ARM.Collect$$libinit$$00000013  c_w.l(libinit2.o)
    0x08000208   0x00000000   Code   RO         2462    .ARM.Collect$$libinit$$00000015  c_w.l(libinit2.o)
    0x08000208   0x00000000   Code   RO         2464    .ARM.Collect$$libinit$$00000017  c_w.l(libinit2.o)
    0x08000208   0x00000000   Code   RO         2466    .ARM.Collect$$libinit$$00000019  c_w.l(libinit2.o)
    0x08000208   0x00000000   Code   RO         2468    .ARM.Collect$$libinit$$0000001B  c_w.l(libinit2.o)
    0x08000208   0x00000000   Code   RO         2470    .ARM.Collect$$libinit$$0000001D  c_w.l(libinit2.o)
    0x08000208   0x00000000   Code   RO         2472    .ARM.Collect$$libinit$$0000001F  c_w.l(libinit2.o)
    0x08000208   0x00000000   Code   RO         2474    .ARM.Collect$$libinit$$00000021  c_w.l(libinit2.o)
    0x08000208   0x00000000   Code   RO         2476    .ARM.Collect$$libinit$$00000023  c_w.l(libinit2.o)
    0x08000208   0x00000000   Code   RO         2478    .ARM.Collect$$libinit$$00000025  c_w.l(libinit2.o)
    0x08000208   0x00000000   Code   RO         2482    .ARM.Collect$$libinit$$0000002C  c_w.l(libinit2.o)
    0x08000208   0x00000000   Code   RO         2484    .ARM.Collect$$libinit$$0000002E  c_w.l(libinit2.o)
    0x08000208   0x00000000   Code   RO         2486    .ARM.Collect$$libinit$$00000030  c_w.l(libinit2.o)
    0x08000208   0x00000000   Code   RO         2488    .ARM.Collect$$libinit$$00000032  c_w.l(libinit2.o)
    0x08000208   0x00000002   Code   RO         2489    .ARM.Collect$$libinit$$00000033  c_w.l(libinit2.o)
    0x0800020a   0x00000002   Code   RO         2507    .ARM.Collect$$libshutdown$$00000000  c_w.l(libshutdown.o)
    0x0800020c   0x00000000   Code   RO         2518    .ARM.Collect$$libshutdown$$00000003  c_w.l(libshutdown2.o)
    0x0800020c   0x00000000   Code   RO         2521    .ARM.Collect$$libshutdown$$00000006  c_w.l(libshutdown2.o)
    0x0800020c   0x00000000   Code   RO         2524    .ARM.Collect$$libshutdown$$00000009  c_w.l(libshutdown2.o)
    0x0800020c   0x00000000   Code   RO         2526    .ARM.Collect$$libshutdown$$0000000B  c_w.l(libshutdown2.o)
    0x0800020c   0x00000000   Code   RO         2529    .ARM.Collect$$libshutdown$$0000000E  c_w.l(libshutdown2.o)
    0x0800020c   0x00000002   Code   RO         2530    .ARM.Collect$$libshutdown$$0000000F  c_w.l(libshutdown2.o)
    0x0800020e   0x00000000   Code   RO         2392    .ARM.Collect$$rtentry$$00000000  c_w.l(__rtentry.o)
    0x0800020e   0x00000000   Code   RO         2410    .ARM.Collect$$rtentry$$00000002  c_w.l(__rtentry2.o)
    0x0800020e   0x00000006   Code   RO         2422    .ARM.Collect$$rtentry$$00000004  c_w.l(__rtentry4.o)
    0x08000214   0x00000000   Code   RO         2412    .ARM.Collect$$rtentry$$00000009  c_w.l(__rtentry2.o)
    0x08000214   0x00000004   Code   RO         2413    .ARM.Collect$$rtentry$$0000000A  c_w.l(__rtentry2.o)
    0x08000218   0x00000000   Code   RO         2415    .ARM.Collect$$rtentry$$0000000C  c_w.l(__rtentry2.o)
    0x08000218   0x00000008   Code   RO         2416    .ARM.Collect$$rtentry$$0000000D  c_w.l(__rtentry2.o)
    0x08000220   0x00000002   Code   RO         2443    .ARM.Collect$$rtexit$$00000000  c_w.l(rtexit.o)
    0x08000222   0x00000000   Code   RO         2491    .ARM.Collect$$rtexit$$00000002  c_w.l(rtexit2.o)
    0x08000222   0x00000004   Code   RO         2492    .ARM.Collect$$rtexit$$00000003  c_w.l(rtexit2.o)
    0x08000226   0x00000006   Code   RO         2493    .ARM.Collect$$rtexit$$00000004  c_w.l(rtexit2.o)
    0x0800022c   0x0000003c   Code   RO          906    .text               startup_stm32f10x_hd.o
    0x08000268   0x00000002   Code   RO         2309    .text               c_w.l(use_no_semi_2.o)
    0x0800026a   0x00000002   PAD
    0x0800026c   0x00000018   Code   RO         2315    .text               c_w.l(noretval__2printf.o)
    0x08000284   0x00000028   Code   RO         2317    .text               c_w.l(noretval__2sprintf.o)
    0x080002ac   0x0000004e   Code   RO         2321    .text               c_w.l(_printf_pad.o)
    0x080002fa   0x00000052   Code   RO         2323    .text               c_w.l(_printf_str.o)
    0x0800034c   0x00000078   Code   RO         2325    .text               c_w.l(_printf_dec.o)
    0x080003c4   0x00000058   Code   RO         2330    .text               c_w.l(_printf_hex_int.o)
    0x0800041c   0x00000188   Code   RO         2365    .text               c_w.l(__printf_flags_ss_wp.o)
    0x080005a4   0x00000006   Code   RO         2374    .text               c_w.l(heapauxi.o)
    0x080005aa   0x00000002   Code   RO         2390    .text               c_w.l(use_no_semi.o)
    0x080005ac   0x000000b2   Code   RO         2393    .text               c_w.l(_printf_intcommon.o)
    0x0800065e   0x00000002   PAD
    0x08000660   0x00000030   Code   RO         2395    .text               c_w.l(_printf_char_common.o)
    0x08000690   0x0000000a   Code   RO         2397    .text               c_w.l(_sputc.o)
    0x0800069a   0x0000002c   Code   RO         2399    .text               c_w.l(_printf_char.o)
    0x080006c6   0x00000002   PAD
    0x080006c8   0x00000024   Code   RO         2401    .text               c_w.l(_printf_char_file.o)
    0x080006ec   0x00000008   Code   RO         2426    .text               c_w.l(ferror.o)
    0x080006f4   0x0000004a   Code   RO         2430    .text               c_w.l(sys_stackheap_outer.o)
    0x0800073e   0x0000000c   Code   RO         2432    .text               c_w.l(exit.o)
    0x0800074a   0x00000002   PAD
    0x0800074c   0x00000008   Code   RO         2440    .text               c_w.l(libspace.o)
    0x08000754   0x00000002   Code   RO          131    i.BusFault_Handler  stm32f10x_it.o
    0x08000756   0x00000002   Code   RO          132    i.DebugMon_Handler  stm32f10x_it.o
    0x08000758   0x00000038   Code   RO          520    i.EXTI0_IRQHandler  exti.o
    0x08000790   0x00000038   Code   RO          521    i.EXTI2_IRQHandler  exti.o
    0x080007c8   0x00000038   Code   RO          522    i.EXTI3_IRQHandler  exti.o
    0x08000800   0x00000038   Code   RO          523    i.EXTI4_IRQHandler  exti.o
    0x08000838   0x00000042   Code   RO          524    i.EXTI8_Init        exti.o
    0x0800087a   0x00000002   PAD
    0x0800087c   0x00000048   Code   RO          525    i.EXTI9_5_IRQHandler  exti.o
    0x080008c4   0x0000000c   Code   RO         1561    i.EXTI_ClearITPendingBit  stm32f10x_exti.o
    0x080008d0   0x00000020   Code   RO         1565    i.EXTI_GetITStatus  stm32f10x_exti.o
    0x080008f0   0x00000070   Code   RO         1566    i.EXTI_Init         stm32f10x_exti.o
    0x08000960   0x00000020   Code   RO          957    i.FSMC_NORSRAMCmd   stm32f10x_fsmc.o
    0x08000980   0x000000c8   Code   RO          959    i.FSMC_NORSRAMInit  stm32f10x_fsmc.o
    0x08000a48   0x00000028   Code   RO         1069    i.GPIO_EXTILineConfig  stm32f10x_gpio.o
    0x08000a70   0x0000009c   Code   RO         1072    i.GPIO_Init         stm32f10x_gpio.o
    0x08000b0c   0x00000058   Code   RO         1074    i.GPIO_PinRemapConfig  stm32f10x_gpio.o
    0x08000b64   0x0000000e   Code   RO         1076    i.GPIO_ReadInputDataBit  stm32f10x_gpio.o
    0x08000b72   0x00000004   Code   RO         1079    i.GPIO_ResetBits    stm32f10x_gpio.o
    0x08000b76   0x00000004   Code   RO         1080    i.GPIO_SetBits      stm32f10x_gpio.o
    0x08000b7a   0x00000002   Code   RO          133    i.HardFault_Handler  stm32f10x_it.o
    0x08000b7c   0x0000003c   Code   RO          255    i.KEY_Init          key.o
    0x08000bb8   0x000000cc   Code   RO          256    i.KEY_Scan          key.o
    0x08000c84   0x0000006c   Code   RO          275    i.LCD_Clear         lcd.o
    0x08000cf0   0x00000134   Code   RO          279    i.LCD_Display_Dir   lcd.o
    0x08000e24   0x0000011c   Code   RO          284    i.LCD_Fast_DrawPoint  lcd.o
    0x08000f40   0x0000008c   Code   RO          285    i.LCD_Fill          lcd.o
    0x08000fcc   0x00002e18   Code   RO          286    i.LCD_Init          lcd.o
    0x08003de4   0x00000010   Code   RO          287    i.LCD_Pow           lcd.o
    0x08003df4   0x00000014   Code   RO          288    i.LCD_RD_DATA       lcd.o
    0x08003e08   0x00000018   Code   RO          290    i.LCD_ReadReg       lcd.o
    0x08003e20   0x0000003c   Code   RO          291    i.LCD_SSD_BackLightSet  lcd.o
    0x08003e5c   0x000001a8   Code   RO          292    i.LCD_Scan_Dir      lcd.o
    0x08004004   0x00000148   Code   RO          293    i.LCD_SetCursor     lcd.o
    0x0800414c   0x0000017c   Code   RO          294    i.LCD_Set_Window    lcd.o
    0x080042c8   0x000000cc   Code   RO          295    i.LCD_ShowChar      lcd.o
    0x08004394   0x00000076   Code   RO          296    i.LCD_ShowNum       lcd.o
    0x0800440a   0x00000054   Code   RO          297    i.LCD_ShowString    lcd.o
    0x0800445e   0x00000002   PAD
    0x08004460   0x00000014   Code   RO          302    i.LCD_WriteRAM_Prepare  lcd.o
    0x08004474   0x00000010   Code   RO          303    i.LCD_WriteReg      lcd.o
    0x08004484   0x00000050   Code   RO          243    i.LED_Init          led.o
    0x080044d4   0x00000002   Code   RO          134    i.MemManage_Handler  stm32f10x_it.o
    0x080044d6   0x00000002   Code   RO          135    i.NMI_Handler       stm32f10x_it.o
    0x080044d8   0x00000064   Code   RO          910    i.NVIC_Init         misc.o
    0x0800453c   0x00000014   Code   RO          911    i.NVIC_PriorityGroupConfig  misc.o
    0x08004550   0x00000026   Code   RO          688    i.OV7670_Brightness  ov7670.o
    0x08004576   0x00000072   Code   RO          689    i.OV7670_Color_Saturation  ov7670.o
    0x080045e8   0x00000026   Code   RO          690    i.OV7670_Contrast   ov7670.o
    0x0800460e   0x00000002   PAD
    0x08004610   0x00000110   Code   RO          691    i.OV7670_Init       ov7670.o
    0x08004720   0x0000007e   Code   RO          692    i.OV7670_Light_Mode  ov7670.o
    0x0800479e   0x00000080   Code   RO          693    i.OV7670_Special_Effects  ov7670.o
    0x0800481e   0x0000006e   Code   RO          694    i.OV7670_Window_Set  ov7670.o
    0x0800488c   0x00000100   Code   RO            1    i.OV7670_camera_refresh  main.o
    0x0800498c   0x0000004e   Code   RO          742    i.OV7725_Brightness  ov7725.o
    0x080049da   0x00000022   Code   RO          743    i.OV7725_Color_Saturation  ov7725.o
    0x080049fc   0x00000016   Code   RO          744    i.OV7725_Contrast   ov7725.o
    0x08004a12   0x00000002   PAD
    0x08004a14   0x0000015c   Code   RO          745    i.OV7725_Init       ov7725.o
    0x08004b70   0x00000098   Code   RO          746    i.OV7725_Light_Mode  ov7725.o
    0x08004c08   0x0000008a   Code   RO          747    i.OV7725_Special_Effects  ov7725.o
    0x08004c92   0x00000146   Code   RO          748    i.OV7725_Window_Set  ov7725.o
    0x08004dd8   0x000001e0   Code   RO            2    i.OV7725_camera_refresh  main.o
    0x08004fb8   0x00000002   Code   RO          136    i.PendSV_Handler    stm32f10x_it.o
    0x08004fba   0x00000002   PAD
    0x08004fbc   0x00000018   Code   RO         1181    i.RCC_AHBPeriphClockCmd  stm32f10x_rcc.o
    0x08004fd4   0x00000018   Code   RO         1182    i.RCC_APB1PeriphClockCmd  stm32f10x_rcc.o
    0x08004fec   0x00000018   Code   RO         1184    i.RCC_APB2PeriphClockCmd  stm32f10x_rcc.o
    0x08005004   0x00000094   Code   RO         1192    i.RCC_GetClocksFreq  stm32f10x_rcc.o
    0x08005098   0x0000006c   Code   RO          632    i.SCCB_Init         sccb.o
    0x08005104   0x00000044   Code   RO          633    i.SCCB_No_Ack       sccb.o
    0x08005148   0x00000074   Code   RO          634    i.SCCB_RD_Byte      sccb.o
    0x080051bc   0x0000004c   Code   RO          635    i.SCCB_RD_Reg       sccb.o
    0x08005208   0x00000034   Code   RO          636    i.SCCB_Start        sccb.o
    0x0800523c   0x00000038   Code   RO          637    i.SCCB_Stop         sccb.o
    0x08005274   0x00000090   Code   RO          638    i.SCCB_WR_Byte      sccb.o
    0x08005304   0x0000003e   Code   RO          639    i.SCCB_WR_Reg       sccb.o
    0x08005342   0x00000002   Code   RO          137    i.SVC_Handler       stm32f10x_it.o
    0x08005344   0x000000a8   Code   RO          214    i.SetSysClockTo72   system_stm32f10x.o
    0x080053ec   0x00000018   Code   RO          914    i.SysTick_CLKSourceConfig  misc.o
    0x08005404   0x00000002   Code   RO          138    i.SysTick_Handler   stm32f10x_it.o
    0x08005406   0x00000002   PAD
    0x08005408   0x00000050   Code   RO          216    i.SystemInit        system_stm32f10x.o
    0x08005458   0x0000006c   Code   RO         1614    i.TI1_Config        stm32f10x_tim.o
    0x080054c4   0x0000007c   Code   RO         1615    i.TI2_Config        stm32f10x_tim.o
    0x08005540   0x00000034   Code   RO          575    i.TIM3_IRQHandler   timer.o
    0x08005574   0x0000003c   Code   RO         2147    i.TIM4_IRQHandler   usmart.o
    0x080055b0   0x00000080   Code   RO          468    i.TIM5_CH2_Cap_Init  tpad.o
    0x08005630   0x00000088   Code   RO          579    i.TIM5_IRQHandler   timer.o
    0x080056b8   0x00000040   Code   RO          580    i.TIM6_IRQHandler   timer.o
    0x080056f8   0x00000060   Code   RO          581    i.TIM6_Int_Init     timer.o
    0x08005758   0x00000006   Code   RO         1622    i.TIM_ClearFlag     stm32f10x_tim.o
    0x0800575e   0x00000006   Code   RO         1623    i.TIM_ClearITPendingBit  stm32f10x_tim.o
    0x08005764   0x00000014   Code   RO         1628    i.TIM_Cmd           stm32f10x_tim.o
    0x08005778   0x00000004   Code   RO         1643    i.TIM_GetCapture1   stm32f10x_tim.o
    0x0800577c   0x00000004   Code   RO         1644    i.TIM_GetCapture2   stm32f10x_tim.o
    0x08005780   0x00000004   Code   RO         1647    i.TIM_GetCounter    stm32f10x_tim.o
    0x08005784   0x0000000e   Code   RO         1648    i.TIM_GetFlagStatus  stm32f10x_tim.o
    0x08005792   0x00000018   Code   RO         1649    i.TIM_GetITStatus   stm32f10x_tim.o
    0x080057aa   0x00000002   PAD
    0x080057ac   0x0000012c   Code   RO         1651    i.TIM_ICInit        stm32f10x_tim.o
    0x080058d8   0x00000010   Code   RO         1653    i.TIM_ITConfig      stm32f10x_tim.o
    0x080058e8   0x0000000c   Code   RO         1659    i.TIM_OC1PolarityConfig  stm32f10x_tim.o
    0x080058f4   0x00000004   Code   RO         1687    i.TIM_SetAutoreload  stm32f10x_tim.o
    0x080058f8   0x00000004   Code   RO         1693    i.TIM_SetCounter    stm32f10x_tim.o
    0x080058fc   0x00000010   Code   RO         1694    i.TIM_SetIC1Prescaler  stm32f10x_tim.o
    0x0800590c   0x00000018   Code   RO         1695    i.TIM_SetIC2Prescaler  stm32f10x_tim.o
    0x08005924   0x00000010   Code   RO         1696    i.TIM_SetIC3Prescaler  stm32f10x_tim.o
    0x08005934   0x00000018   Code   RO         1697    i.TIM_SetIC4Prescaler  stm32f10x_tim.o
    0x0800594c   0x0000009c   Code   RO         1699    i.TIM_TimeBaseInit  stm32f10x_tim.o
    0x080059e8   0x0000001c   Code   RO          469    i.TPAD_Get_MaxVal   tpad.o
    0x08005a04   0x0000003c   Code   RO          470    i.TPAD_Get_Val      tpad.o
    0x08005a40   0x000000a8   Code   RO          471    i.TPAD_Init         tpad.o
    0x08005ae8   0x00000060   Code   RO          472    i.TPAD_Reset        tpad.o
    0x08005b48   0x00000040   Code   RO          473    i.TPAD_Scan         tpad.o
    0x08005b88   0x00000060   Code   RO         2148    i.Timer4_Init       usmart.o
    0x08005be8   0x00000064   Code   RO          851    i.USART1_IRQHandler  usart.o
    0x08005c4c   0x00000014   Code   RO         1384    i.USART_Cmd         stm32f10x_usart.o
    0x08005c60   0x0000003e   Code   RO         1388    i.USART_GetITStatus  stm32f10x_usart.o
    0x08005c9e   0x00000030   Code   RO         1390    i.USART_ITConfig    stm32f10x_usart.o
    0x08005cce   0x00000002   PAD
    0x08005cd0   0x000000ac   Code   RO         1391    i.USART_Init        stm32f10x_usart.o
    0x08005d7c   0x00000008   Code   RO         1398    i.USART_ReceiveData  stm32f10x_usart.o
    0x08005d84   0x00000002   Code   RO          139    i.UsageFault_Handler  stm32f10x_it.o
    0x08005d86   0x0000000e   Code   RO         2358    i._is_digit         c_w.l(__printf_wp.o)
    0x08005d94   0x00000002   Code   RO          852    i._sys_exit         usart.o
    0x08005d96   0x00000002   PAD
    0x08005d98   0x0000003c   Code   RO          796    i.delay_init        delay.o
    0x08005dd4   0x00000034   Code   RO          797    i.delay_ms          delay.o
    0x08005e08   0x00000034   Code   RO          798    i.delay_us          delay.o
    0x08005e3c   0x00000018   Code   RO          853    i.fputc             usart.o
    0x08005e54   0x00000588   Code   RO            3    i.main              main.o
    0x080063dc   0x00000004   Code   RO         2149    i.read_addr         usmart.o
    0x080063e0   0x000000a0   Code   RO          854    i.uart_init         usart.o
    0x08006480   0x00000094   Code   RO         2150    i.usmart_cmd_rec    usmart.o
    0x08006514   0x00000260   Code   RO         2151    i.usmart_exe        usmart.o
    0x08006774   0x0000009c   Code   RO         2240    i.usmart_get_aparm  usmart_str.o
    0x08006810   0x0000002e   Code   RO         2241    i.usmart_get_cmdname  usmart_str.o
    0x0800683e   0x00000002   PAD
    0x08006840   0x00000168   Code   RO         2242    i.usmart_get_fname  usmart_str.o
    0x080069a8   0x000000d0   Code   RO         2243    i.usmart_get_fparam  usmart_str.o
    0x08006a78   0x00000024   Code   RO         2244    i.usmart_get_parmpos  usmart_str.o
    0x08006a9c   0x00000038   Code   RO         2152    i.usmart_get_runtime  usmart.o
    0x08006ad4   0x00000028   Code   RO         2153    i.usmart_init       usmart.o
    0x08006afc   0x00000010   Code   RO         2245    i.usmart_pow        usmart_str.o
    0x08006b0c   0x00000030   Code   RO         2154    i.usmart_reset_runtime  usmart.o
    0x08006b3c   0x000000a4   Code   RO         2155    i.usmart_scan       usmart.o
    0x08006be0   0x00000010   Code   RO         2246    i.usmart_search_nextc  usmart_str.o
    0x08006bf0   0x000000a0   Code   RO         2247    i.usmart_str2num    usmart_str.o
    0x08006c90   0x00000018   Code   RO         2248    i.usmart_strcmp     usmart_str.o
    0x08006ca8   0x00000012   Code   RO         2249    i.usmart_strcopy    usmart_str.o
    0x08006cba   0x00000012   Code   RO         2250    i.usmart_strlen     usmart_str.o
    0x08006ccc   0x00000670   Code   RO         2156    i.usmart_sys_cmd_exe  usmart.o
    0x0800733c   0x00000004   Code   RO         2157    i.write_addr        usmart.o
    0x08007340   0x0000005a   Code   RO         2378    x$fpl$dfixu         fz_ws.l(dfixu.o)
    0x0800739a   0x00000026   Code   RO         2382    x$fpl$dfltu         fz_ws.l(dflt_clz.o)
    0x080073c0   0x00000154   Code   RO         2388    x$fpl$dmul          fz_ws.l(dmul.o)
    0x08007514   0x0000009c   Code   RO         2404    x$fpl$dnaninf       fz_ws.l(dnaninf.o)
    0x080075b0   0x0000000c   Code   RO         2406    x$fpl$dretinf       fz_ws.l(dretinf.o)
    0x080075bc   0x00000000   Code   RO         2408    x$fpl$usenofp       fz_ws.l(usenofp.o)
    0x080075bc   0x000017c0   Data   RO          306    .constdata          lcd.o
    0x08008d7c   0x00000150   Data   RO          695    .constdata          ov7670.o
    0x08008ecc   0x00000082   Data   RO          749    .constdata          ov7725.o
    0x08008f4e   0x00000028   Data   RO         2331    .constdata          c_w.l(_printf_hex_int.o)
    0x08008f76   0x00000011   Data   RO         2366    .constdata          c_w.l(__printf_flags_ss_wp.o)
    0x08008f87   0x00000001   PAD
    0x08008f88   0x0000006a   Data   RO            5    .conststring        main.o
    0x08008ff2   0x00000002   PAD
    0x08008ff4   0x00000028   Data   RO         2158    .conststring        usmart.o
    0x0800901c   0x00000117   Data   RO         2223    .conststring        usmart_config.o
    0x08009133   0x00000001   PAD
    0x08009134   0x00000020   Data   RO         2562    Region$$Table       anon$$obj.o


    Execution Region RW_IRAM1 (Base: 0x20000000, Size: 0x00002b78, Max: 0x00010000, ABSOLUTE, COMPRESSED[0x000000a8])

    Base Addr    Size         Type   Attr      Idx    E Section Name        Object

    0x20000000   0x00000054   Data   RW            6    .data               main.o
    0x20000054   0x00000014   Data   RW          217    .data               system_stm32f10x.o
    0x20000068   0x00000001   Data   RW          257    .data               key.o
    0x20000069   0x00000001   PAD
    0x2000006a   0x00000004   Data   RW          307    .data               lcd.o
    0x2000006e   0x00000004   Data   RW          474    .data               tpad.o
    0x20000072   0x00000001   Data   RW          527    .data               exti.o
    0x20000073   0x00000001   PAD
    0x20000074   0x00000004   Data   RW          583    .data               timer.o
    0x20000078   0x00000004   Data   RW          799    .data               delay.o
    0x2000007c   0x00000002   Data   RW          856    .data               usart.o
    0x2000007e   0x00000002   PAD
    0x20000080   0x00000004   Data   RW          857    .data               usart.o
    0x20000084   0x00000014   Data   RW         1212    .data               stm32f10x_rcc.o
    0x20000098   0x0000001c   Data   RW         2159    .data               usmart.o
    0x200000b4   0x00000040   Data   RW         2224    .data               usmart_config.o
    0x200000f4   0x000000f4   Data   RW         2225    .data               usmart_config.o
    0x200001e8   0x0000245a   Zero   RW            4    .bss                main.o
    0x20002642   0x0000000e   Zero   RW          305    .bss                lcd.o
    0x20002650   0x000000c8   Zero   RW          855    .bss                usart.o
    0x20002718   0x00000060   Zero   RW         2441    .bss                c_w.l(libspace.o)
    0x20002778   0x00000000   Zero   RW          904    HEAP                startup_stm32f10x_hd.o
    0x20002778   0x00000400   Zero   RW          903    STACK               startup_stm32f10x_hd.o


==============================================================================

Image component sizes


      Code (inc. data)   RO Data    RW Data    ZI Data      Debug   Object Name

       164         26          0          4          0       1651   delay.o
       362         50          0          1          0       3319   exti.o
       264         22          0          1          0       1202   key.o
     14334        182       6080          4         14      54999   lcd.o
        80         10          0          0          0        499   led.o
      2152        402        106         84       9306     267946   main.o
       144         16          0          0          0       2021   misc.o
       826         62        336          0          0       5009   ov7670.o
      1098         76        130          0          0       7237   ov7725.o
       682         66          0          0          0       4827   sccb.o
        60         22        304          0       1024        784   startup_stm32f10x_hd.o
       156         14          0          0          0       2176   stm32f10x_exti.o
       232          6          0          0          0       1821   stm32f10x_fsmc.o
       306         12          0          0          0       5056   stm32f10x_gpio.o
        18          0          0          0          0       3630   stm32f10x_it.o
       220         34          0         20          0       4994   stm32f10x_rcc.o
       886        106          0          0          0      13560   stm32f10x_tim.o
       310          6          0          0          0       5062   stm32f10x_usart.o
         0          0          0          0          0         32   sys.o
       248         24          0         20          0       1697   system_stm32f10x.o
       348         46          0          4          0       2602   timer.o
       544         58          0          4          0       4585   tpad.o
       286         26          0          6        200       4072   usart.o
      2876       1332         40         28          0       7514   usmart.o
         0          0        279        308          0       1660   usmart_config.o
      1058         20          0          0          0       8859   usmart_str.o

    ----------------------------------------------------------------------
     27674       2618       7310        488      10544     416814   Object Totals
         0          0         32          0          0          0   (incl. Generated)
        20          0          3          4          0          0   (incl. Padding)

    ----------------------------------------------------------------------

      Code (inc. data)   RO Data    RW Data    ZI Data      Debug   Library Member Name

        90          0          0          0          0          0   __dczerorl2.o
         8          0          0          0          0         68   __main.o
       392          4         17          0          0         92   __printf_flags_ss_wp.o
        14          0          0          0          0         68   __printf_wp.o
         0          0          0          0          0          0   __rtentry.o
        12          0          0          0          0          0   __rtentry2.o
         6          0          0          0          0          0   __rtentry4.o
        52          8          0          0          0          0   __scatter.o
        28          0          0          0          0          0   __scatter_zi.o
         6          0          0          0          0          0   _printf_c.o
        44          0          0          0          0        108   _printf_char.o
        48          6          0          0          0         96   _printf_char_common.o
        36          4          0          0          0         80   _printf_char_file.o
         6          0          0          0          0          0   _printf_d.o
       120         16          0          0          0         92   _printf_dec.o
        88          4         40          0          0         88   _printf_hex_int.o
       178          0          0          0          0         88   _printf_intcommon.o
        78          0          0          0          0        108   _printf_pad.o
         0          0          0          0          0          0   _printf_percent.o
         4          0          0          0          0          0   _printf_percent_end.o
         6          0          0          0          0          0   _printf_s.o
        82          0          0          0          0         80   _printf_str.o
         6          0          0          0          0          0   _printf_u.o
         6          0          0          0          0          0   _printf_x.o
        10          0          0          0          0         68   _sputc.o
        12          0          0          0          0         72   exit.o
         8          0          0          0          0         68   ferror.o
         6          0          0          0          0        152   heapauxi.o
         2          0          0          0          0          0   libinit.o
         2          0          0          0          0          0   libinit2.o
         2          0          0          0          0          0   libshutdown.o
         2          0          0          0          0          0   libshutdown2.o
         8          4          0          0         96         68   libspace.o
        24          4          0          0          0         84   noretval__2printf.o
        40          6          0          0          0         84   noretval__2sprintf.o
         2          0          0          0          0          0   rtexit.o
        10          0          0          0          0          0   rtexit2.o
        74          0          0          0          0         80   sys_stackheap_outer.o
         2          0          0          0          0         68   use_no_semi.o
         2          0          0          0          0         68   use_no_semi_2.o
        90          4          0          0          0         92   dfixu.o
        38          0          0          0          0         68   dflt_clz.o
       340         12          0          0          0        104   dmul.o
       156          4          0          0          0         92   dnaninf.o
        12          0          0          0          0         68   dretinf.o
         0          0          0          0          0          0   usenofp.o

    ----------------------------------------------------------------------
      2162         76         58          0         96       2204   Library Totals
        10          0          1          0          0          0   (incl. Padding)

    ----------------------------------------------------------------------

      Code (inc. data)   RO Data    RW Data    ZI Data      Debug   Library Name

      1516         56         57          0         96       1780   c_w.l
       636         20          0          0          0        424   fz_ws.l

    ----------------------------------------------------------------------
      2162         76         58          0         96       2204   Library Totals

    ----------------------------------------------------------------------

==============================================================================


      Code (inc. data)   RO Data    RW Data    ZI Data      Debug   

     29836       2694       7368        488      10640     410694   Grand Totals
     29836       2694       7368        168      10640     410694   ELF Image Totals (compressed)
     29836       2694       7368        168          0          0   ROM Totals

==============================================================================

    Total RO  Size (Code + RO Data)                37204 (  36.33kB)
    Total RW  Size (RW Data + ZI Data)             11128 (  10.87kB)
    Total ROM Size (Code + RO Data + RW Data)      37372 (  36.50kB)

==============================================================================

