<html>
<body>
<pre>
<h1>礦ision Build Log</h1>
<h2>Tool Versions:</h2>
IDE-Version: μVision V5.15
Copyright (C) 2015 ARM Ltd and ARM Germany GmbH. All rights reserved.
License Information: A A, A, LIC=6XJRA-1KJST-EZHWX-H3XH5-MM33N-G19AQ
 
Tool Versions:
Toolchain:       MDK-ARM Professional  Version: 5.15.0
Toolchain Path:  D:\keil5\ARM\ARMCC\Bin
C Compiler:      Armcc.exe V5.05 update 2 (build 169)
Assembler:       Armasm.exe V5.05 update 2 (build 169)
Linker/Locator:  ArmLink.exe V5.05 update 2 (build 169)
Library Manager: ArmAr.exe V5.05 update 2 (build 169)
Hex Converter:   FromElf.exe V5.05 update 2 (build 169)
CPU DLL:         SARMCM3.DLL V5.15.0
Dialog DLL:      DARMSTM.DLL V1.65.0.0
Target DLL:      Segger\JL2CM3.dll V2.99.15.0
Dialog DLL:      TARMSTM.DLL V1.64.0.0
 
<h2>Project:</h2>
D:\STM32自制\2018电赛校赛\2任务二测试\USER\OV7725_OV7670.uvprojx
Project File Date:  06/03/2018

<h2>Output:</h2>
*** Using Compiler 'V5.05 update 2 (build 169)', folder: 'D:\keil5\ARM\ARMCC\Bin'
Rebuild target 'OV7725_OV7670'
compiling main.c...
main.c(151): warning:  #550-D: variable "sensor" was set but never used
        u8 sensor=1;
main.c(153): warning:  #177-D: variable "i" was declared but never referenced
        u8 i=0;     
main.c(154): warning:  #177-D: variable "msgbuf" was declared but never referenced
        u8 msgbuf[15];//??息缓????
main.c(155): warning:  #177-D: variable "tm" was declared but never referenced
        u8 tm=0;
main.c: 4 warnings, 0 errors
compiling stm32f10x_it.c...
compiling system_stm32f10x.c...
compiling beep.c...
compiling Encoder.c...
compiling Motor.c...
compiling led.c...
compiling key.c...
compiling lcd.c...
compiling tpad.c...
compiling exti.c...
compiling timer.c...
compiling sccb.c...
compiling ov7670.c...
compiling ov7725.c...
compiling delay.c...
compiling sys.c...
compiling usart.c...
compiling core_cm3.c...
assembling startup_stm32f10x_hd.s...
compiling misc.c...
compiling stm32f10x_fsmc.c...
compiling stm32f10x_gpio.c...
compiling stm32f10x_rcc.c...
compiling stm32f10x_usart.c...
compiling stm32f10x_exti.c...
compiling stm32f10x_tim.c...
compiling usmart.c...
compiling usmart_config.c...
compiling usmart_str.c...
linking...
Program Size: Code=28128 RO-data=6924 RW-data=444 ZI-data=10644  
FromELF: creating hex file...
"..\OBJ\OV7725_OV7670.axf" - 0 Error(s), 4 Warning(s).

<h2>Collection of Component include folders:</h2>
  D:\STM32自制\2018电赛校赛\2任务二测试\USER\RTE
  D:\keil5\ARM\PACK\Keil\STM32F1xx_DFP\1.1.0\Device\Include

<h2>Collection of Component Files used:</h2>
</pre>
</body>
</html>
