Component: ARM Compiler 5.05 update 2 (build 169) Tool: armlink [4d0f33]

==============================================================================

Section Cross References

    main.o(i.OV7725_camera_refresh) refers to lcd.o(i.LCD_Scan_Dir) for LCD_Scan_Dir
    main.o(i.OV7725_camera_refresh) refers to lcd.o(i.LCD_Set_Window) for LCD_Set_Window
    main.o(i.OV7725_camera_refresh) refers to lcd.o(i.LCD_WriteRAM_Prepare) for LCD_WriteRAM_Prepare
    main.o(i.OV7725_camera_refresh) refers to lcd.o(i.LCD_ShowNum) for LCD_ShowNum
    main.o(i.OV7725_camera_refresh) refers to exti.o(.data) for ov_sta
    main.o(i.OV7725_camera_refresh) refers to lcd.o(.bss) for lcddev
    main.o(i.OV7725_camera_refresh) refers to main.o(.bss) for .bss
    main.o(i.OV7725_camera_refresh) refers to main.o(.data) for .data
    main.o(i.OV7725_camera_refresh) refers to timer.o(.data) for ov_frame
    main.o(i.main) refers to delay.o(i.delay_init) for delay_init
    main.o(i.main) refers to misc.o(i.NVIC_PriorityGroupConfig) for NVIC_PriorityGroupConfig
    main.o(i.main) refers to usart.o(i.uart_init) for uart_init
    main.o(i.main) refers to led.o(i.LED_Init) for LED_Init
    main.o(i.main) refers to key.o(i.KEY_Init) for KEY_Init
    main.o(i.main) refers to lcd.o(i.LCD_Init) for LCD_Init
    main.o(i.main) refers to tpad.o(i.TPAD_Init) for TPAD_Init
    main.o(i.main) refers to beep.o(i.BEEP_Init) for BEEP_Init
    main.o(i.main) refers to motor.o(i.Motor_init) for Motor_init
    main.o(i.main) refers to encoder.o(i.Encoder_exti) for Encoder_exti
    main.o(i.main) refers to lcd.o(i.LCD_ShowString) for LCD_ShowString
    main.o(i.main) refers to ov7725.o(i.OV7725_Window_Set) for OV7725_Window_Set
    main.o(i.main) refers to ov7725.o(i.OV7725_Init) for OV7725_Init
    main.o(i.main) refers to ov7725.o(i.OV7725_Light_Mode) for OV7725_Light_Mode
    main.o(i.main) refers to ov7725.o(i.OV7725_Color_Saturation) for OV7725_Color_Saturation
    main.o(i.main) refers to ov7725.o(i.OV7725_Brightness) for OV7725_Brightness
    main.o(i.main) refers to ov7725.o(i.OV7725_Contrast) for OV7725_Contrast
    main.o(i.main) refers to ov7725.o(i.OV7725_Special_Effects) for OV7725_Special_Effects
    main.o(i.main) refers to timer.o(i.TIM6_Int_Init) for TIM6_Int_Init
    main.o(i.main) refers to exti.o(i.EXTI8_Init) for EXTI8_Init
    main.o(i.main) refers to lcd.o(i.LCD_Clear) for LCD_Clear
    main.o(i.main) refers to main.o(i.OV7725_camera_refresh) for OV7725_camera_refresh
    main.o(i.main) refers to delay.o(i.delay_nms) for delay_nms
    main.o(i.main) refers to motor.o(i.stop) for stop
    main.o(i.main) refers to motor.o(i.forward) for forward
    main.o(i.main) refers to usmart_config.o(.data) for usmart_dev
    main.o(i.main) refers to lcd.o(.data) for POINT_COLOR
    main.o(i.main) refers to main.o(.data) for .data
    main.o(.data) refers to main.o(.conststring) for .conststring
    main.o(.data) refers to main.o(.conststring) for .conststring
    system_stm32f10x.o(i.SystemCoreClockUpdate) refers to system_stm32f10x.o(.data) for .data
    system_stm32f10x.o(i.SystemInit) refers to system_stm32f10x.o(i.SetSysClockTo72) for SetSysClockTo72
    beep.o(i.BEEP_Init) refers to stm32f10x_rcc.o(i.RCC_APB2PeriphClockCmd) for RCC_APB2PeriphClockCmd
    beep.o(i.BEEP_Init) refers to stm32f10x_gpio.o(i.GPIO_Init) for GPIO_Init
    beep.o(i.BEEP_Init) refers to stm32f10x_gpio.o(i.GPIO_ResetBits) for GPIO_ResetBits
    encoder.o(i.Encoder_exti) refers to encoder.o(i.Encoder_init) for Encoder_init
    encoder.o(i.Encoder_exti) refers to stm32f10x_rcc.o(i.RCC_APB2PeriphClockCmd) for RCC_APB2PeriphClockCmd
    encoder.o(i.Encoder_exti) refers to stm32f10x_gpio.o(i.GPIO_EXTILineConfig) for GPIO_EXTILineConfig
    encoder.o(i.Encoder_exti) refers to stm32f10x_exti.o(i.EXTI_Init) for EXTI_Init
    encoder.o(i.Encoder_exti) refers to misc.o(i.NVIC_Init) for NVIC_Init
    encoder.o(i.Encoder_init) refers to stm32f10x_rcc.o(i.RCC_APB2PeriphClockCmd) for RCC_APB2PeriphClockCmd
    encoder.o(i.Encoder_init) refers to stm32f10x_gpio.o(i.GPIO_Init) for GPIO_Init
    encoder.o(i.process) refers to dflt_clz.o(x$fpl$dfltu) for __aeabi_ui2d
    encoder.o(i.process) refers to dmul.o(x$fpl$dmul) for __aeabi_dmul
    encoder.o(i.process) refers to dfixu.o(x$fpl$dfixu) for __aeabi_d2uiz
    encoder.o(i.process) refers to lcd.o(i.LCD_ShowNum) for LCD_ShowNum
    encoder.o(i.process) refers to exti.o(.data) for left_numb
    encoder.o(i.process) refers to encoder.o(.data) for .data
    motor.o(i.Motor_init) refers to stm32f10x_rcc.o(i.RCC_APB2PeriphClockCmd) for RCC_APB2PeriphClockCmd
    motor.o(i.Motor_init) refers to stm32f10x_gpio.o(i.GPIO_Init) for GPIO_Init
    motor.o(i.Motor_init) refers to stm32f10x_gpio.o(i.GPIO_ResetBits) for GPIO_ResetBits
    motor.o(i.SjxForword) refers to motor.o(i.forward) for forward
    motor.o(i.SjxForword) refers to delay.o(i.delay_ms) for delay_ms
    motor.o(i.SjxForword) refers to motor.o(i.stop) for stop
[...]
    .ARM.Collect$$libinit$$0000000A          0x08000208   Section        0  libinit2.o(.ARM.Collect$$libinit$$0000000A)
    .ARM.Collect$$libinit$$0000000C          0x08000208   Section        0  libinit2.o(.ARM.Collect$$libinit$$0000000C)
    .ARM.Collect$$libinit$$0000000E          0x08000208   Section        0  libinit2.o(.ARM.Collect$$libinit$$0000000E)
    .ARM.Collect$$libinit$$00000011          0x08000208   Section        0  libinit2.o(.ARM.Collect$$libinit$$00000011)
    .ARM.Collect$$libinit$$00000013          0x08000208   Section        0  libinit2.o(.ARM.Collect$$libinit$$00000013)
    .ARM.Collect$$libinit$$00000015          0x08000208   Section        0  libinit2.o(.ARM.Collect$$libinit$$00000015)
    .ARM.Collect$$libinit$$00000017          0x08000208   Section        0  libinit2.o(.ARM.Collect$$libinit$$00000017)
    .ARM.Collect$$libinit$$00000019          0x08000208   Section        0  libinit2.o(.ARM.Collect$$libinit$$00000019)
    .ARM.Collect$$libinit$$0000001B          0x08000208   Section        0  libinit2.o(.ARM.Collect$$libinit$$0000001B)
    .ARM.Collect$$libinit$$0000001D          0x08000208   Section        0  libinit2.o(.ARM.Collect$$libinit$$0000001D)
    .ARM.Collect$$libinit$$0000001F          0x08000208   Section        0  libinit2.o(.ARM.Collect$$libinit$$0000001F)
    .ARM.Collect$$libinit$$00000021          0x08000208   Section        0  libinit2.o(.ARM.Collect$$libinit$$00000021)
    .ARM.Collect$$libinit$$00000023          0x08000208   Section        0  libinit2.o(.ARM.Collect$$libinit$$00000023)
    .ARM.Collect$$libinit$$00000025          0x08000208   Section        0  libinit2.o(.ARM.Collect$$libinit$$00000025)
    .ARM.Collect$$libinit$$0000002C          0x08000208   Section        0  libinit2.o(.ARM.Collect$$libinit$$0000002C)
    .ARM.Collect$$libinit$$0000002E          0x08000208   Section        0  libinit2.o(.ARM.Collect$$libinit$$0000002E)
    .ARM.Collect$$libinit$$00000030          0x08000208   Section        0  libinit2.o(.ARM.Collect$$libinit$$00000030)
    .ARM.Collect$$libinit$$00000032          0x08000208   Section        0  libinit2.o(.ARM.Collect$$libinit$$00000032)
    .ARM.Collect$$libinit$$00000033          0x08000208   Section        2  libinit2.o(.ARM.Collect$$libinit$$00000033)
    .ARM.Collect$$libshutdown$$00000000      0x0800020a   Section        2  libshutdown.o(.ARM.Collect$$libshutdown$$00000000)
    .ARM.Collect$$libshutdown$$00000003      0x0800020c   Section        0  libshutdown2.o(.ARM.Collect$$libshutdown$$00000003)
    .ARM.Collect$$libshutdown$$00000006      0x0800020c   Section        0  libshutdown2.o(.ARM.Collect$$libshutdown$$00000006)
    .ARM.Collect$$libshutdown$$00000009      0x0800020c   Section        0  libshutdown2.o(.ARM.Collect$$libshutdown$$00000009)
    .ARM.Collect$$libshutdown$$0000000B      0x0800020c   Section        0  libshutdown2.o(.ARM.Collect$$libshutdown$$0000000B)
    .ARM.Collect$$libshutdown$$0000000E      0x0800020c   Section        0  libshutdown2.o(.ARM.Collect$$libshutdown$$0000000E)
    .ARM.Collect$$libshutdown$$0000000F      0x0800020c   Section        2  libshutdown2.o(.ARM.Collect$$libshutdown$$0000000F)
    .ARM.Collect$$rtentry$$00000000          0x0800020e   Section        0  __rtentry.o(.ARM.Collect$$rtentry$$00000000)
    .ARM.Collect$$rtentry$$00000002          0x0800020e   Section        0  __rtentry2.o(.ARM.Collect$$rtentry$$00000002)
    .ARM.Collect$$rtentry$$00000004          0x0800020e   Section        6  __rtentry4.o(.ARM.Collect$$rtentry$$00000004)
    .ARM.Collect$$rtentry$$00000009          0x08000214   Section        0  __rtentry2.o(.ARM.Collect$$rtentry$$00000009)
    .ARM.Collect$$rtentry$$0000000A          0x08000214   Section        4  __rtentry2.o(.ARM.Collect$$rtentry$$0000000A)
    .ARM.Collect$$rtentry$$0000000C          0x08000218   Section        0  __rtentry2.o(.ARM.Collect$$rtentry$$0000000C)
    .ARM.Collect$$rtentry$$0000000D          0x08000218   Section        8  __rtentry2.o(.ARM.Collect$$rtentry$$0000000D)
    .ARM.Collect$$rtexit$$00000000           0x08000220   Section        2  rtexit.o(.ARM.Collect$$rtexit$$00000000)
    .ARM.Collect$$rtexit$$00000002           0x08000222   Section        0  rtexit2.o(.ARM.Collect$$rtexit$$00000002)
    .ARM.Collect$$rtexit$$00000003           0x08000222   Section        4  rtexit2.o(.ARM.Collect$$rtexit$$00000003)
    .ARM.Collect$$rtexit$$00000004           0x08000226   Section        6  rtexit2.o(.ARM.Collect$$rtexit$$00000004)
    .text                                    0x0800022c   Section       60  startup_stm32f10x_hd.o(.text)
    .text                                    0x08000268   Section        2  use_no_semi_2.o(.text)
    .text                                    0x0800026c   Section        0  noretval__2printf.o(.text)
    .text                                    0x08000284   Section        0  _printf_pad.o(.text)
    .text                                    0x080002d2   Section        0  _printf_str.o(.text)
    .text                                    0x08000324   Section        0  _printf_dec.o(.text)
    .text                                    0x0800039c   Section        0  _printf_hex_int.o(.text)
    .text                                    0x080003f4   Section        0  __printf_flags_ss_wp.o(.text)
    .text                                    0x0800057c   Section        0  heapauxi.o(.text)
    .text                                    0x08000582   Section        2  use_no_semi.o(.text)
    .text                                    0x08000584   Section        0  _printf_intcommon.o(.text)
    .text                                    0x08000636   Section        0  _printf_char.o(.text)
    .text                                    0x08000664   Section        0  _printf_char_file.o(.text)
    .text                                    0x08000688   Section        0  _printf_char_common.o(.text)
    _printf_input_char                       0x08000689   Thumb Code    10  _printf_char_common.o(.text)
    .text                                    0x080006b8   Section        0  ferror.o(.text)
    .text                                    0x080006c0   Section       74  sys_stackheap_outer.o(.text)
    .text                                    0x0800070a   Section        0  exit.o(.text)
    .text                                    0x08000718   Section        8  libspace.o(.text)
    i.BEEP_Init                              0x08000720   Section        0  beep.o(i.BEEP_Init)
    i.BusFault_Handler                       0x08000758   Section        0  stm32f10x_it.o(i.BusFault_Handler)
    i.DebugMon_Handler                       0x0800075a   Section        0  stm32f10x_it.o(i.DebugMon_Handler)
    i.EXTI0_IRQHandler                       0x0800075c   Section        0  exti.o(i.EXTI0_IRQHandler)
    i.EXTI1_IRQHandler                       0x080007ac   Section        0  exti.o(i.EXTI1_IRQHandler)
    i.EXTI2_IRQHandler                       0x08000808   Section        0  exti.o(i.EXTI2_IRQHandler)
    i.EXTI3_IRQHandler                       0x08000840   Section        0  exti.o(i.EXTI3_IRQHandler)
    i.EXTI4_IRQHandler                       0x08000878   Section        0  exti.o(i.EXTI4_IRQHandler)
    i.EXTI8_Init                             0x080008b0   Section        0  exti.o(i.EXTI8_Init)
    i.EXTI9_5_IRQHandler                     0x080008f4   Section        0  exti.o(i.EXTI9_5_IRQHandler)
    i.EXTI_ClearITPendingBit                 0x0800093c   Section        0  stm32f10x_exti.o(i.EXTI_ClearITPendingBit)
    i.EXTI_GetITStatus                       0x08000948   Section        0  stm32f10x_exti.o(i.EXTI_GetITStatus)
    i.EXTI_Init                              0x08000968   Section        0  stm32f10x_exti.o(i.EXTI_Init)
    i.Encoder_exti                           0x080009d8   Section        0  encoder.o(i.Encoder_exti)
    i.Encoder_init                           0x08000a50   Section        0  encoder.o(i.Encoder_init)
    i.FSMC_NORSRAMCmd                        0x08000a8c   Section        0  stm32f10x_fsmc.o(i.FSMC_NORSRAMCmd)
    i.FSMC_NORSRAMInit                       0x08000aac   Section        0  stm32f10x_fsmc.o(i.FSMC_NORSRAMInit)
    i.GPIO_EXTILineConfig                    0x08000b74   Section        0  stm32f10x_gpio.o(i.GPIO_EXTILineConfig)
    i.GPIO_Init                              0x08000b9c   Section        0  stm32f10x_gpio.o(i.GPIO_Init)
    i.GPIO_PinRemapConfig                    0x08000c38   Section        0  stm32f10x_gpio.o(i.GPIO_PinRemapConfig)
    i.GPIO_ReadInputDataBit                  0x08000c90   Section        0  stm32f10x_gpio.o(i.GPIO_ReadInputDataBit)
    i.GPIO_ResetBits                         0x08000c9e   Section        0  stm32f10x_gpio.o(i.GPIO_ResetBits)
    i.GPIO_SetBits                           0x08000ca2   Section        0  stm32f10x_gpio.o(i.GPIO_SetBits)
    i.HardFault_Handler                      0x08000ca6   Section        0  stm32f10x_it.o(i.HardFault_Handler)
    i.KEY_Init                               0x08000ca8   Section        0  key.o(i.KEY_Init)
    i.LCD_Clear                              0x08000ce4   Section        0  lcd.o(i.LCD_Clear)
    i.LCD_Display_Dir                        0x08000d50   Section        0  lcd.o(i.LCD_Display_Dir)
    i.LCD_Fast_DrawPoint                     0x08000e84   Section        0  lcd.o(i.LCD_Fast_DrawPoint)
    i.LCD_Init                               0x08000fa0   Section        0  lcd.o(i.LCD_Init)
    i.LCD_Pow                                0x08003db8   Section        0  lcd.o(i.LCD_Pow)
    i.LCD_RD_DATA                            0x08003dc8   Section        0  lcd.o(i.LCD_RD_DATA)
    i.LCD_ReadReg                            0x08003ddc   Section        0  lcd.o(i.LCD_ReadReg)
    i.LCD_SSD_BackLightSet                   0x08003df4   Section        0  lcd.o(i.LCD_SSD_BackLightSet)
    i.LCD_Scan_Dir                           0x08003e30   Section        0  lcd.o(i.LCD_Scan_Dir)
    i.LCD_SetCursor                          0x08003fd8   Section        0  lcd.o(i.LCD_SetCursor)
    i.LCD_Set_Window                         0x08004120   Section        0  lcd.o(i.LCD_Set_Window)
    i.LCD_ShowChar                           0x0800429c   Section        0  lcd.o(i.LCD_ShowChar)
    i.LCD_ShowNum                            0x08004368   Section        0  lcd.o(i.LCD_ShowNum)
    i.LCD_ShowString                         0x080043de   Section        0  lcd.o(i.LCD_ShowString)
    i.LCD_WriteRAM_Prepare                   0x08004434   Section        0  lcd.o(i.LCD_WriteRAM_Prepare)
    i.LCD_WriteReg                           0x08004448   Section        0  lcd.o(i.LCD_WriteReg)
    i.LED_Init                               0x08004458   Section        0  led.o(i.LED_Init)
    i.MemManage_Handler                      0x080044a8   Section        0  stm32f10x_it.o(i.MemManage_Handler)
    i.Motor_init                             0x080044ac   Section        0  motor.o(i.Motor_init)
    i.NMI_Handler                            0x080044f8   Section        0  stm32f10x_it.o(i.NMI_Handler)
    i.NVIC_Init                              0x080044fc   Section        0  misc.o(i.NVIC_Init)
    i.NVIC_PriorityGroupConfig               0x08004560   Section        0  misc.o(i.NVIC_PriorityGroupConfig)
    i.OV7670_Window_Set                      0x08004574   Section        0  ov7670.o(i.OV7670_Window_Set)
    i.OV7725_Brightness                      0x080045e2   Section        0  ov7725.o(i.OV7725_Brightness)
    i.OV7725_Color_Saturation                0x08004630   Section        0  ov7725.o(i.OV7725_Color_Saturation)
    i.OV7725_Contrast                        0x08004652   Section        0  ov7725.o(i.OV7725_Contrast)
    i.OV7725_Init                            0x08004668   Section        0  ov7725.o(i.OV7725_Init)
    i.OV7725_Light_Mode                      0x080047c4   Section        0  ov7725.o(i.OV7725_Light_Mode)
    i.OV7725_Special_Effects                 0x0800485c   Section        0  ov7725.o(i.OV7725_Special_Effects)
    i.OV7725_Window_Set                      0x080048e6   Section        0  ov7725.o(i.OV7725_Window_Set)
    i.OV7725_camera_refresh                  0x08004a2c   Section        0  main.o(i.OV7725_camera_refresh)
    i.PendSV_Handler                         0x08004c1c   Section        0  stm32f10x_it.o(i.PendSV_Handler)
    i.RCC_AHBPeriphClockCmd                  0x08004c20   Section        0  stm32f10x_rcc.o(i.RCC_AHBPeriphClockCmd)
    i.RCC_APB1PeriphClockCmd                 0x08004c38   Section        0  stm32f10x_rcc.o(i.RCC_APB1PeriphClockCmd)
    i.RCC_APB2PeriphClockCmd                 0x08004c50   Section        0  stm32f10x_rcc.o(i.RCC_APB2PeriphClockCmd)
    i.RCC_GetClocksFreq                      0x08004c68   Section        0  stm32f10x_rcc.o(i.RCC_GetClocksFreq)
    i.SCCB_Init                              0x08004cfc   Section        0  sccb.o(i.SCCB_Init)
    i.SCCB_No_Ack                            0x08004d68   Section        0  sccb.o(i.SCCB_No_Ack)
    i.SCCB_RD_Byte                           0x08004dac   Section        0  sccb.o(i.SCCB_RD_Byte)
    i.SCCB_RD_Reg                            0x08004e20   Section        0  sccb.o(i.SCCB_RD_Reg)
    i.SCCB_Start                             0x08004e6c   Section        0  sccb.o(i.SCCB_Start)
    i.SCCB_Stop                              0x08004ea0   Section        0  sccb.o(i.SCCB_Stop)
    i.SCCB_WR_Byte                           0x08004ed8   Section        0  sccb.o(i.SCCB_WR_Byte)
    i.SCCB_WR_Reg                            0x08004f68   Section        0  sccb.o(i.SCCB_WR_Reg)
    i.SVC_Handler                            0x08004fa6   Section        0  stm32f10x_it.o(i.SVC_Handler)
    i.SetSysClockTo72                        0x08004fa8   Section        0  system_stm32f10x.o(i.SetSysClockTo72)
    SetSysClockTo72                          0x08004fa9   Thumb Code   160  system_stm32f10x.o(i.SetSysClockTo72)
    i.SysTick_CLKSourceConfig                0x08005050   Section        0  misc.o(i.SysTick_CLKSourceConfig)
    i.SysTick_Handler                        0x08005068   Section        0  stm32f10x_it.o(i.SysTick_Handler)
    i.SystemInit                             0x0800506c   Section        0  system_stm32f10x.o(i.SystemInit)
    i.TI1_Config                             0x080050bc   Section        0  stm32f10x_tim.o(i.TI1_Config)
    TI1_Config                               0x080050bd   Thumb Code    88  stm32f10x_tim.o(i.TI1_Config)
    i.TI2_Config                             0x08005128   Section        0  stm32f10x_tim.o(i.TI2_Config)
    TI2_Config                               0x08005129   Thumb Code   102  stm32f10x_tim.o(i.TI2_Config)
    i.TIM3_IRQHandler                        0x080051a4   Section        0  timer.o(i.TIM3_IRQHandler)
    i.TIM4_IRQHandler                        0x080051d8   Section        0  usmart.o(i.TIM4_IRQHandler)
    i.TIM5_CH2_Cap_Init                      0x08005214   Section        0  tpad.o(i.TIM5_CH2_Cap_Init)
    i.TIM5_IRQHandler                        0x08005294   Section        0  timer.o(i.TIM5_IRQHandler)
    i.TIM6_IRQHandler                        0x0800531c   Section        0  timer.o(i.TIM6_IRQHandler)
    i.TIM6_Int_Init                          0x0800535c   Section        0  timer.o(i.TIM6_Int_Init)
    i.TIM_ClearFlag                          0x080053bc   Section        0  stm32f10x_tim.o(i.TIM_ClearFlag)
    i.TIM_ClearITPendingBit                  0x080053c2   Section        0  stm32f10x_tim.o(i.TIM_ClearITPendingBit)
    i.TIM_Cmd                                0x080053c8   Section        0  stm32f10x_tim.o(i.TIM_Cmd)
    i.TIM_GetCapture1                        0x080053dc   Section        0  stm32f10x_tim.o(i.TIM_GetCapture1)
    i.TIM_GetCapture2                        0x080053e0   Section        0  stm32f10x_tim.o(i.TIM_GetCapture2)
    i.TIM_GetCounter                         0x080053e4   Section        0  stm32f10x_tim.o(i.TIM_GetCounter)
    i.TIM_GetFlagStatus                      0x080053e8   Section        0  stm32f10x_tim.o(i.TIM_GetFlagStatus)
    i.TIM_GetITStatus                        0x080053f6   Section        0  stm32f10x_tim.o(i.TIM_GetITStatus)
    i.TIM_ICInit                             0x08005410   Section        0  stm32f10x_tim.o(i.TIM_ICInit)
    i.TIM_ITConfig                           0x0800553c   Section        0  stm32f10x_tim.o(i.TIM_ITConfig)
    i.TIM_OC1PolarityConfig                  0x0800554c   Section        0  stm32f10x_tim.o(i.TIM_OC1PolarityConfig)
    i.TIM_SetAutoreload                      0x08005558   Section        0  stm32f10x_tim.o(i.TIM_SetAutoreload)
    i.TIM_SetCounter                         0x0800555c   Section        0  stm32f10x_tim.o(i.TIM_SetCounter)
    i.TIM_SetIC1Prescaler                    0x08005560   Section        0  stm32f10x_tim.o(i.TIM_SetIC1Prescaler)
    i.TIM_SetIC2Prescaler                    0x08005570   Section        0  stm32f10x_tim.o(i.TIM_SetIC2Prescaler)
    i.TIM_SetIC3Prescaler                    0x08005588   Section        0  stm32f10x_tim.o(i.TIM_SetIC3Prescaler)
    i.TIM_SetIC4Prescaler                    0x08005598   Section        0  stm32f10x_tim.o(i.TIM_SetIC4Prescaler)
    i.TIM_TimeBaseInit                       0x080055b0   Section        0  stm32f10x_tim.o(i.TIM_TimeBaseInit)
    i.TPAD_Get_Val                           0x0800564c   Section        0  tpad.o(i.TPAD_Get_Val)
    i.TPAD_Init                              0x08005688   Section        0  tpad.o(i.TPAD_Init)
    i.TPAD_Reset                             0x08005730   Section        0  tpad.o(i.TPAD_Reset)
    i.Timer4_Init                            0x08005790   Section        0  usmart.o(i.Timer4_Init)
    i.USART1_IRQHandler                      0x080057f0   Section        0  usart.o(i.USART1_IRQHandler)
    i.USART_Cmd                              0x08005854   Section        0  stm32f10x_usart.o(i.USART_Cmd)
    i.USART_GetITStatus                      0x08005868   Section        0  stm32f10x_usart.o(i.USART_GetITStatus)
    i.USART_ITConfig                         0x080058a6   Section        0  stm32f10x_usart.o(i.USART_ITConfig)
    i.USART_Init                             0x080058d8   Section        0  stm32f10x_usart.o(i.USART_Init)
    i.USART_ReceiveData                      0x08005984   Section        0  stm32f10x_usart.o(i.USART_ReceiveData)
    i.UsageFault_Handler                     0x0800598c   Section        0  stm32f10x_it.o(i.UsageFault_Handler)
    i._is_digit                              0x0800598e   Section        0  __printf_wp.o(i._is_digit)
    i._sys_exit                              0x0800599c   Section        0  usart.o(i._sys_exit)
    i.delay_init                             0x080059a0   Section        0  delay.o(i.delay_init)
    i.delay_ms                               0x080059dc   Section        0  delay.o(i.delay_ms)
    i.delay_nms                              0x08005a10   Section        0  delay.o(i.delay_nms)
    i.delay_us                               0x08005a28   Section        0  delay.o(i.delay_us)
    i.forward                                0x08005a5c   Section        0  motor.o(i.forward)
    i.fputc                                  0x08005a78   Section        0  usart.o(i.fputc)
    i.main                                   0x08005a90   Section        0  main.o(i.main)
    i.read_addr                              0x08005d10   Section        0  usmart.o(i.read_addr)
    i.stop                                   0x08005d14   Section        0  motor.o(i.stop)
    i.uart_init                              0x08005d30   Section        0  usart.o(i.uart_init)
    i.usmart_cmd_rec                         0x08005dd0   Section        0  usmart.o(i.usmart_cmd_rec)
    i.usmart_exe                             0x08005e64   Section        0  usmart.o(i.usmart_exe)
    i.usmart_get_aparm                       0x080060c4   Section        0  usmart_str.o(i.usmart_get_aparm)
    i.usmart_get_cmdname                     0x08006160   Section        0  usmart_str.o(i.usmart_get_cmdname)
    i.usmart_get_fname                       0x08006190   Section        0  usmart_str.o(i.usmart_get_fname)
    i.usmart_get_fparam                      0x080062f8   Section        0  usmart_str.o(i.usmart_get_fparam)
    i.usmart_get_parmpos                     0x080063c8   Section        0  usmart_str.o(i.usmart_get_parmpos)
    i.usmart_get_runtime                     0x080063ec   Section        0  usmart.o(i.usmart_get_runtime)
    i.usmart_init                            0x08006424   Section        0  usmart.o(i.usmart_init)
    i.usmart_pow                             0x0800644c   Section        0  usmart_str.o(i.usmart_pow)
    i.usmart_reset_runtime                   0x0800645c   Section        0  usmart.o(i.usmart_reset_runtime)
    i.usmart_scan                            0x0800648c   Section        0  usmart.o(i.usmart_scan)
    i.usmart_search_nextc                    0x08006530   Section        0  usmart_str.o(i.usmart_search_nextc)
    i.usmart_str2num                         0x08006540   Section        0  usmart_str.o(i.usmart_str2num)
    i.usmart_strcmp                          0x080065e0   Section        0  usmart_str.o(i.usmart_strcmp)
    i.usmart_strcopy                         0x080065f8   Section        0  usmart_str.o(i.usmart_strcopy)
    i.usmart_strlen                          0x0800660a   Section        0  usmart_str.o(i.usmart_strlen)
    i.usmart_sys_cmd_exe                     0x0800661c   Section        0  usmart.o(i.usmart_sys_cmd_exe)
    i.write_addr                             0x08006c8c   Section        0  usmart.o(i.write_addr)
    x$fpl$dfixu                              0x08006c90   Section       90  dfixu.o(x$fpl$dfixu)
    x$fpl$dfltu                              0x08006cea   Section       38  dflt_clz.o(x$fpl$dfltu)
    x$fpl$dmul                               0x08006d10   Section      340  dmul.o(x$fpl$dmul)
    x$fpl$dnaninf                            0x08006e64   Section      156  dnaninf.o(x$fpl$dnaninf)
    x$fpl$dretinf                            0x08006f00   Section       12  dretinf.o(x$fpl$dretinf)
    .constdata                               0x08006f0c   Section     6080  lcd.o(.constdata)
    x$fpl$usenofp                            0x08006f0c   Section        0  usenofp.o(x$fpl$usenofp)
    .constdata                               0x080086cc   Section      130  ov7725.o(.constdata)
    .constdata                               0x0800874e   Section       40  _printf_hex_int.o(.constdata)
    uc_hextab                                0x0800874e   Data          20  _printf_hex_int.o(.constdata)
    lc_hextab                                0x08008762   Data          20  _printf_hex_int.o(.constdata)
    .constdata                               0x08008776   Section       17  __printf_flags_ss_wp.o(.constdata)
    maptable                                 0x08008776   Data          17  __printf_flags_ss_wp.o(.constdata)
    .conststring                             0x08008788   Section       40  usmart.o(.conststring)
    .conststring                             0x080087b0   Section      279  usmart_config.o(.conststring)
    .data                                    0x20000000   Section       32  main.o(.data)
    .data                                    0x20000020   Section       20  system_stm32f10x.o(.data)
    .data                                    0x20000034   Section        4  lcd.o(.data)
    .data                                    0x20000038   Section        4  tpad.o(.data)
    keyen                                    0x20000038   Data           1  tpad.o(.data)
    .data                                    0x2000003c   Section       12  exti.o(.data)
    .data                                    0x20000048   Section        4  timer.o(.data)
    .data                                    0x2000004c   Section        4  delay.o(.data)
    fac_us                                   0x2000004c   Data           1  delay.o(.data)
    fac_ms                                   0x2000004e   Data           2  delay.o(.data)
    .data                                    0x20000050   Section        2  usart.o(.data)
    .data                                    0x20000054   Section        4  usart.o(.data)
    .data                                    0x20000058   Section       20  stm32f10x_rcc.o(.data)
    ADCPrescTable                            0x20000058   Data           4  stm32f10x_rcc.o(.data)
    APBAHBPrescTable                         0x2000005c   Data          16  stm32f10x_rcc.o(.data)
    .data                                    0x2000006c   Section       28  usmart.o(.data)
    .data                                    0x20000088   Section       64  usmart_config.o(.data)
    .data                                    0x200000c8   Section      244  usmart_config.o(.data)
    .bss                                     0x200001bc   Section     9306  main.o(.bss)
    .bss                                     0x20002616   Section       14  lcd.o(.bss)
    .bss                                     0x20002624   Section      200  usart.o(.bss)
    .bss                                     0x200026ec   Section       96  libspace.o(.bss)
    HEAP                                     0x20002750   Section        0  startup_stm32f10x_hd.o(HEAP)
    STACK                                    0x20002750   Section     1024  startup_stm32f10x_hd.o(STACK)
    Heap_Mem                                 0x20002750   Data           0  startup_stm32f10x_hd.o(HEAP)
    Stack_Mem                                0x20002750   Data        1024  startup_stm32f10x_hd.o(STACK)
    __initial_sp                             0x20002b50   Data           0  startup_stm32f10x_hd.o(STACK)

    Global Symbols

    Symbol Name                              Value     Ov Type        Size  Object(Section)

    BuildAttributes$$THM_ISAv4$P$D$K$B$S$PE$A:L22UL41UL21$X:L11$S22US41US21$IEEE1$IW$USESV6$~STKCKD$USESV7$~SHL$OSPACE$ROPI$EBA8$UX$STANDARDLIB$REQ8$PRES8$EABIv2 0x00000000   Number         0  anon$$obj.o ABSOLUTE
    __ARM_use_no_argv                        0x00000000   Number         0  main.o ABSOLUTE
    _printf_flags                            0x00000000   Number         0  printf_stubs.o ABSOLUTE
    _printf_return_value                     0x00000000   Number         0  printf_stubs.o ABSOLUTE
    _printf_sizespec                         0x00000000   Number         0  printf_stubs.o ABSOLUTE
    _printf_widthprec                        0x00000000   Number         0  printf_stubs.o ABSOLUTE
    __ARM_exceptions_init                     - Undefined Weak Reference
    __alloca_initialize                       - Undefined Weak Reference
    __arm_preinit_                            - Undefined Weak Reference
    __cpp_initialize__aeabi_                  - Undefined Weak Reference
    __cxa_finalize                            - Undefined Weak Reference
    __rt_locale                               - Undefined Weak Reference
    __sigvec_lookup                           - Undefined Weak Reference
    _atexit_init                              - Undefined Weak Reference
    _call_atexit_fns                          - Undefined Weak Reference
    _clock_init                               - Undefined Weak Reference
    _fp_trap_init                             - Undefined Weak Reference
    _fp_trap_shutdown                         - Undefined Weak Reference
    _get_lc_collate                           - Undefined Weak Reference
    _get_lc_ctype                             - Undefined Weak Reference
    _get_lc_monetary                          - Undefined Weak Reference
    _get_lc_numeric                           - Undefined Weak Reference
    _get_lc_time                              - Undefined Weak Reference
    _getenv_init                              - Undefined Weak Reference
    _handle_redirection                       - Undefined Weak Reference
    _init_alloc                               - Undefined Weak Reference
    _init_user_alloc                          - Undefined Weak Reference
    _initio                                   - Undefined Weak Reference
    _mutex_acquire                            - Undefined Weak Reference
    _mutex_release                            - Undefined Weak Reference
    _printf_mbtowc                            - Undefined Weak Reference
    _printf_truncate_signed                   - Undefined Weak Reference
    _printf_truncate_unsigned                 - Undefined Weak Reference
    _rand_init                                - Undefined Weak Reference
    _signal_finish                            - Undefined Weak Reference
    _signal_init                              - Undefined Weak Reference
    _terminate_alloc                          - Undefined Weak Reference
    _terminate_user_alloc                     - Undefined Weak Reference
    _terminateio                              - Undefined Weak Reference
    __Vectors_Size                           0x00000130   Number         0  startup_stm32f10x_hd.o ABSOLUTE
    __Vectors                                0x08000000   Data           4  startup_stm32f10x_hd.o(RESET)
    __Vectors_End                            0x08000130   Data           0  startup_stm32f10x_hd.o(RESET)
    __main                                   0x08000131   Thumb Code     8  __main.o(!!!main)
    __scatterload                            0x08000139   Thumb Code     0  __scatter.o(!!!scatter)
    __scatterload_rt2                        0x08000139   Thumb Code    44  __scatter.o(!!!scatter)
    __scatterload_rt2_thumb_only             0x08000139   Thumb Code     0  __scatter.o(!!!scatter)
    __scatterload_null                       0x08000147   Thumb Code     0  __scatter.o(!!!scatter)
    __decompress                             0x0800016d   Thumb Code    90  __dczerorl2.o(!!dczerorl2)
    __decompress1                            0x0800016d   Thumb Code     0  __dczerorl2.o(!!dczerorl2)
    __scatterload_zeroinit                   0x080001c9   Thumb Code    28  __scatter_zi.o(!!handler_zi)
    _printf_d                                0x080001e5   Thumb Code     0  _printf_d.o(.ARM.Collect$$_printf_percent$$00000009)
    _printf_percent                          0x080001e5   Thumb Code     0  _printf_percent.o(.ARM.Collect$$_printf_percent$$00000000)
    _printf_u                                0x080001eb   Thumb Code     0  _printf_u.o(.ARM.Collect$$_printf_percent$$0000000A)
    _printf_x                                0x080001f1   Thumb Code     0  _printf_x.o(.ARM.Collect$$_printf_percent$$0000000C)
    _printf_c                                0x080001f7   Thumb Code     0  _printf_c.o(.ARM.Collect$$_printf_percent$$00000013)
    _printf_s                                0x080001fd   Thumb Code     0  _printf_s.o(.ARM.Collect$$_printf_percent$$00000014)
    _printf_percent_end                      0x08000203   Thumb Code     0  _printf_percent_end.o(.ARM.Collect$$_printf_percent$$00000017)
    __rt_lib_init                            0x08000207   Thumb Code     0  libinit.o(.ARM.Collect$$libinit$$00000000)
    __rt_lib_init_alloca_1                   0x08000209   Thumb Code     0  libinit2.o(.ARM.Collect$$libinit$$0000002E)
    __rt_lib_init_argv_1                     0x08000209   Thumb Code     0  libinit2.o(.ARM.Collect$$libinit$$0000002C)
    __rt_lib_init_atexit_1                   0x08000209   Thumb Code     0  libinit2.o(.ARM.Collect$$libinit$$0000001B)
    __rt_lib_init_clock_1                    0x08000209   Thumb Code     0  libinit2.o(.ARM.Collect$$libinit$$00000021)
    __rt_lib_init_cpp_1                      0x08000209   Thumb Code     0  libinit2.o(.ARM.Collect$$libinit$$00000032)
    __rt_lib_init_exceptions_1               0x08000209   Thumb Code     0  libinit2.o(.ARM.Collect$$libinit$$00000030)
    __rt_lib_init_fp_1                       0x08000209   Thumb Code     0  libinit2.o(.ARM.Collect$$libinit$$00000002)
    __rt_lib_init_fp_trap_1                  0x08000209   Thumb Code     0  libinit2.o(.ARM.Collect$$libinit$$0000001F)
    __rt_lib_init_getenv_1                   0x08000209   Thumb Code     0  libinit2.o(.ARM.Collect$$libinit$$00000023)
    __rt_lib_init_heap_1                     0x08000209   Thumb Code     0  libinit2.o(.ARM.Collect$$libinit$$0000000A)
    __rt_lib_init_lc_collate_1               0x08000209   Thumb Code     0  libinit2.o(.ARM.Collect$$libinit$$00000011)
    __rt_lib_init_lc_ctype_1                 0x08000209   Thumb Code     0  libinit2.o(.ARM.Collect$$libinit$$00000013)
    __rt_lib_init_lc_monetary_1              0x08000209   Thumb Code     0  libinit2.o(.ARM.Collect$$libinit$$00000015)
    __rt_lib_init_lc_numeric_1               0x08000209   Thumb Code     0  libinit2.o(.ARM.Collect$$libinit$$00000017)
    __rt_lib_init_lc_time_1                  0x08000209   Thumb Code     0  libinit2.o(.ARM.Collect$$libinit$$00000019)
    __rt_lib_init_preinit_1                  0x08000209   Thumb Code     0  libinit2.o(.ARM.Collect$$libinit$$00000004)
    __rt_lib_init_rand_1                     0x08000209   Thumb Code     0  libinit2.o(.ARM.Collect$$libinit$$0000000E)
    __rt_lib_init_return                     0x08000209   Thumb Code     0  libinit2.o(.ARM.Collect$$libinit$$00000033)
    __rt_lib_init_signal_1                   0x08000209   Thumb Code     0  libinit2.o(.ARM.Collect$$libinit$$0000001D)
    __rt_lib_init_stdio_1                    0x08000209   Thumb Code     0  libinit2.o(.ARM.Collect$$libinit$$00000025)
    __rt_lib_init_user_alloc_1               0x08000209   Thumb Code     0  libinit2.o(.ARM.Collect$$libinit$$0000000C)
    __rt_lib_shutdown                        0x0800020b   Thumb Code     0  libshutdown.o(.ARM.Collect$$libshutdown$$00000000)
    __rt_lib_shutdown_fp_trap_1              0x0800020d   Thumb Code     0  libshutdown2.o(.ARM.Collect$$libshutdown$$00000006)
    __rt_lib_shutdown_heap_1                 0x0800020d   Thumb Code     0  libshutdown2.o(.ARM.Collect$$libshutdown$$0000000E)
    __rt_lib_shutdown_return                 0x0800020d   Thumb Code     0  libshutdown2.o(.ARM.Collect$$libshutdown$$0000000F)
    __rt_lib_shutdown_signal_1               0x0800020d   Thumb Code     0  libshutdown2.o(.ARM.Collect$$libshutdown$$00000009)
    __rt_lib_shutdown_stdio_1                0x0800020d   Thumb Code     0  libshutdown2.o(.ARM.Collect$$libshutdown$$00000003)
    __rt_lib_shutdown_user_alloc_1           0x0800020d   Thumb Code     0  libshutdown2.o(.ARM.Collect$$libshutdown$$0000000B)
    __rt_entry                               0x0800020f   Thumb Code     0  __rtentry.o(.ARM.Collect$$rtentry$$00000000)
    __rt_entry_presh_1                       0x0800020f   Thumb Code     0  __rtentry2.o(.ARM.Collect$$rtentry$$00000002)
    __rt_entry_sh                            0x0800020f   Thumb Code     0  __rtentry4.o(.ARM.Collect$$rtentry$$00000004)
    __rt_entry_li                            0x08000215   Thumb Code     0  __rtentry2.o(.ARM.Collect$$rtentry$$0000000A)
    __rt_entry_postsh_1                      0x08000215   Thumb Code     0  __rtentry2.o(.ARM.Collect$$rtentry$$00000009)
    __rt_entry_main                          0x08000219   Thumb Code     0  __rtentry2.o(.ARM.Collect$$rtentry$$0000000D)
    __rt_entry_postli_1                      0x08000219   Thumb Code     0  __rtentry2.o(.ARM.Collect$$rtentry$$0000000C)
    __rt_exit                                0x08000221   Thumb Code     0  rtexit.o(.ARM.Collect$$rtexit$$00000000)
    __rt_exit_ls                             0x08000223   Thumb Code     0  rtexit2.o(.ARM.Collect$$rtexit$$00000003)
    __rt_exit_prels_1                        0x08000223   Thumb Code     0  rtexit2.o(.ARM.Collect$$rtexit$$00000002)
    __rt_exit_exit                           0x08000227   Thumb Code     0  rtexit2.o(.ARM.Collect$$rtexit$$00000004)
    Reset_Handler                            0x0800022d   Thumb Code     8  startup_stm32f10x_hd.o(.text)
    ADC1_2_IRQHandler                        0x08000247   Thumb Code     0  startup_stm32f10x_hd.o(.text)
    ADC3_IRQHandler                          0x08000247   Thumb Code     0  startup_stm32f10x_hd.o(.text)
    CAN1_RX1_IRQHandler                      0x08000247   Thumb Code     0  startup_stm32f10x_hd.o(.text)
    CAN1_SCE_IRQHandler                      0x08000247   Thumb Code     0  startup_stm32f10x_hd.o(.text)
    DMA1_Channel1_IRQHandler                 0x08000247   Thumb Code     0  startup_stm32f10x_hd.o(.text)
    DMA1_Channel2_IRQHandler                 0x08000247   Thumb Code     0  startup_stm32f10x_hd.o(.text)
    DMA1_Channel3_IRQHandler                 0x08000247   Thumb Code     0  startup_stm32f10x_hd.o(.text)
    DMA1_Channel4_IRQHandler                 0x08000247   Thumb Code     0  startup_stm32f10x_hd.o(.text)
    DMA1_Channel5_IRQHandler                 0x08000247   Thumb Code     0  startup_stm32f10x_hd.o(.text)
    DMA1_Channel6_IRQHandler                 0x08000247   Thumb Code     0  startup_stm32f10x_hd.o(.text)
    DMA1_Channel7_IRQHandler                 0x08000247   Thumb Code     0  startup_stm32f10x_hd.o(.text)
    DMA2_Channel1_IRQHandler                 0x08000247   Thumb Code     0  startup_stm32f10x_hd.o(.text)
    DMA2_Channel2_IRQHandler                 0x08000247   Thumb Code     0  startup_stm32f10x_hd.o(.text)
    DMA2_Channel3_IRQHandler                 0x08000247   Thumb Code     0  startup_stm32f10x_hd.o(.text)
    DMA2_Channel4_5_IRQHandler               0x08000247   Thumb Code     0  startup_stm32f10x_hd.o(.text)
    EXTI15_10_IRQHandler                     0x08000247   Thumb Code     0  startup_stm32f10x_hd.o(.text)
    FLASH_IRQHandler                         0x08000247   Thumb Code     0  startup_stm32f10x_hd.o(.text)
    FSMC_IRQHandler                          0x08000247   Thumb Code     0  startup_stm32f10x_hd.o(.text)
    I2C1_ER_IRQHandler                       0x08000247   Thumb Code     0  startup_stm32f10x_hd.o(.text)
    I2C1_EV_IRQHandler                       0x08000247   Thumb Code     0  startup_stm32f10x_hd.o(.text)
    I2C2_ER_IRQHandler                       0x08000247   Thumb Code     0  startup_stm32f10x_hd.o(.text)
    I2C2_EV_IRQHandler                       0x08000247   Thumb Code     0  startup_stm32f10x_hd.o(.text)
    PVD_IRQHandler                           0x08000247   Thumb Code     0  startup_stm32f10x_hd.o(.text)
    RCC_IRQHandler                           0x08000247   Thumb Code     0  startup_stm32f10x_hd.o(.text)
    RTCAlarm_IRQHandler                      0x08000247   Thumb Code     0  startup_stm32f10x_hd.o(.text)
    RTC_IRQHandler                           0x08000247   Thumb Code     0  startup_stm32f10x_hd.o(.text)
    SDIO_IRQHandler                          0x08000247   Thumb Code     0  startup_stm32f10x_hd.o(.text)
    SPI1_IRQHandler                          0x08000247   Thumb Code     0  startup_stm32f10x_hd.o(.text)
    SPI2_IRQHandler                          0x08000247   Thumb Code     0  startup_stm32f10x_hd.o(.text)
    SPI3_IRQHandler                          0x08000247   Thumb Code     0  startup_stm32f10x_hd.o(.text)
    TAMPER_IRQHandler                        0x08000247   Thumb Code     0  startup_stm32f10x_hd.o(.text)
    TIM1_BRK_IRQHandler                      0x08000247   Thumb Code     0  startup_stm32f10x_hd.o(.text)
    TIM1_CC_IRQHandler                       0x08000247   Thumb Code     0  startup_stm32f10x_hd.o(.text)
    TIM1_TRG_COM_IRQHandler                  0x08000247   Thumb Code     0  startup_stm32f10x_hd.o(.text)
    TIM1_UP_IRQHandler                       0x08000247   Thumb Code     0  startup_stm32f10x_hd.o(.text)
    TIM2_IRQHandler                          0x08000247   Thumb Code     0  startup_stm32f10x_hd.o(.text)
    TIM7_IRQHandler                          0x08000247   Thumb Code     0  startup_stm32f10x_hd.o(.text)
    TIM8_BRK_IRQHandler                      0x08000247   Thumb Code     0  startup_stm32f10x_hd.o(.text)
    TIM8_CC_IRQHandler                       0x08000247   Thumb Code     0  startup_stm32f10x_hd.o(.text)
    TIM8_TRG_COM_IRQHandler                  0x08000247   Thumb Code     0  startup_stm32f10x_hd.o(.text)
    TIM8_UP_IRQHandler                       0x08000247   Thumb Code     0  startup_stm32f10x_hd.o(.text)
    UART4_IRQHandler                         0x08000247   Thumb Code     0  startup_stm32f10x_hd.o(.text)
    UART5_IRQHandler                         0x08000247   Thumb Code     0  startup_stm32f10x_hd.o(.text)
    USART2_IRQHandler                        0x08000247   Thumb Code     0  startup_stm32f10x_hd.o(.text)
    USART3_IRQHandler                        0x08000247   Thumb Code     0  startup_stm32f10x_hd.o(.text)
    USBWakeUp_IRQHandler                     0x08000247   Thumb Code     0  startup_stm32f10x_hd.o(.text)
    USB_HP_CAN1_TX_IRQHandler                0x08000247   Thumb Code     0  startup_stm32f10x_hd.o(.text)
    USB_LP_CAN1_RX0_IRQHandler               0x08000247   Thumb Code     0  startup_stm32f10x_hd.o(.text)
    WWDG_IRQHandler                          0x08000247   Thumb Code     0  startup_stm32f10x_hd.o(.text)
    __user_initial_stackheap                 0x08000249   Thumb Code     0  startup_stm32f10x_hd.o(.text)
    __use_no_semihosting                     0x08000269   Thumb Code     2  use_no_semi_2.o(.text)
    __2printf                                0x0800026d   Thumb Code    20  noretval__2printf.o(.text)
    _printf_pre_padding                      0x08000285   Thumb Code    44  _printf_pad.o(.text)
    _printf_post_padding                     0x080002b1   Thumb Code    34  _printf_pad.o(.text)
    _printf_str                              0x080002d3   Thumb Code    82  _printf_str.o(.text)
    _printf_int_dec                          0x08000325   Thumb Code   104  _printf_dec.o(.text)
    _printf_int_hex                          0x0800039d   Thumb Code    84  _printf_hex_int.o(.text)
    _printf_longlong_hex                     0x0800039d   Thumb Code     0  _printf_hex_int.o(.text)
    __printf                                 0x080003f5   Thumb Code   388  __printf_flags_ss_wp.o(.text)
    __use_two_region_memory                  0x0800057d   Thumb Code     2  heapauxi.o(.text)
    __rt_heap_escrow$2region                 0x0800057f   Thumb Code     2  heapauxi.o(.text)
    __rt_heap_expand$2region                 0x08000581   Thumb Code     2  heapauxi.o(.text)
    __I$use$semihosting                      0x08000583   Thumb Code     0  use_no_semi.o(.text)
    __use_no_semihosting_swi                 0x08000583   Thumb Code     2  use_no_semi.o(.text)
    _printf_int_common                       0x08000585   Thumb Code   178  _printf_intcommon.o(.text)
    _printf_cs_common                        0x08000637   Thumb Code    20  _printf_char.o(.text)
    _printf_char                             0x0800064b   Thumb Code    16  _printf_char.o(.text)
    _printf_string                           0x0800065b   Thumb Code     8  _printf_char.o(.text)
    _printf_char_file                        0x08000665   Thumb Code    32  _printf_char_file.o(.text)
    _printf_char_common                      0x08000693   Thumb Code    32  _printf_char_common.o(.text)
    ferror                                   0x080006b9   Thumb Code     8  ferror.o(.text)
    __user_setup_stackheap                   0x080006c1   Thumb Code    74  sys_stackheap_outer.o(.text)
    exit                                     0x0800070b   Thumb Code    12  exit.o(.text)
    __user_libspace                          0x08000719   Thumb Code     8  libspace.o(.text)
    __user_perproc_libspace                  0x08000719   Thumb Code     0  libspace.o(.text)
    __user_perthread_libspace                0x08000719   Thumb Code     0  libspace.o(.text)
    BEEP_Init                                0x08000721   Thumb Code    50  beep.o(i.BEEP_Init)
    BusFault_Handler                         0x08000759   Thumb Code     2  stm32f10x_it.o(i.BusFault_Handler)
    DebugMon_Handler                         0x0800075b   Thumb Code     2  stm32f10x_it.o(i.DebugMon_Handler)
    EXTI0_IRQHandler                         0x0800075d   Thumb Code    66  exti.o(i.EXTI0_IRQHandler)
    EXTI1_IRQHandler                         0x080007ad   Thumb Code    76  exti.o(i.EXTI1_IRQHandler)
    EXTI2_IRQHandler                         0x08000809   Thumb Code    46  exti.o(i.EXTI2_IRQHandler)
    EXTI3_IRQHandler                         0x08000841   Thumb Code    46  exti.o(i.EXTI3_IRQHandler)
    EXTI4_IRQHandler                         0x08000879   Thumb Code    46  exti.o(i.EXTI4_IRQHandler)
    EXTI8_Init                               0x080008b1   Thumb Code    66  exti.o(i.EXTI8_Init)
    EXTI9_5_IRQHandler                       0x080008f5   Thumb Code    60  exti.o(i.EXTI9_5_IRQHandler)
    EXTI_ClearITPendingBit                   0x0800093d   Thumb Code     6  stm32f10x_exti.o(i.EXTI_ClearITPendingBit)
    EXTI_GetITStatus                         0x08000949   Thumb Code    28  stm32f10x_exti.o(i.EXTI_GetITStatus)
    EXTI_Init                                0x08000969   Thumb Code   108  stm32f10x_exti.o(i.EXTI_Init)
    Encoder_exti                             0x080009d9   Thumb Code   118  encoder.o(i.Encoder_exti)
    Encoder_init                             0x08000a51   Thumb Code    52  encoder.o(i.Encoder_init)
    FSMC_NORSRAMCmd                          0x08000a8d   Thumb Code    26  stm32f10x_fsmc.o(i.FSMC_NORSRAMCmd)
    FSMC_NORSRAMInit                         0x08000aad   Thumb Code   200  stm32f10x_fsmc.o(i.FSMC_NORSRAMInit)
    GPIO_EXTILineConfig                      0x08000b75   Thumb Code    34  stm32f10x_gpio.o(i.GPIO_EXTILineConfig)
    GPIO_Init                                0x08000b9d   Thumb Code   156  stm32f10x_gpio.o(i.GPIO_Init)
    GPIO_PinRemapConfig                      0x08000c39   Thumb Code    82  stm32f10x_gpio.o(i.GPIO_PinRemapConfig)
    GPIO_ReadInputDataBit                    0x08000c91   Thumb Code    14  stm32f10x_gpio.o(i.GPIO_ReadInputDataBit)
    GPIO_ResetBits                           0x08000c9f   Thumb Code     4  stm32f10x_gpio.o(i.GPIO_ResetBits)
    GPIO_SetBits                             0x08000ca3   Thumb Code     4  stm32f10x_gpio.o(i.GPIO_SetBits)
    HardFault_Handler                        0x08000ca7   Thumb Code     2  stm32f10x_it.o(i.HardFault_Handler)
    KEY_Init                                 0x08000ca9   Thumb Code    52  key.o(i.KEY_Init)
    LCD_Clear                                0x08000ce5   Thumb Code   100  lcd.o(i.LCD_Clear)
    LCD_Display_Dir                          0x08000d51   Thumb Code   304  lcd.o(i.LCD_Display_Dir)
    LCD_Fast_DrawPoint                       0x08000e85   Thumb Code   276  lcd.o(i.LCD_Fast_DrawPoint)
    LCD_Init                                 0x08000fa1   Thumb Code 11794  lcd.o(i.LCD_Init)
    LCD_Pow                                  0x08003db9   Thumb Code    16  lcd.o(i.LCD_Pow)
    LCD_RD_DATA                              0x08003dc9   Thumb Code    16  lcd.o(i.LCD_RD_DATA)
    LCD_ReadReg                              0x08003ddd   Thumb Code    20  lcd.o(i.LCD_ReadReg)
    LCD_SSD_BackLightSet                     0x08003df5   Thumb Code    50  lcd.o(i.LCD_SSD_BackLightSet)
    LCD_Scan_Dir                             0x08003e31   Thumb Code   414  lcd.o(i.LCD_Scan_Dir)
    LCD_SetCursor                            0x08003fd9   Thumb Code   320  lcd.o(i.LCD_SetCursor)
    LCD_Set_Window                           0x08004121   Thumb Code   370  lcd.o(i.LCD_Set_Window)
    LCD_ShowChar                             0x0800429d   Thumb Code   182  lcd.o(i.LCD_ShowChar)
    LCD_ShowNum                              0x08004369   Thumb Code   118  lcd.o(i.LCD_ShowNum)
    LCD_ShowString                           0x080043df   Thumb Code    84  lcd.o(i.LCD_ShowString)
    LCD_WriteRAM_Prepare                     0x08004435   Thumb Code    10  lcd.o(i.LCD_WriteRAM_Prepare)
    LCD_WriteReg                             0x08004449   Thumb Code    10  lcd.o(i.LCD_WriteReg)
    LED_Init                                 0x08004459   Thumb Code    70  led.o(i.LED_Init)
    MemManage_Handler                        0x080044a9   Thumb Code     2  stm32f10x_it.o(i.MemManage_Handler)
    Motor_init                               0x080044ad   Thumb Code    72  motor.o(i.Motor_init)
    NMI_Handler                              0x080044f9   Thumb Code     2  stm32f10x_it.o(i.NMI_Handler)
    NVIC_Init                                0x080044fd   Thumb Code    94  misc.o(i.NVIC_Init)
    NVIC_PriorityGroupConfig                 0x08004561   Thumb Code    10  misc.o(i.NVIC_PriorityGroupConfig)
    OV7670_Window_Set                        0x08004575   Thumb Code   110  ov7670.o(i.OV7670_Window_Set)
    OV7725_Brightness                        0x080045e3   Thumb Code    78  ov7725.o(i.OV7725_Brightness)
    OV7725_Color_Saturation                  0x08004631   Thumb Code    34  ov7725.o(i.OV7725_Color_Saturation)
    OV7725_Contrast                          0x08004653   Thumb Code    22  ov7725.o(i.OV7725_Contrast)
    OV7725_Init                              0x08004669   Thumb Code   296  ov7725.o(i.OV7725_Init)
    OV7725_Light_Mode                        0x080047c5   Thumb Code   152  ov7725.o(i.OV7725_Light_Mode)
    OV7725_Special_Effects                   0x0800485d   Thumb Code   138  ov7725.o(i.OV7725_Special_Effects)
    OV7725_Window_Set                        0x080048e7   Thumb Code   326  ov7725.o(i.OV7725_Window_Set)
    OV7725_camera_refresh                    0x08004a2d   Thumb Code   454  main.o(i.OV7725_camera_refresh)
    PendSV_Handler                           0x08004c1d   Thumb Code     2  stm32f10x_it.o(i.PendSV_Handler)
    RCC_AHBPeriphClockCmd                    0x08004c21   Thumb Code    18  stm32f10x_rcc.o(i.RCC_AHBPeriphClockCmd)
    RCC_APB1PeriphClockCmd                   0x08004c39   Thumb Code    18  stm32f10x_rcc.o(i.RCC_APB1PeriphClockCmd)
    RCC_APB2PeriphClockCmd                   0x08004c51   Thumb Code    18  stm32f10x_rcc.o(i.RCC_APB2PeriphClockCmd)
    RCC_GetClocksFreq                        0x08004c69   Thumb Code   132  stm32f10x_rcc.o(i.RCC_GetClocksFreq)
    SCCB_Init                                0x08004cfd   Thumb Code    98  sccb.o(i.SCCB_Init)
    SCCB_No_Ack                              0x08004d69   Thumb Code    58  sccb.o(i.SCCB_No_Ack)
    SCCB_RD_Byte                             0x08004dad   Thumb Code   102  sccb.o(i.SCCB_RD_Byte)
    SCCB_RD_Reg                              0x08004e21   Thumb Code    76  sccb.o(i.SCCB_RD_Reg)
    SCCB_Start                               0x08004e6d   Thumb Code    44  sccb.o(i.SCCB_Start)
    SCCB_Stop                                0x08004ea1   Thumb Code    46  sccb.o(i.SCCB_Stop)
    SCCB_WR_Byte                             0x08004ed9   Thumb Code   130  sccb.o(i.SCCB_WR_Byte)
    SCCB_WR_Reg                              0x08004f69   Thumb Code    62  sccb.o(i.SCCB_WR_Reg)
    SVC_Handler                              0x08004fa7   Thumb Code     2  stm32f10x_it.o(i.SVC_Handler)
    SysTick_CLKSourceConfig                  0x08005051   Thumb Code    24  misc.o(i.SysTick_CLKSourceConfig)
    SysTick_Handler                          0x08005069   Thumb Code     2  stm32f10x_it.o(i.SysTick_Handler)
    SystemInit                               0x0800506d   Thumb Code    64  system_stm32f10x.o(i.SystemInit)
    TIM3_IRQHandler                          0x080051a5   Thumb Code    44  timer.o(i.TIM3_IRQHandler)
    TIM4_IRQHandler                          0x080051d9   Thumb Code    50  usmart.o(i.TIM4_IRQHandler)
    TIM5_CH2_Cap_Init                        0x08005215   Thumb Code   120  tpad.o(i.TIM5_CH2_Cap_Init)
    TIM5_IRQHandler                          0x08005295   Thumb Code   128  timer.o(i.TIM5_IRQHandler)
    TIM6_IRQHandler                          0x0800531d   Thumb Code    40  timer.o(i.TIM6_IRQHandler)
    TIM6_Int_Init                            0x0800535d   Thumb Code    90  timer.o(i.TIM6_Int_Init)
    TIM_ClearFlag                            0x080053bd   Thumb Code     6  stm32f10x_tim.o(i.TIM_ClearFlag)
    TIM_ClearITPendingBit                    0x080053c3   Thumb Code     6  stm32f10x_tim.o(i.TIM_ClearITPendingBit)
    TIM_Cmd                                  0x080053c9   Thumb Code    20  stm32f10x_tim.o(i.TIM_Cmd)
    TIM_GetCapture1                          0x080053dd   Thumb Code     4  stm32f10x_tim.o(i.TIM_GetCapture1)
    TIM_GetCapture2                          0x080053e1   Thumb Code     4  stm32f10x_tim.o(i.TIM_GetCapture2)
    TIM_GetCounter                           0x080053e5   Thumb Code     4  stm32f10x_tim.o(i.TIM_GetCounter)
    TIM_GetFlagStatus                        0x080053e9   Thumb Code    14  stm32f10x_tim.o(i.TIM_GetFlagStatus)
    TIM_GetITStatus                          0x080053f7   Thumb Code    24  stm32f10x_tim.o(i.TIM_GetITStatus)
    TIM_ICInit                               0x08005411   Thumb Code   278  stm32f10x_tim.o(i.TIM_ICInit)
    TIM_ITConfig                             0x0800553d   Thumb Code    16  stm32f10x_tim.o(i.TIM_ITConfig)
    TIM_OC1PolarityConfig                    0x0800554d   Thumb Code    12  stm32f10x_tim.o(i.TIM_OC1PolarityConfig)
    TIM_SetAutoreload                        0x08005559   Thumb Code     4  stm32f10x_tim.o(i.TIM_SetAutoreload)
    TIM_SetCounter                           0x0800555d   Thumb Code     4  stm32f10x_tim.o(i.TIM_SetCounter)
    TIM_SetIC1Prescaler                      0x08005561   Thumb Code    16  stm32f10x_tim.o(i.TIM_SetIC1Prescaler)
    TIM_SetIC2Prescaler                      0x08005571   Thumb Code    24  stm32f10x_tim.o(i.TIM_SetIC2Prescaler)
    TIM_SetIC3Prescaler                      0x08005589   Thumb Code    16  stm32f10x_tim.o(i.TIM_SetIC3Prescaler)
    TIM_SetIC4Prescaler                      0x08005599   Thumb Code    24  stm32f10x_tim.o(i.TIM_SetIC4Prescaler)
    TIM_TimeBaseInit                         0x080055b1   Thumb Code   114  stm32f10x_tim.o(i.TIM_TimeBaseInit)
    TPAD_Get_Val                             0x0800564d   Thumb Code    54  tpad.o(i.TPAD_Get_Val)
    TPAD_Init                                0x08005689   Thumb Code   140  tpad.o(i.TPAD_Init)
    TPAD_Reset                               0x08005731   Thumb Code    86  tpad.o(i.TPAD_Reset)
    Timer4_Init                              0x08005791   Thumb Code    90  usmart.o(i.Timer4_Init)
    USART1_IRQHandler                        0x080057f1   Thumb Code    88  usart.o(i.USART1_IRQHandler)
    USART_Cmd                                0x08005855   Thumb Code    20  stm32f10x_usart.o(i.USART_Cmd)
    USART_GetITStatus                        0x08005869   Thumb Code    62  stm32f10x_usart.o(i.USART_GetITStatus)
    USART_ITConfig                           0x080058a7   Thumb Code    48  stm32f10x_usart.o(i.USART_ITConfig)
    USART_Init                               0x080058d9   Thumb Code   166  stm32f10x_usart.o(i.USART_Init)
    USART_ReceiveData                        0x08005985   Thumb Code     8  stm32f10x_usart.o(i.USART_ReceiveData)
    UsageFault_Handler                       0x0800598d   Thumb Code     2  stm32f10x_it.o(i.UsageFault_Handler)
    _is_digit                                0x0800598f   Thumb Code    14  __printf_wp.o(i._is_digit)
    _sys_exit                                0x0800599d   Thumb Code     2  usart.o(i._sys_exit)
    delay_init                               0x080059a1   Thumb Code    46  delay.o(i.delay_init)
    delay_ms                                 0x080059dd   Thumb Code    46  delay.o(i.delay_ms)
    delay_nms                                0x08005a11   Thumb Code    22  delay.o(i.delay_nms)
    delay_us                                 0x08005a29   Thumb Code    46  delay.o(i.delay_us)
    forward                                  0x08005a5d   Thumb Code    24  motor.o(i.forward)
    fputc                                    0x08005a79   Thumb Code    18  usart.o(i.fputc)
    main                                     0x08005a91   Thumb Code   450  main.o(i.main)
    read_addr                                0x08005d11   Thumb Code     4  usmart.o(i.read_addr)
    stop                                     0x08005d15   Thumb Code    22  motor.o(i.stop)
    uart_init                                0x08005d31   Thumb Code   152  usart.o(i.uart_init)
    usmart_cmd_rec                           0x08005dd1   Thumb Code   144  usmart.o(i.usmart_cmd_rec)
    usmart_exe                               0x08005e65   Thumb Code   510  usmart.o(i.usmart_exe)
    usmart_get_aparm                         0x080060c5   Thumb Code   156  usmart_str.o(i.usmart_get_aparm)
    usmart_get_cmdname                       0x08006161   Thumb Code    46  usmart_str.o(i.usmart_get_cmdname)
    usmart_get_fname                         0x08006191   Thumb Code   352  usmart_str.o(i.usmart_get_fname)
    usmart_get_fparam                        0x080062f9   Thumb Code   202  usmart_str.o(i.usmart_get_fparam)
    usmart_get_parmpos                       0x080063c9   Thumb Code    30  usmart_str.o(i.usmart_get_parmpos)
    usmart_get_runtime                       0x080063ed   Thumb Code    48  usmart.o(i.usmart_get_runtime)
    usmart_init                              0x08006425   Thumb Code    36  usmart.o(i.usmart_init)
    usmart_pow                               0x0800644d   Thumb Code    16  usmart_str.o(i.usmart_pow)
    usmart_reset_runtime                     0x0800645d   Thumb Code    40  usmart.o(i.usmart_reset_runtime)
    usmart_scan                              0x0800648d   Thumb Code    94  usmart.o(i.usmart_scan)
    usmart_search_nextc                      0x08006531   Thumb Code    16  usmart_str.o(i.usmart_search_nextc)
    usmart_str2num                           0x08006541   Thumb Code   160  usmart_str.o(i.usmart_str2num)
    usmart_strcmp                            0x080065e1   Thumb Code    24  usmart_str.o(i.usmart_strcmp)
    usmart_strcopy                           0x080065f9   Thumb Code    18  usmart_str.o(i.usmart_strcopy)
    usmart_strlen                            0x0800660b   Thumb Code    18  usmart_str.o(i.usmart_strlen)
    usmart_sys_cmd_exe                       0x0800661d   Thumb Code  1442  usmart.o(i.usmart_sys_cmd_exe)
    write_addr                               0x08006c8d   Thumb Code     4  usmart.o(i.write_addr)
    __aeabi_d2uiz                            0x08006c91   Thumb Code     0  dfixu.o(x$fpl$dfixu)
    _dfixu                                   0x08006c91   Thumb Code    90  dfixu.o(x$fpl$dfixu)
    __aeabi_ui2d                             0x08006ceb   Thumb Code     0  dflt_clz.o(x$fpl$dfltu)
    _dfltu                                   0x08006ceb   Thumb Code    38  dflt_clz.o(x$fpl$dfltu)
    __aeabi_dmul                             0x08006d11   Thumb Code     0  dmul.o(x$fpl$dmul)
    _dmul                                    0x08006d11   Thumb Code   332  dmul.o(x$fpl$dmul)
    __fpl_dnaninf                            0x08006e65   Thumb Code   156  dnaninf.o(x$fpl$dnaninf)
    __fpl_dretinf                            0x08006f01   Thumb Code    12  dretinf.o(x$fpl$dretinf)
    __I$use$fp                               0x08006f0c   Number         0  usenofp.o(x$fpl$usenofp)
    asc2_1206                                0x08006f0c   Data        1140  lcd.o(.constdata)
    asc2_1608                                0x08007380   Data        1520  lcd.o(.constdata)
    asc2_2412                                0x08007970   Data        3420  lcd.o(.constdata)
    ov7725_init_reg_tb1                      0x080086cc   Data         130  ov7725.o(.constdata)
    Region$$Table$$Base                      0x080088c8   Number         0  anon$$obj.o(Region$$Table)
    Region$$Table$$Limit                     0x080088e8   Number         0  anon$$obj.o(Region$$Table)
    flag                                     0x20000000   Data           1  main.o(.data)
    And_r                                    0x20000004   Data           4  main.o(.data)
    R_s                                      0x20000008   Data           4  main.o(.data)
    And_g                                    0x2000000c   Data           4  main.o(.data)
    G_s                                      0x20000010   Data           4  main.o(.data)
    Average_r                                0x20000014   Data           4  main.o(.data)
    Average_g                                0x20000018   Data           4  main.o(.data)
    Average_b                                0x2000001c   Data           4  main.o(.data)
    SystemCoreClock                          0x20000020   Data           4  system_stm32f10x.o(.data)
    AHBPrescTable                            0x20000024   Data          16  system_stm32f10x.o(.data)
    POINT_COLOR                              0x20000034   Data           2  lcd.o(.data)
    BACK_COLOR                               0x20000036   Data           2  lcd.o(.data)
    tpad_default_val                         0x2000003a   Data           2  tpad.o(.data)
    ov_sta                                   0x2000003c   Data           1  exti.o(.data)
    left_numb                                0x20000040   Data           4  exti.o(.data)
    right_numb                               0x20000044   Data           4  exti.o(.data)
    TIM5CH1_CAPTURE_STA                      0x20000048   Data           1  timer.o(.data)
    ov_frame                                 0x20000049   Data           1  timer.o(.data)
    TIM5CH1_CAPTURE_VAL                      0x2000004a   Data           2  timer.o(.data)
    USART_RX_STA                             0x20000050   Data           2  usart.o(.data)
    __stdout                                 0x20000054   Data           4  usart.o(.data)
    sys_cmd_tab                              0x2000006c   Data          28  usmart.o(.data)
    usmart_nametab                           0x20000088   Data          64  usmart_config.o(.data)
    usmart_dev                               0x200000c8   Data         244  usmart_config.o(.data)
    img_buf_r                                0x200001bc   Data        3102  main.o(.bss)
    img_buf_g                                0x20000dda   Data        3102  main.o(.bss)
    img_buf                                  0x200019f8   Data        3102  main.o(.bss)
    lcddev                                   0x20002616   Data          14  lcd.o(.bss)
    USART_RX_BUF                             0x20002624   Data         200  usart.o(.bss)
    __libspace_start                         0x200026ec   Data          96  libspace.o(.bss)
    __temporary_stack_top$libspace           0x2000274c   Data           0  libspace.o(.bss)



==============================================================================

Memory Map of the image

  Image Entry point : 0x08000131

  Load Region LR_IROM1 (Base: 0x08000000, Size: 0x00008aa4, Max: 0x00080000, ABSOLUTE, COMPRESSED[0x00008968])

    Execution Region ER_IROM1 (Base: 0x08000000, Size: 0x000088e8, Max: 0x00080000, ABSOLUTE)

    Base Addr    Size         Type   Attr      Idx    E Section Name        Object

    0x08000000   0x00000130   Data   RO         1053    RESET               startup_stm32f10x_hd.o
    0x08000130   0x00000008   Code   RO         2517  * !!!main             c_w.l(__main.o)
    0x08000138   0x00000034   Code   RO         2705    !!!scatter          c_w.l(__scatter.o)
    0x0800016c   0x0000005a   Code   RO         2703    !!dczerorl2         c_w.l(__dczerorl2.o)
    0x080001c6   0x00000002   PAD
    0x080001c8   0x0000001c   Code   RO         2707    !!handler_zi        c_w.l(__scatter_zi.o)
    0x080001e4   0x00000000   Code   RO         2514    .ARM.Collect$$_printf_percent$$00000000  c_w.l(_printf_percent.o)
    0x080001e4   0x00000006   Code   RO         2512    .ARM.Collect$$_printf_percent$$00000009  c_w.l(_printf_d.o)
    0x080001ea   0x00000006   Code   RO         2513    .ARM.Collect$$_printf_percent$$0000000A  c_w.l(_printf_u.o)
    0x080001f0   0x00000006   Code   RO         2511    .ARM.Collect$$_printf_percent$$0000000C  c_w.l(_printf_x.o)
    0x080001f6   0x00000006   Code   RO         2509    .ARM.Collect$$_printf_percent$$00000013  c_w.l(_printf_c.o)
    0x080001fc   0x00000006   Code   RO         2510    .ARM.Collect$$_printf_percent$$00000014  c_w.l(_printf_s.o)
    0x08000202   0x00000004   Code   RO         2540    .ARM.Collect$$_printf_percent$$00000017  c_w.l(_printf_percent_end.o)
    0x08000206   0x00000002   Code   RO         2578    .ARM.Collect$$libinit$$00000000  c_w.l(libinit.o)
    0x08000208   0x00000000   Code   RO         2585    .ARM.Collect$$libinit$$00000002  c_w.l(libinit2.o)
    0x08000208   0x00000000   Code   RO         2587    .ARM.Collect$$libinit$$00000004  c_w.l(libinit2.o)
    0x08000208   0x00000000   Code   RO         2590    .ARM.Collect$$libinit$$0000000A  c_w.l(libinit2.o)
    0x08000208   0x00000000   Code   RO         2592    .ARM.Collect$$libinit$$0000000C  c_w.l(libinit2.o)
    0x08000208   0x00000000   Code   RO         2594    .ARM.Collect$$libinit$$0000000E  c_w.l(libinit2.o)
    0x08000208   0x00000000   Code   RO         2597    .ARM.Collect$$libinit$$00000011  c_w.l(libinit2.o)
    0x08000208   0x00000000   Code   RO         2599    .ARM.Collect$$libinit$$00000013  c_w.l(libinit2.o)
    0x08000208   0x00000000   Code   RO         2601    .ARM.Collect$$libinit$$00000015  c_w.l(libinit2.o)
    0x08000208   0x00000000   Code   RO         2603    .ARM.Collect$$libinit$$00000017  c_w.l(libinit2.o)
    0x08000208   0x00000000   Code   RO         2605    .ARM.Collect$$libinit$$00000019  c_w.l(libinit2.o)
    0x08000208   0x00000000   Code   RO         2607    .ARM.Collect$$libinit$$0000001B  c_w.l(libinit2.o)
    0x08000208   0x00000000   Code   RO         2609    .ARM.Collect$$libinit$$0000001D  c_w.l(libinit2.o)
    0x08000208   0x00000000   Code   RO         2611    .ARM.Collect$$libinit$$0000001F  c_w.l(libinit2.o)
    0x08000208   0x00000000   Code   RO         2613    .ARM.Collect$$libinit$$00000021  c_w.l(libinit2.o)
    0x08000208   0x00000000   Code   RO         2615    .ARM.Collect$$libinit$$00000023  c_w.l(libinit2.o)
    0x08000208   0x00000000   Code   RO         2617    .ARM.Collect$$libinit$$00000025  c_w.l(libinit2.o)
    0x08000208   0x00000000   Code   RO         2621    .ARM.Collect$$libinit$$0000002C  c_w.l(libinit2.o)
    0x08000208   0x00000000   Code   RO         2623    .ARM.Collect$$libinit$$0000002E  c_w.l(libinit2.o)
    0x08000208   0x00000000   Code   RO         2625    .ARM.Collect$$libinit$$00000030  c_w.l(libinit2.o)
    0x08000208   0x00000000   Code   RO         2627    .ARM.Collect$$libinit$$00000032  c_w.l(libinit2.o)
    0x08000208   0x00000002   Code   RO         2628    .ARM.Collect$$libinit$$00000033  c_w.l(libinit2.o)
    0x0800020a   0x00000002   Code   RO         2646    .ARM.Collect$$libshutdown$$00000000  c_w.l(libshutdown.o)
    0x0800020c   0x00000000   Code   RO         2657    .ARM.Collect$$libshutdown$$00000003  c_w.l(libshutdown2.o)
    0x0800020c   0x00000000   Code   RO         2660    .ARM.Collect$$libshutdown$$00000006  c_w.l(libshutdown2.o)
    0x0800020c   0x00000000   Code   RO         2663    .ARM.Collect$$libshutdown$$00000009  c_w.l(libshutdown2.o)
    0x0800020c   0x00000000   Code   RO         2665    .ARM.Collect$$libshutdown$$0000000B  c_w.l(libshutdown2.o)
    0x0800020c   0x00000000   Code   RO         2668    .ARM.Collect$$libshutdown$$0000000E  c_w.l(libshutdown2.o)
    0x0800020c   0x00000002   Code   RO         2669    .ARM.Collect$$libshutdown$$0000000F  c_w.l(libshutdown2.o)
    0x0800020e   0x00000000   Code   RO         2533    .ARM.Collect$$rtentry$$00000000  c_w.l(__rtentry.o)
    0x0800020e   0x00000000   Code   RO         2547    .ARM.Collect$$rtentry$$00000002  c_w.l(__rtentry2.o)
    0x0800020e   0x00000006   Code   RO         2559    .ARM.Collect$$rtentry$$00000004  c_w.l(__rtentry4.o)
    0x08000214   0x00000000   Code   RO         2549    .ARM.Collect$$rtentry$$00000009  c_w.l(__rtentry2.o)
    0x08000214   0x00000004   Code   RO         2550    .ARM.Collect$$rtentry$$0000000A  c_w.l(__rtentry2.o)
    0x08000218   0x00000000   Code   RO         2552    .ARM.Collect$$rtentry$$0000000C  c_w.l(__rtentry2.o)
    0x08000218   0x00000008   Code   RO         2553    .ARM.Collect$$rtentry$$0000000D  c_w.l(__rtentry2.o)
    0x08000220   0x00000002   Code   RO         2582    .ARM.Collect$$rtexit$$00000000  c_w.l(rtexit.o)
    0x08000222   0x00000000   Code   RO         2630    .ARM.Collect$$rtexit$$00000002  c_w.l(rtexit2.o)
    0x08000222   0x00000004   Code   RO         2631    .ARM.Collect$$rtexit$$00000003  c_w.l(rtexit2.o)
    0x08000226   0x00000006   Code   RO         2632    .ARM.Collect$$rtexit$$00000004  c_w.l(rtexit2.o)
    0x0800022c   0x0000003c   Code   RO         1054    .text               startup_stm32f10x_hd.o
    0x08000268   0x00000002   Code   RO         2454    .text               c_w.l(use_no_semi_2.o)
    0x0800026a   0x00000002   PAD
    0x0800026c   0x00000018   Code   RO         2458    .text               c_w.l(noretval__2printf.o)
    0x08000284   0x0000004e   Code   RO         2462    .text               c_w.l(_printf_pad.o)
    0x080002d2   0x00000052   Code   RO         2464    .text               c_w.l(_printf_str.o)
    0x08000324   0x00000078   Code   RO         2466    .text               c_w.l(_printf_dec.o)
    0x0800039c   0x00000058   Code   RO         2471    .text               c_w.l(_printf_hex_int.o)
    0x080003f4   0x00000188   Code   RO         2506    .text               c_w.l(__printf_flags_ss_wp.o)
    0x0800057c   0x00000006   Code   RO         2515    .text               c_w.l(heapauxi.o)
    0x08000582   0x00000002   Code   RO         2531    .text               c_w.l(use_no_semi.o)
    0x08000584   0x000000b2   Code   RO         2534    .text               c_w.l(_printf_intcommon.o)
    0x08000636   0x0000002c   Code   RO         2536    .text               c_w.l(_printf_char.o)
    0x08000662   0x00000002   PAD
    0x08000664   0x00000024   Code   RO         2538    .text               c_w.l(_printf_char_file.o)
    0x08000688   0x00000030   Code   RO         2561    .text               c_w.l(_printf_char_common.o)
    0x080006b8   0x00000008   Code   RO         2563    .text               c_w.l(ferror.o)
    0x080006c0   0x0000004a   Code   RO         2567    .text               c_w.l(sys_stackheap_outer.o)
    0x0800070a   0x0000000c   Code   RO         2571    .text               c_w.l(exit.o)
    0x08000716   0x00000002   PAD
    0x08000718   0x00000008   Code   RO         2579    .text               c_w.l(libspace.o)
    0x08000720   0x00000038   Code   RO          249    i.BEEP_Init         beep.o
    0x08000758   0x00000002   Code   RO          137    i.BusFault_Handler  stm32f10x_it.o
    0x0800075a   0x00000002   Code   RO          138    i.DebugMon_Handler  stm32f10x_it.o
    0x0800075c   0x00000050   Code   RO          656    i.EXTI0_IRQHandler  exti.o
    0x080007ac   0x0000005c   Code   RO          657    i.EXTI1_IRQHandler  exti.o
    0x08000808   0x00000038   Code   RO          658    i.EXTI2_IRQHandler  exti.o
    0x08000840   0x00000038   Code   RO          659    i.EXTI3_IRQHandler  exti.o
    0x08000878   0x00000038   Code   RO          660    i.EXTI4_IRQHandler  exti.o
    0x080008b0   0x00000042   Code   RO          661    i.EXTI8_Init        exti.o
    0x080008f2   0x00000002   PAD
    0x080008f4   0x00000048   Code   RO          662    i.EXTI9_5_IRQHandler  exti.o
    0x0800093c   0x0000000c   Code   RO         1709    i.EXTI_ClearITPendingBit  stm32f10x_exti.o
    0x08000948   0x00000020   Code   RO         1713    i.EXTI_GetITStatus  stm32f10x_exti.o
    0x08000968   0x00000070   Code   RO         1714    i.EXTI_Init         stm32f10x_exti.o
    0x080009d8   0x00000076   Code   RO          261    i.Encoder_exti      encoder.o
    0x08000a4e   0x00000002   PAD
    0x08000a50   0x0000003c   Code   RO          262    i.Encoder_init      encoder.o
    0x08000a8c   0x00000020   Code   RO         1105    i.FSMC_NORSRAMCmd   stm32f10x_fsmc.o
    0x08000aac   0x000000c8   Code   RO         1107    i.FSMC_NORSRAMInit  stm32f10x_fsmc.o
    0x08000b74   0x00000028   Code   RO         1217    i.GPIO_EXTILineConfig  stm32f10x_gpio.o
    0x08000b9c   0x0000009c   Code   RO         1220    i.GPIO_Init         stm32f10x_gpio.o
    0x08000c38   0x00000058   Code   RO         1222    i.GPIO_PinRemapConfig  stm32f10x_gpio.o
    0x08000c90   0x0000000e   Code   RO         1224    i.GPIO_ReadInputDataBit  stm32f10x_gpio.o
    0x08000c9e   0x00000004   Code   RO         1227    i.GPIO_ResetBits    stm32f10x_gpio.o
    0x08000ca2   0x00000004   Code   RO         1228    i.GPIO_SetBits      stm32f10x_gpio.o
    0x08000ca6   0x00000002   Code   RO          139    i.HardFault_Handler  stm32f10x_it.o
    0x08000ca8   0x0000003c   Code   RO          395    i.KEY_Init          key.o
    0x08000ce4   0x0000006c   Code   RO          415    i.LCD_Clear         lcd.o
    0x08000d50   0x00000134   Code   RO          419    i.LCD_Display_Dir   lcd.o
    0x08000e84   0x0000011c   Code   RO          424    i.LCD_Fast_DrawPoint  lcd.o
    0x08000fa0   0x00002e18   Code   RO          426    i.LCD_Init          lcd.o
    0x08003db8   0x00000010   Code   RO          427    i.LCD_Pow           lcd.o
    0x08003dc8   0x00000014   Code   RO          428    i.LCD_RD_DATA       lcd.o
    0x08003ddc   0x00000018   Code   RO          430    i.LCD_ReadReg       lcd.o
    0x08003df4   0x0000003c   Code   RO          431    i.LCD_SSD_BackLightSet  lcd.o
    0x08003e30   0x000001a8   Code   RO          432    i.LCD_Scan_Dir      lcd.o
    0x08003fd8   0x00000148   Code   RO          433    i.LCD_SetCursor     lcd.o
    0x08004120   0x0000017c   Code   RO          434    i.LCD_Set_Window    lcd.o
    0x0800429c   0x000000cc   Code   RO          435    i.LCD_ShowChar      lcd.o
    0x08004368   0x00000076   Code   RO          436    i.LCD_ShowNum       lcd.o
    0x080043de   0x00000054   Code   RO          437    i.LCD_ShowString    lcd.o
    0x08004432   0x00000002   PAD
    0x08004434   0x00000014   Code   RO          442    i.LCD_WriteRAM_Prepare  lcd.o
    0x08004448   0x00000010   Code   RO          443    i.LCD_WriteReg      lcd.o
    0x08004458   0x00000050   Code   RO          383    i.LED_Init          led.o
    0x080044a8   0x00000002   Code   RO          140    i.MemManage_Handler  stm32f10x_it.o
    0x080044aa   0x00000002   PAD
    0x080044ac   0x0000004c   Code   RO          304    i.Motor_init        motor.o
    0x080044f8   0x00000002   Code   RO          141    i.NMI_Handler       stm32f10x_it.o
    0x080044fa   0x00000002   PAD
    0x080044fc   0x00000064   Code   RO         1058    i.NVIC_Init         misc.o
    0x08004560   0x00000014   Code   RO         1059    i.NVIC_PriorityGroupConfig  misc.o
    0x08004574   0x0000006e   Code   RO          836    i.OV7670_Window_Set  ov7670.o
    0x080045e2   0x0000004e   Code   RO          884    i.OV7725_Brightness  ov7725.o
    0x08004630   0x00000022   Code   RO          885    i.OV7725_Color_Saturation  ov7725.o
    0x08004652   0x00000016   Code   RO          886    i.OV7725_Contrast   ov7725.o
    0x08004668   0x0000015c   Code   RO          887    i.OV7725_Init       ov7725.o
    0x080047c4   0x00000098   Code   RO          888    i.OV7725_Light_Mode  ov7725.o
    0x0800485c   0x0000008a   Code   RO          889    i.OV7725_Special_Effects  ov7725.o
    0x080048e6   0x00000146   Code   RO          890    i.OV7725_Window_Set  ov7725.o
    0x08004a2c   0x000001f0   Code   RO            1    i.OV7725_camera_refresh  main.o
    0x08004c1c   0x00000002   Code   RO          142    i.PendSV_Handler    stm32f10x_it.o
    0x08004c1e   0x00000002   PAD
    0x08004c20   0x00000018   Code   RO         1329    i.RCC_AHBPeriphClockCmd  stm32f10x_rcc.o
    0x08004c38   0x00000018   Code   RO         1330    i.RCC_APB1PeriphClockCmd  stm32f10x_rcc.o
    0x08004c50   0x00000018   Code   RO         1332    i.RCC_APB2PeriphClockCmd  stm32f10x_rcc.o
    0x08004c68   0x00000094   Code   RO         1340    i.RCC_GetClocksFreq  stm32f10x_rcc.o
    0x08004cfc   0x0000006c   Code   RO          774    i.SCCB_Init         sccb.o
    0x08004d68   0x00000044   Code   RO          775    i.SCCB_No_Ack       sccb.o
    0x08004dac   0x00000074   Code   RO          776    i.SCCB_RD_Byte      sccb.o
    0x08004e20   0x0000004c   Code   RO          777    i.SCCB_RD_Reg       sccb.o
    0x08004e6c   0x00000034   Code   RO          778    i.SCCB_Start        sccb.o
    0x08004ea0   0x00000038   Code   RO          779    i.SCCB_Stop         sccb.o
    0x08004ed8   0x00000090   Code   RO          780    i.SCCB_WR_Byte      sccb.o
    0x08004f68   0x0000003e   Code   RO          781    i.SCCB_WR_Reg       sccb.o
    0x08004fa6   0x00000002   Code   RO          143    i.SVC_Handler       stm32f10x_it.o
    0x08004fa8   0x000000a8   Code   RO          220    i.SetSysClockTo72   system_stm32f10x.o
    0x08005050   0x00000018   Code   RO         1062    i.SysTick_CLKSourceConfig  misc.o
    0x08005068   0x00000002   Code   RO          144    i.SysTick_Handler   stm32f10x_it.o
    0x0800506a   0x00000002   PAD
    0x0800506c   0x00000050   Code   RO          222    i.SystemInit        system_stm32f10x.o
    0x080050bc   0x0000006c   Code   RO         1762    i.TI1_Config        stm32f10x_tim.o
    0x08005128   0x0000007c   Code   RO         1763    i.TI2_Config        stm32f10x_tim.o
    0x080051a4   0x00000034   Code   RO          717    i.TIM3_IRQHandler   timer.o
    0x080051d8   0x0000003c   Code   RO         2295    i.TIM4_IRQHandler   usmart.o
    0x08005214   0x00000080   Code   RO          608    i.TIM5_CH2_Cap_Init  tpad.o
    0x08005294   0x00000088   Code   RO          721    i.TIM5_IRQHandler   timer.o
    0x0800531c   0x00000040   Code   RO          722    i.TIM6_IRQHandler   timer.o
    0x0800535c   0x00000060   Code   RO          723    i.TIM6_Int_Init     timer.o
    0x080053bc   0x00000006   Code   RO         1770    i.TIM_ClearFlag     stm32f10x_tim.o
    0x080053c2   0x00000006   Code   RO         1771    i.TIM_ClearITPendingBit  stm32f10x_tim.o
    0x080053c8   0x00000014   Code   RO         1776    i.TIM_Cmd           stm32f10x_tim.o
    0x080053dc   0x00000004   Code   RO         1791    i.TIM_GetCapture1   stm32f10x_tim.o
    0x080053e0   0x00000004   Code   RO         1792    i.TIM_GetCapture2   stm32f10x_tim.o
    0x080053e4   0x00000004   Code   RO         1795    i.TIM_GetCounter    stm32f10x_tim.o
    0x080053e8   0x0000000e   Code   RO         1796    i.TIM_GetFlagStatus  stm32f10x_tim.o
    0x080053f6   0x00000018   Code   RO         1797    i.TIM_GetITStatus   stm32f10x_tim.o
    0x0800540e   0x00000002   PAD
    0x08005410   0x0000012c   Code   RO         1799    i.TIM_ICInit        stm32f10x_tim.o
    0x0800553c   0x00000010   Code   RO         1801    i.TIM_ITConfig      stm32f10x_tim.o
    0x0800554c   0x0000000c   Code   RO         1807    i.TIM_OC1PolarityConfig  stm32f10x_tim.o
    0x08005558   0x00000004   Code   RO         1835    i.TIM_SetAutoreload  stm32f10x_tim.o
    0x0800555c   0x00000004   Code   RO         1841    i.TIM_SetCounter    stm32f10x_tim.o
    0x08005560   0x00000010   Code   RO         1842    i.TIM_SetIC1Prescaler  stm32f10x_tim.o
    0x08005570   0x00000018   Code   RO         1843    i.TIM_SetIC2Prescaler  stm32f10x_tim.o
    0x08005588   0x00000010   Code   RO         1844    i.TIM_SetIC3Prescaler  stm32f10x_tim.o
    0x08005598   0x00000018   Code   RO         1845    i.TIM_SetIC4Prescaler  stm32f10x_tim.o
    0x080055b0   0x0000009c   Code   RO         1847    i.TIM_TimeBaseInit  stm32f10x_tim.o
    0x0800564c   0x0000003c   Code   RO          610    i.TPAD_Get_Val      tpad.o
    0x08005688   0x000000a8   Code   RO          611    i.TPAD_Init         tpad.o
    0x08005730   0x00000060   Code   RO          612    i.TPAD_Reset        tpad.o
    0x08005790   0x00000060   Code   RO         2296    i.Timer4_Init       usmart.o
    0x080057f0   0x00000064   Code   RO          999    i.USART1_IRQHandler  usart.o
    0x08005854   0x00000014   Code   RO         1532    i.USART_Cmd         stm32f10x_usart.o
    0x08005868   0x0000003e   Code   RO         1536    i.USART_GetITStatus  stm32f10x_usart.o
    0x080058a6   0x00000030   Code   RO         1538    i.USART_ITConfig    stm32f10x_usart.o
    0x080058d6   0x00000002   PAD
    0x080058d8   0x000000ac   Code   RO         1539    i.USART_Init        stm32f10x_usart.o
    0x08005984   0x00000008   Code   RO         1546    i.USART_ReceiveData  stm32f10x_usart.o
    0x0800598c   0x00000002   Code   RO          145    i.UsageFault_Handler  stm32f10x_it.o
    0x0800598e   0x0000000e   Code   RO         2499    i._is_digit         c_w.l(__printf_wp.o)
    0x0800599c   0x00000002   Code   RO         1000    i._sys_exit         usart.o
    0x0800599e   0x00000002   PAD
    0x080059a0   0x0000003c   Code   RO          938    i.delay_init        delay.o
    0x080059dc   0x00000034   Code   RO          939    i.delay_ms          delay.o
    0x08005a10   0x00000016   Code   RO          940    i.delay_nms         delay.o
    0x08005a26   0x00000002   PAD
    0x08005a28   0x00000034   Code   RO          941    i.delay_us          delay.o
    0x08005a5c   0x0000001c   Code   RO          310    i.forward           motor.o
    0x08005a78   0x00000018   Code   RO         1001    i.fputc             usart.o
    0x08005a90   0x00000280   Code   RO            2    i.main              main.o
    0x08005d10   0x00000004   Code   RO         2297    i.read_addr         usmart.o
    0x08005d14   0x0000001c   Code   RO          315    i.stop              motor.o
    0x08005d30   0x000000a0   Code   RO         1002    i.uart_init         usart.o
    0x08005dd0   0x00000094   Code   RO         2298    i.usmart_cmd_rec    usmart.o
    0x08005e64   0x00000260   Code   RO         2299    i.usmart_exe        usmart.o
    0x080060c4   0x0000009c   Code   RO         2385    i.usmart_get_aparm  usmart_str.o
    0x08006160   0x0000002e   Code   RO         2386    i.usmart_get_cmdname  usmart_str.o
    0x0800618e   0x00000002   PAD
    0x08006190   0x00000168   Code   RO         2387    i.usmart_get_fname  usmart_str.o
    0x080062f8   0x000000d0   Code   RO         2388    i.usmart_get_fparam  usmart_str.o
    0x080063c8   0x00000024   Code   RO         2389    i.usmart_get_parmpos  usmart_str.o
    0x080063ec   0x00000038   Code   RO         2300    i.usmart_get_runtime  usmart.o
    0x08006424   0x00000028   Code   RO         2301    i.usmart_init       usmart.o
    0x0800644c   0x00000010   Code   RO         2390    i.usmart_pow        usmart_str.o
    0x0800645c   0x00000030   Code   RO         2302    i.usmart_reset_runtime  usmart.o
    0x0800648c   0x000000a4   Code   RO         2303    i.usmart_scan       usmart.o
    0x08006530   0x00000010   Code   RO         2391    i.usmart_search_nextc  usmart_str.o
    0x08006540   0x000000a0   Code   RO         2392    i.usmart_str2num    usmart_str.o
    0x080065e0   0x00000018   Code   RO         2393    i.usmart_strcmp     usmart_str.o
    0x080065f8   0x00000012   Code   RO         2394    i.usmart_strcopy    usmart_str.o
    0x0800660a   0x00000012   Code   RO         2395    i.usmart_strlen     usmart_str.o
    0x0800661c   0x00000670   Code   RO         2304    i.usmart_sys_cmd_exe  usmart.o
    0x08006c8c   0x00000004   Code   RO         2305    i.write_addr        usmart.o
    0x08006c90   0x0000005a   Code   RO         2519    x$fpl$dfixu         fz_ws.l(dfixu.o)
    0x08006cea   0x00000026   Code   RO         2523    x$fpl$dfltu         fz_ws.l(dflt_clz.o)
    0x08006d10   0x00000154   Code   RO         2529    x$fpl$dmul          fz_ws.l(dmul.o)
    0x08006e64   0x0000009c   Code   RO         2541    x$fpl$dnaninf       fz_ws.l(dnaninf.o)
    0x08006f00   0x0000000c   Code   RO         2543    x$fpl$dretinf       fz_ws.l(dretinf.o)
    0x08006f0c   0x00000000   Code   RO         2545    x$fpl$usenofp       fz_ws.l(usenofp.o)
    0x08006f0c   0x000017c0   Data   RO          446    .constdata          lcd.o
    0x080086cc   0x00000082   Data   RO          891    .constdata          ov7725.o
    0x0800874e   0x00000028   Data   RO         2472    .constdata          c_w.l(_printf_hex_int.o)
    0x08008776   0x00000011   Data   RO         2507    .constdata          c_w.l(__printf_flags_ss_wp.o)
    0x08008787   0x00000001   PAD
    0x08008788   0x00000028   Data   RO         2306    .conststring        usmart.o
    0x080087b0   0x00000117   Data   RO         2371    .conststring        usmart_config.o
    0x080088c7   0x00000001   PAD
    0x080088c8   0x00000020   Data   RO         2701    Region$$Table       anon$$obj.o


    Execution Region RW_IRAM1 (Base: 0x20000000, Size: 0x00002b50, Max: 0x00010000, ABSOLUTE, COMPRESSED[0x00000080])

    Base Addr    Size         Type   Attr      Idx    E Section Name        Object

    0x20000000   0x00000020   Data   RW            8    .data               main.o
    0x20000020   0x00000014   Data   RW          223    .data               system_stm32f10x.o
    0x20000034   0x00000004   Data   RW          447    .data               lcd.o
    0x20000038   0x00000004   Data   RW          614    .data               tpad.o
    0x2000003c   0x0000000c   Data   RW          664    .data               exti.o
    0x20000048   0x00000004   Data   RW          725    .data               timer.o
    0x2000004c   0x00000004   Data   RW          942    .data               delay.o
    0x20000050   0x00000002   Data   RW         1004    .data               usart.o
    0x20000052   0x00000002   PAD
    0x20000054   0x00000004   Data   RW         1005    .data               usart.o
    0x20000058   0x00000014   Data   RW         1360    .data               stm32f10x_rcc.o
    0x2000006c   0x0000001c   Data   RW         2307    .data               usmart.o
    0x20000088   0x00000040   Data   RW         2372    .data               usmart_config.o
    0x200000c8   0x000000f4   Data   RW         2373    .data               usmart_config.o
    0x200001bc   0x0000245a   Zero   RW            3    .bss                main.o
    0x20002616   0x0000000e   Zero   RW          445    .bss                lcd.o
    0x20002624   0x000000c8   Zero   RW         1003    .bss                usart.o
    0x200026ec   0x00000060   Zero   RW         2580    .bss                c_w.l(libspace.o)
    0x2000274c   0x00000004   PAD
    0x20002750   0x00000000   Zero   RW         1052    HEAP                startup_stm32f10x_hd.o
    0x20002750   0x00000400   Zero   RW         1051    STACK               startup_stm32f10x_hd.o


==============================================================================

Image component sizes


      Code (inc. data)   RO Data    RW Data    ZI Data      Debug   Object Name

        56          6          0          0          0        452   beep.o
       186         26          0          4          0       2075   delay.o
       178          8          0          0          0       1014   encoder.o
       478         72          0         12          0       3835   exti.o
        60          8          0          0          0        479   key.o
     14194        174       6080          4         14      53944   lcd.o
        80         10          0          0          0        491   led.o
      1136        232          0         32       9306     266219   main.o
       144         16          0          0          0       1977   misc.o
       132         14          0          0          0       1504   motor.o
       110          0          0          0          0        728   ov7670.o
      1098         76        130          0          0       7157   ov7725.o
       682         66          0          0          0       4739   sccb.o
        60         22        304          0       1024        780   startup_stm32f10x_hd.o
       156         14          0          0          0       2136   stm32f10x_exti.o
       232          6          0          0          0       1797   stm32f10x_fsmc.o
       306         12          0          0          0       4992   stm32f10x_gpio.o
        18          0          0          0          0     210426   stm32f10x_it.o
       220         34          0         20          0       4938   stm32f10x_rcc.o
       886        106          0          0          0      13340   stm32f10x_tim.o
       310          6          0          0          0       5002   stm32f10x_usart.o
         0          0          0          0          0         32   sys.o
       248         24          0         20          0       1665   system_stm32f10x.o
       348         46          0          4          0       2554   timer.o
       452         52          0          4          0       3435   tpad.o
       286         26          0          6        200       4012   usart.o
      2876       1332         40         28          0       7394   usmart.o
         0          0        279        308          0       1628   usmart_config.o
      1058         20          0          0          0       8727   usmart_str.o

    ----------------------------------------------------------------------
     26014       2408       6866        444      10544     617472   Object Totals
         0          0         32          0          0          0   (incl. Generated)
        24          0          1          2          0          0   (incl. Padding)

    ----------------------------------------------------------------------

      Code (inc. data)   RO Data    RW Data    ZI Data      Debug   Library Member Name

        90          0          0          0          0          0   __dczerorl2.o
         8          0          0          0          0         68   __main.o
       392          4         17          0          0         92   __printf_flags_ss_wp.o
        14          0          0          0          0         68   __printf_wp.o
         0          0          0          0          0          0   __rtentry.o
        12          0          0          0          0          0   __rtentry2.o
         6          0          0          0          0          0   __rtentry4.o
        52          8          0          0          0          0   __scatter.o
        28          0          0          0          0          0   __scatter_zi.o
         6          0          0          0          0          0   _printf_c.o
        44          0          0          0          0        108   _printf_char.o
        48          6          0          0          0         96   _printf_char_common.o
        36          4          0          0          0         80   _printf_char_file.o
         6          0          0          0          0          0   _printf_d.o
       120         16          0          0          0         92   _printf_dec.o
        88          4         40          0          0         88   _printf_hex_int.o
       178          0          0          0          0         88   _printf_intcommon.o
        78          0          0          0          0        108   _printf_pad.o
         0          0          0          0          0          0   _printf_percent.o
         4          0          0          0          0          0   _printf_percent_end.o
         6          0          0          0          0          0   _printf_s.o
        82          0          0          0          0         80   _printf_str.o
         6          0          0          0          0          0   _printf_u.o
         6          0          0          0          0          0   _printf_x.o
        12          0          0          0          0         72   exit.o
         8          0          0          0          0         68   ferror.o
         6          0          0          0          0        152   heapauxi.o
         2          0          0          0          0          0   libinit.o
         2          0          0          0          0          0   libinit2.o
         2          0          0          0          0          0   libshutdown.o
         2          0          0          0          0          0   libshutdown2.o
         8          4          0          0         96         68   libspace.o
        24          4          0          0          0         84   noretval__2printf.o
         2          0          0          0          0          0   rtexit.o
        10          0          0          0          0          0   rtexit2.o
        74          0          0          0          0         80   sys_stackheap_outer.o
         2          0          0          0          0         68   use_no_semi.o
         2          0          0          0          0         68   use_no_semi_2.o
        90          4          0          0          0         92   dfixu.o
        38          0          0          0          0         68   dflt_clz.o
       340         12          0          0          0        104   dmul.o
       156          4          0          0          0         92   dnaninf.o
        12          0          0          0          0         68   dretinf.o
         0          0          0          0          0          0   usenofp.o

    ----------------------------------------------------------------------
      2110         70         58          0        100       2052   Library Totals
         8          0          1          0          4          0   (incl. Padding)

    ----------------------------------------------------------------------

      Code (inc. data)   RO Data    RW Data    ZI Data      Debug   Library Name

      1466         50         57          0         96       1628   c_w.l
       636         20          0          0          0        424   fz_ws.l

    ----------------------------------------------------------------------
      2110         70         58          0        100       2052   Library Totals

    ----------------------------------------------------------------------

==============================================================================


      Code (inc. data)   RO Data    RW Data    ZI Data      Debug   

     28124       2478       6924        444      10644     611460   Grand Totals
     28124       2478       6924        128      10644     611460   ELF Image Totals (compressed)
     28124       2478       6924        128          0          0   ROM Totals

==============================================================================

    Total RO  Size (Code + RO Data)                35048 (  34.23kB)
    Total RW  Size (RW Data + ZI Data)             11088 (  10.83kB)
    Total ROM Size (Code + RO Data + RW Data)      35176 (  34.35kB)

==============================================================================

